I/SensorManager( 2586): Set min delay = 20000
I/SensorManager( 2586): Before sending... delay = 20000
D/Sensors ( 2586): Remain listener = hwx@41ae3040
I/Sensors ( 2586): sendDelay --- 20000000
I/SensorService( 2118): info.selectDelay() ns=20000000  
D/SensorService( 2118): SensorDevice::setDelay, Return(true 1, false 0) =  1
D/SensorManager( 2586): JNI - sendDelay
W/AlarmManager( 2118): FACTORY_ON= 0
D/STATUSBAR-NetworkController( 2250): refreshSignalCluster: data=0 bt=false
I/wpa_supplicant( 2785): nl80211: Received scan results (10 BSSes)
D/Tethering( 2118): interfaceLinkStateChanged wlan0, true
D/Tethering( 2118): interfaceStatusChanged wlan0, true
W/AlarmManager( 2118): FACTORY_ON= 0
D/dalvikvm( 2586): GC_CONCURRENT freed 945K, 19% free 12181K/14919K, paused 3ms+4ms, total 68ms
D/dalvikvm( 2586): WAIT_FOR_CONCURRENT_GC blocked 46ms
D/dalvikvm( 2586): WAIT_FOR_CONCURRENT_GC blocked 44ms
D/dalvikvm( 2586): WAIT_FOR_CONCURRENT_GC blocked 36ms
D/dalvikvm( 2586): WAIT_FOR_CONCURRENT_GC blocked 45ms
D/dalvikvm( 2586): WAIT_FOR_CONCURRENT_GC blocked 46ms
D/FirewallPolicy( 2118): getURLFilterEnabled(true)
D/FirewallPolicy( 2118): isUrlBlocked - Policy disabled
E/WifiHW  ( 2118): ##################### set firmware type 0 #####################
D/WifiStateMachine( 2118): setWifiEnabled : WifiNative.setFwType(0)
W/AlarmManager( 2118): FACTORY_ON= 0
D/WebView (26424): loadUrlImpl: called
D/webcore (26424):  CORE loadUrl: called
D/webkit  (26424): Firewall not null
D/FirewallPolicy( 2118): getURLFilterEnabled(true)
D/FirewallPolicy( 2118): isUrlBlocked - Policy disabled
D/webkit  (26424): euler: isUrlBlocked = false
D/FirewallPolicy( 2118): getURLFilterEnabled(true)
D/FirewallPolicy( 2118): isUrlBlocked - Policy disabled
I/ClipboardServiceEx( 2118): Send intent for dismiss clipboard dialog inside hideCurrentInputLocked() !
D/Geofence(26424): onLocationChanged: distance to GF backgroundrobotfactory is: 4065.1025
D/Geofence(26424): change or duck volume for track backgroundrobotfactory to:-0.52819395
D/Geofence(26424): onLocationChanged: distance to GF backgroundpwp is: 4065.1025
D/Geofence(26424): not vary volume for track backgroundpwp at default volume:0.9
D/Geofence(26424): onLocationChanged: distance to GF notificationbird is: 283039.66
D/Geofence(26424): not vary volume for track notificationbird at default volume:0.9
D/STATUSBAR-NetworkController( 2250): refreshSignalCluster: data=0 bt=false
V/AlarmManager( 2118): waitForAlarm result :4
V/AlarmManager( 2118): trigger ELAPSED_REALTIME_WAKEUP or RTC_WAKEUP
E/WifiHW  ( 2118): ##################### set firmware type 0 #####################
D/WifiStateMachine( 2118): setWifiEnabled : WifiNative.setFwType(0)
D/WifiService( 2118): startScan: false pid=2586, uid=10017
W/AlarmManager( 2118): FACTORY_ON= 0
D/SensorService( 2118): sensor was already activated for this ident
D/SensorService( 2118): SensorDevice::activating sensor handle=0 ns=20000000 
D/AKMD2   ( 2118): akm_set_delay: accel same delay = 20000000 
I/SensorService( 2118): info.selectDelay() ns=5000000  
D/SensorService( 2118): SensorDevice::setDelay, Return(true 1, false 0) =  1
D/SensorManager( 2586): registerListener :: handle = 0  name= K3DH Acceleration Sensor delay= 0 Trklfufi 9 pka@,*da/b:(
W/AlarmManager( 2118): FACTORY_ON= 0
I/wpa_supplicant( 2785): Scan requested (ret=0) - scan timeout 30 seconds
D/SensorManager( 2586): unregisterListener:: Trklfufi 9 pka@,*da/b:(
I/SensorManager( 2586): Set min delay = 20000
I/SensorManager( 2586): Before sending... delay = 20000
D/Sensors ( 2586): Remain listener = hwx@41ae3040
I/Sensors ( 2586): sendDelay --- 20000000
I/SensorService( 2118): info.selectDelay() ns=20000000  
D/SensorService( 2118): SensorDevice::setDelay, Return(true 1, false 0) =  1
D/SensorManager( 2586): JNI - sendDelay
W/AlarmManager( 2118): FACTORY_ON= 0
D/STATUSBAR-NetworkController( 2250): refreshSignalCluster: data=0 bt=false
I/wpa_supplicant( 2785): nl80211: Received scan results (11 BSSes)
D/Tethering( 2118): interfaceLinkStateChanged wlan0, true
D/Tethering( 2118): interfaceStatusChanged wlan0, true
W/AlarmManager( 2118): FACTORY_ON= 0
D/FirewallPolicy( 2118): getURLFilterEnabled(true)
D/FirewallPolicy( 2118): isUrlBlocked - Policy disabled
D/WebView (26424): loadUrlImpl: called
W/AlarmManager( 2118): FACTORY_ON= 0
D/webcore (26424):  CORE loadUrl: called
D/webkit  (26424): Firewall not null
D/FirewallPolicy( 2118): getURLFilterEnabled(true)
D/FirewallPolicy( 2118): isUrlBlocked - Policy disabled
D/webkit  (26424): euler: isUrlBlocked = false
D/FirewallPolicy( 2118): getURLFilterEnabled(true)
D/FirewallPolicy( 2118): isUrlBlocked - Policy disabled
E/WifiHW  ( 2118): ##################### set firmware type 0 #####################
D/WifiStateMachine( 2118): setWifiEnabled : WifiNative.setFwType(0)
I/ClipboardServiceEx( 2118): Send intent for dismiss clipboard dialog inside hideCurrentInputLocked() !
D/Geofence(26424): onLocationChanged: distance to GF backgroundrobotfactory is: 4065.1143
D/Geofence(26424): change or duck volume for track backgroundrobotfactory to:-0.5281944
D/Geofence(26424): onLocationChanged: distance to GF backgroundpwp is: 4065.1143
D/Geofence(26424): not vary volume for track backgroundpwp at default volume:0.9
D/Geofence(26424): onLocationChanged: distance to GF notificationbird is: 283039.66
D/Geofence(26424): not vary volume for track notificationbird at default volume:0.9
W/SignalStrength( 2118): getGsmLevel=3
W/SignalStrength( 2118): getLevel=3 (SignalStrength: 10 -1 -1 -1 -1 -1 -1 -1 -1 -1 -1 -1 gsm|lte 3)
W/SignalStrength( 2250): getGsmLevel=3
W/SignalStrength( 2250): getLevel=3 (SignalStrength: 10 -1 -1 -1 -1 -1 -1 -1 -1 -1 -1 -1 gsm|lte 3)
W/SignalStrength( 2250): getGsmLevel=3
W/SignalStrength( 2250): getLevel=3 (SignalStrength: 10 -1 -1 -1 -1 -1 -1 -1 -1 -1 -1 -1 gsm|lte 3)
D/STATUSBAR-NetworkController( 2250): onSignalStrengthsChanged signalStrength=SignalStrength: 10 -1 -1 -1 -1 -1 -1 -1 -1 -1 -1 -1 gsm|lte 3 level=3
W/SignalStrength( 2118): getGsmDbm=-93
W/SignalStrength( 2118): getDbm=-93
W/SignalStrength( 2118): getGsmAsuLevel=10
W/SignalStrength( 2118): getAsuLevel=10
W/AlarmManager( 2118): FACTORY_ON= 0
D/dalvikvm( 2586): GC_CONCURRENT freed 894K, 19% free 12182K/14919K, paused 12ms+11ms, total 86ms
D/STATUSBAR-NetworkController( 2250): refreshSignalCluster: data=0 bt=false
V/AlarmManager( 2118): waitForAlarm result :4
V/AlarmManager( 2118): trigger ELAPSED_REALTIME_WAKEUP or RTC_WAKEUP
E/WifiHW  ( 2118): ##################### set firmware type 0 #####################
D/WifiStateMachine( 2118): setWifiEnabled : WifiNative.setFwType(0)
D/WifiService( 2118): startScan: false pid=2586, uid=10017
W/AlarmManager( 2118): FACTORY_ON= 0
I/wpa_supplicant( 2785): Scan requested (ret=0) - scan timeout 30 seconds
D/SensorService( 2118): sensor was already activated for this ident
D/SensorService( 2118): SensorDevice::activating sensor handle=0 ns=20000000 
D/AKMD2   ( 2118): akm_set_delay: accel same delay = 20000000 
I/SensorService( 2118): info.selectDelay() ns=5000000  
D/SensorService( 2118): SensorDevice::setDelay, Return(true 1, false 0) =  1
D/SensorManager( 2586): registerListener :: handle = 0  name= K3DH Acceleration Sensor delay= 0 Trklfufi 9 pka@,*df-)+8
W/AlarmManager( 2118): FACTORY_ON= 0
W/SignalStrength( 2118): getGsmLevel=2
W/SignalStrength( 2250): getGsmLevel=2
W/AlarmManager( 2118): FACTORY_ON= 0
W/SignalStrength( 2250): getLevel=2 (SignalStrength: 10 -1 -1 -1 -1 -1 -1 -1 -1 -1 -1 -1 gsm|lte 2)
W/SignalStrength( 2250): getGsmLevel=2
W/SignalStrength( 2250): getLevel=2 (SignalStrength: 10 -1 -1 -1 -1 -1 -1 -1 -1 -1 -1 -1 gsm|lte 2)
D/STATUSBAR-NetworkController( 2250): onSignalStrengthsChanged signalStrength=SignalStrength: 10 -1 -1 -1 -1 -1 -1 -1 -1 -1 -1 -1 gsm|lte 2 level=2
W/SignalStrength( 2118): getLevel=2 (SignalStrength: 10 -1 -1 -1 -1 -1 -1 -1 -1 -1 -1 -1 gsm|lte 2)
D/STATUSBAR-NetworkController( 2250): refreshSignalCluster: data=0 bt=false
W/SignalStrength( 2118): getGsmDbm=-93
W/SignalStrength( 2118): getDbm=-93
W/SignalStrength( 2118): getGsmAsuLevel=10
W/SignalStrength( 2118): getAsuLevel=10
W/SignalStrength( 2118): getGsmLevel=2
W/AlarmManager( 2118): FACTORY_ON= 0
W/SignalStrength( 2118): getLevel=2 (SignalStrength: 9 -1 -1 -1 -1 -1 -1 -1 -1 -1 -1 -1 gsm|lte 2)
W/SignalStrength( 2118): getGsmDbm=-95
W/SignalStrength( 2118): getDbm=-95
W/SignalStrength( 2118): getGsmAsuLevel=9
W/SignalStrength( 2118): getAsuLevel=9
W/SignalStrength( 2250): getGsmLevel=2
W/SignalStrength( 2250): getLevel=2 (SignalStrength: 9 -1 -1 -1 -1 -1 -1 -1 -1 -1 -1 -1 gsm|lte 2)
W/SignalStrength( 2250): getGsmLevel=2
W/SignalStrength( 2250): getLevel=2 (SignalStrength: 9 -1 -1 -1 -1 -1 -1 -1 -1 -1 -1 -1 gsm|lte 2)
D/STATUSBAR-NetworkController( 2250): onSignalStrengthsChanged signalStrength=SignalStrength: 9 -1 -1 -1 -1 -1 -1 -1 -1 -1 -1 -1 gsm|lte 2 level=2
D/SensorManager( 2586): unregisterListener:: Trklfufi 9 pka@,*df-)+8
I/SensorManager( 2586): Set min delay = 20000
I/SensorManager( 2586): Before sending... delay = 20000
D/Sensors ( 2586): Remain listener = hwx@41ae3040
I/Sensors ( 2586): sendDelay --- 20000000
I/SensorService( 2118): info.selectDelay() ns=20000000  
D/SensorService( 2118): SensorDevice::setDelay, Return(true 1, false 0) =  1
D/SensorManager( 2586): JNI - sendDelay
W/AlarmManager( 2118): FACTORY_ON= 0
D/STATUSBAR-NetworkController( 2250): refreshSignalCluster: data=0 bt=false
I/wpa_supplicant( 2785): nl80211: Received scan results (11 BSSes)
D/Tethering( 2118): interfaceLinkStateChanged wlan0, true
D/Tethering( 2118): interfaceStatusChanged wlan0, true
W/AlarmManager( 2118): FACTORY_ON= 0
D/FirewallPolicy( 2118): getURLFilterEnabled(true)
D/FirewallPolicy( 2118): isUrlBlocked - Policy disabled
D/WebView (26424): loadUrlImpl: called
D/webcore (26424):  CORE loadUrl: called
D/webkit  (26424): Firewall not null
D/FirewallPolicy( 2118): getURLFilterEnabled(true)
D/FirewallPolicy( 2118): isUrlBlocked - Policy disabled
D/webkit  (26424): euler: isUrlBlocked = false
D/FirewallPolicy( 2118): getURLFilterEnabled(true)
D/FirewallPolicy( 2118): isUrlBlocked - Policy disabled
D/Geofence(26424): onLocationChanged: distance to GF backgroundrobotfactory is: 4065.1357
D/Geofence(26424): change or duck volume for track backgroundrobotfactory to:-0.5281954
D/Geofence(26424): onLocationChanged: distance to GF backgroundpwp is: 4065.1357
D/Geofence(26424): not vary volume for track backgroundpwp at default volume:0.9
D/Geofence(26424): onLocationChanged: distance to GF notificationbird is: 283039.63
D/Geofence(26424): not vary volume for track notificationbird at default volume:0.9
W/AlarmManager( 2118): FACTORY_ON= 0
E/WifiHW  ( 2118): ##################### set firmware type 0 #####################
D/WifiStateMachine( 2118): setWifiEnabled : WifiNative.setFwType(0)
I/ClipboardServiceEx( 2118): Send intent for dismiss clipboard dialog inside hideCurrentInputLocked() !
D/dalvikvm( 2586): GC_CONCURRENT freed 904K, 19% free 12180K/14919K, paused 12ms+3ms, total 80ms
D/STATUSBAR-NetworkController( 2250): refreshSignalCluster: data=0 bt=false
V/AlarmManager( 2118): waitForAlarm result :4
V/AlarmManager( 2118): trigger ELAPSED_REALTIME_WAKEUP or RTC_WAKEUP
E/WifiHW  ( 2118): ##################### set firmware type 0 #####################
D/WifiStateMachine( 2118): setWifiEnabled : WifiNative.setFwType(0)
D/WifiService( 2118): startScan: false pid=2586, uid=10017
W/AlarmManager( 2118): FACTORY_ON= 0
I/wpa_supplicant( 2785): Scan requested (ret=0) - scan timeout 30 seconds
D/dalvikvm( 2586): WAIT_FOR_CONCURRENT_GC blocked 0ms
D/dalvikvm( 2586): GC_EXPLICIT freed 17K, 19% free 12173K/14919K, paused 13ms+4ms, total 73ms
D/SensorService( 2118): sensor was already activated for this ident
D/SensorService( 2118): SensorDevice::activating sensor handle=0 ns=20000000 
D/AKMD2   ( 2118): akm_set_delay: accel same delay = 20000000 
I/SensorService( 2118): info.selectDelay() ns=5000000  
D/SensorService( 2118): SensorDevice::setDelay, Return(true 1, false 0) =  1
D/SensorManager( 2586): registerListener :: handle = 0  name= K3DH Acceleration Sensor delay= 0 Trklfufi 9 pka@,*dd))+(
W/AlarmManager( 2118): FACTORY_ON= 0
W/SignalStrength( 2118): getGsmLevel=2
W/SignalStrength( 2118): getLevel=2 (SignalStrength: 7 -1 -1 -1 -1 -1 -1 -1 -1 -1 -1 -1 gsm|lte 2)
W/SignalStrength( 2250): getGsmLevel=2
W/SignalStrength( 2250): getLevel=2 (SignalStrength: 7 -1 -1 -1 -1 -1 -1 -1 -1 -1 -1 -1 gsm|lte 2)
W/SignalStrength( 2250): getGsmLevel=2
W/AlarmManager( 2118): FACTORY_ON= 0
D/STATUSBAR-NetworkController( 2250): onSignalStrengthsChanged signalStrength=SignalStrength: 7 -1 -1 -1 -1 -1 -1 -1 -1 -1 -1 -1 gsm|lte 2 level=2
W/SignalStrength( 2250): getLevel=2 (SignalStrength: 7 -1 -1 -1 -1 -1 -1 -1 -1 -1 -1 -1 gsm|lte 2)
W/SignalStrength( 2118): getGsmDbm=-99
W/SignalStrength( 2118): getDbm=-99
W/SignalStrength( 2118): getGsmAsuLevel=7
W/SignalStrength( 2118): getAsuLevel=7
W/SignalStrength( 2118): getGsmLevel=1
W/SignalStrength( 2250): getGsmLevel=1
W/AlarmManager( 2118): FACTORY_ON= 0
W/SignalStrength( 2250): getLevel=1 (SignalStrength: 7 -1 -1 -1 -1 -1 -1 -1 -1 -1 -1 -1 gsm|lte 1)
D/STATUSBAR-NetworkController( 2250): onSignalStrengthsChanged signalStrength=SignalStrength: 7 -1 -1 -1 -1 -1 -1 -1 -1 -1 -1 -1 gsm|lte 1 level=1
W/SignalStrength( 2250): getGsmLevel=1
W/SignalStrength( 2250): getLevel=1 (SignalStrength: 7 -1 -1 -1 -1 -1 -1 -1 -1 -1 -1 -1 gsm|lte 1)
W/SignalStrength( 2118): getLevel=1 (SignalStrength: 7 -1 -1 -1 -1 -1 -1 -1 -1 -1 -1 -1 gsm|lte 1)
D/STATUSBAR-NetworkController( 2250): refreshSignalCluster: data=0 bt=false
W/SignalStrength( 2118): getGsmDbm=-99
W/SignalStrength( 2118): getDbm=-99
W/SignalStrength( 2118): getGsmAsuLevel=7
W/SignalStrength( 2118): getAsuLevel=7
D/SensorManager( 2586): unregisterListener:: Trklfufi 9 pka@,*dd))+(
I/SensorManager( 2586): Set min delay = 20000
I/SensorManager( 2586): Before sending... delay = 20000
D/Sensors ( 2586): Remain listener = hwx@41ae3040
I/Sensors ( 2586): sendDelay --- 20000000
I/SensorService( 2118): info.selectDelay() ns=20000000  
D/SensorService( 2118): SensorDevice::setDelay, Return(true 1, false 0) =  1
D/SensorManager( 2586): JNI - sendDelay
W/AlarmManager( 2118): FACTORY_ON= 0
W/AlarmManager( 2118): FACTORY_ON= 0
D/STATUSBAR-NetworkController( 2250): refreshSignalCluster: data=0 bt=false
I/wpa_supplicant( 2785): nl80211: Received scan results (10 BSSes)
D/Tethering( 2118): interfaceLinkStateChanged wlan0, true
D/Tethering( 2118): interfaceStatusChanged wlan0, true
W/AlarmManager( 2118): FACTORY_ON= 0
D/FirewallPolicy( 2118): getURLFilterEnabled(true)
D/FirewallPolicy( 2118): isUrlBlocked - Policy disabled
D/WebView (26424): loadUrlImpl: called
D/webcore (26424):  CORE loadUrl: called
D/webkit  (26424): Firewall not null
D/FirewallPolicy( 2118): getURLFilterEnabled(true)
D/FirewallPolicy( 2118): isUrlBlocked - Policy disabled
D/webkit  (26424): euler: isUrlBlocked = false
D/FirewallPolicy( 2118): getURLFilterEnabled(true)
D/FirewallPolicy( 2118): isUrlBlocked - Policy disabled
W/AlarmManager( 2118): FACTORY_ON= 0
E/WifiHW  ( 2118): ##################### set firmware type 0 #####################
D/WifiStateMachine( 2118): setWifiEnabled : WifiNative.setFwType(0)
D/Geofence(26424): onLocationChanged: distance to GF backgroundrobotfactory is: 4065.1455
D/Geofence(26424): change or duck volume for track backgroundrobotfactory to:-0.52819586
D/Geofence(26424): onLocationChanged: distance to GF backgroundpwp is: 4065.1455
D/Geofence(26424): not vary volume for track backgroundpwp at default volume:0.9
D/Geofence(26424): onLocationChanged: distance to GF notificationbird is: 283039.63
D/Geofence(26424): not vary volume for track notificationbird at default volume:0.9
I/ClipboardServiceEx( 2118): Send intent for dismiss clipboard dialog inside hideCurrentInputLocked() !
D/dalvikvm( 2586): GC_CONCURRENT freed 926K, 19% free 12183K/14919K, paused 21ms+4ms, total 124ms
D/STATUSBAR-NetworkController( 2250): refreshSignalCluster: data=0 bt=false
W/SignalStrength( 2118): getGsmLevel=2
E/Watchdog( 2118): !@Sync 2530
W/SignalStrength( 2250): getGsmLevel=2
W/AlarmManager( 2118): FACTORY_ON= 0
W/SignalStrength( 2250): getLevel=2 (SignalStrength: 7 -1 -1 -1 -1 -1 -1 -1 -1 -1 -1 -1 gsm|lte 2)
D/STATUSBAR-NetworkController( 2250): onSignalStrengthsChanged signalStrength=SignalStrength: 7 -1 -1 -1 -1 -1 -1 -1 -1 -1 -1 -1 gsm|lte 2 level=2
W/SignalStrength( 2250): getGsmLevel=2
W/SignalStrength( 2250): getLevel=2 (SignalStrength: 7 -1 -1 -1 -1 -1 -1 -1 -1 -1 -1 -1 gsm|lte 2)
W/SignalStrength( 2118): getLevel=2 (SignalStrength: 7 -1 -1 -1 -1 -1 -1 -1 -1 -1 -1 -1 gsm|lte 2)
D/STATUSBAR-NetworkController( 2250): refreshSignalCluster: data=0 bt=false
W/SignalStrength( 2118): getGsmDbm=-99
W/SignalStrength( 2118): getDbm=-99
W/SignalStrength( 2118): getGsmAsuLevel=7
W/SignalStrength( 2118): getAsuLevel=7
V/AlarmManager( 2118): waitForAlarm result :4
V/AlarmManager( 2118): trigger ELAPSED_REALTIME_WAKEUP or RTC_WAKEUP
E/WifiHW  ( 2118): ##################### set firmware type 0 #####################
D/WifiStateMachine( 2118): setWifiEnabled : WifiNative.setFwType(0)
D/WifiService( 2118): startScan: false pid=2586, uid=10017
W/AlarmManager( 2118): FACTORY_ON= 0
I/wpa_supplicant( 2785): Scan requested (ret=0) - scan timeout 30 seconds
D/SensorService( 2118): sensor was already activated for this ident
D/SensorService( 2118): SensorDevice::activating sensor handle=0 ns=20000000 
D/AKMD2   ( 2118): akm_set_delay: accel same delay = 20000000 
I/SensorService( 2118): info.selectDelay() ns=5000000  
D/SensorService( 2118): SensorDevice::setDelay, Return(true 1, false 0) =  1
D/SensorManager( 2586): registerListener :: handle = 0  name= K3DH Acceleration Sensor delay= 0 Trklfufi 9 pka@,*dcefe(
W/AlarmManager( 2118): FACTORY_ON= 0
V/AlarmManager( 2118): waitForAlarm result :8
V/AlarmManager( 2118): ClockReceiver onReceive() ACTION_TIME_TICK
W/AlarmManager( 2118): FACTORY_ON= 0
D/STATUSBAR-Clock( 2250): onReceive() - ACTION_TIME_TICK
D/STATUSBAR-Clock( 2250): onReceive() - ACTION_TIME_TICK
D/widget  ( 2408): [MSC_HERO_Accu_JB]>>> SM:1288 [0:0] bTCC WCV = 200
D/widget  ( 2408): [MSC_HERO_Accu_JB]>>> WC:1691 [0:0] drw 2nd Tm dt = 1652
D/ClockAlarmWidgetService(25159): [ClockAlarmWidgetService] onReceive: action = android.intent.action.TIME_TICK
E/ClockAlarmWidget(25159): [AlarmWidgetIdManager] getListItem() : itemIndex=0, widgetID:1
E/ClockAlarmWidget(25159): [AlarmWidgetIdManager] getListItem() : ItemIndex exceed ListItemCount. itemIndex=1
E/ClockAlarmWidget(25159): [AlarmWidgetIdManager] getListItem() : itemIndex=1, widgetID:1
D/ClockAlarmDataProvider(25159): getAlarm() - too many same ID alarm data. nCount: 0
W/SignalStrength( 2250): getGsmLevel=2
W/SignalStrength( 2250): getLevel=2 (SignalStrength: 8 -1 -1 -1 -1 -1 -1 -1 -1 -1 -1 -1 gsm|lte 2)
W/SignalStrength( 2250): getGsmLevel=2
W/SignalStrength( 2250): getLevel=2 (SignalStrength: 8 -1 -1 -1 -1 -1 -1 -1 -1 -1 -1 -1 gsm|lte 2)
D/STATUSBAR-NetworkController( 2250): onSignalStrengthsChanged signalStrength=SignalStrength: 8 -1 -1 -1 -1 -1 -1 -1 -1 -1 -1 -1 gsm|lte 2 level=2
W/SignalStrength( 2118): getGsmLevel=2
W/AlarmManager( 2118): FACTORY_ON= 0
W/SignalStrength( 2118): getLevel=2 (SignalStrength: 8 -1 -1 -1 -1 -1 -1 -1 -1 -1 -1 -1 gsm|lte 2)
W/SignalStrength( 2118): getGsmDbm=-97
W/SignalStrength( 2118): getDbm=-97
W/SignalStrength( 2118): getGsmAsuLevel=8
W/SignalStrength( 2118): getAsuLevel=8
D/SensorManager( 2586): unregisterListener:: Trklfufi 9 pka@,*dcefe(
I/SensorManager( 2586): Set min delay = 20000
I/SensorManager( 2586): Before sending... delay = 20000
D/Sensors ( 2586): Remain listener = hwx@41ae3040
I/Sensors ( 2586): sendDelay --- 20000000
I/SensorService( 2118): info.selectDelay() ns=20000000  
D/SensorService( 2118): SensorDevice::setDelay, Return(true 1, false 0) =  1
D/SensorManager( 2586): JNI - sendDelay
W/AlarmManager( 2118): FACTORY_ON= 0
W/AlarmManager( 2118): FACTORY_ON= 0
D/STATUSBAR-NetworkController( 2250): refreshSignalCluster: data=0 bt=false
I/wpa_supplicant( 2785): nl80211: Received scan results (11 BSSes)
D/Tethering( 2118): interfaceLinkStateChanged wlan0, true
D/Tethering( 2118): interfaceStatusChanged wlan0, true
W/AlarmManager( 2118): FACTORY_ON= 0
D/dalvikvm( 2586): GC_CONCURRENT freed 941K, 19% free 12190K/14919K, paused 4ms+5ms, total 92ms
D/dalvikvm( 2586): WAIT_FOR_CONCURRENT_GC blocked 67ms
D/dalvikvm( 2586): WAIT_FOR_CONCURRENT_GC blocked 52ms
D/dalvikvm( 2586): WAIT_FOR_CONCURRENT_GC blocked 68ms
D/dalvikvm( 2586): WAIT_FOR_CONCURRENT_GC blocked 69ms
E/WifiHW  ( 2118): ##################### set firmware type 0 #####################
D/WifiStateMachine( 2118): setWifiEnabled : WifiNative.setFwType(0)
W/AlarmManager( 2118): FACTORY_ON= 0
D/FirewallPolicy( 2118): getURLFilterEnabled(true)
D/FirewallPolicy( 2118): isUrlBlocked - Policy disabled
D/WebView (26424): loadUrlImpl: called
D/webcore (26424):  CORE loadUrl: called
D/webkit  (26424): Firewall not null
D/FirewallPolicy( 2118): getURLFilterEnabled(true)
D/FirewallPolicy( 2118): isUrlBlocked - Policy disabled
D/webkit  (26424): euler: isUrlBlocked = false
D/FirewallPolicy( 2118): getURLFilterEnabled(true)
D/FirewallPolicy( 2118): isUrlBlocked - Policy disabled
D/Geofence(26424): onLocationChanged: distance to GF backgroundrobotfactory is: 4065.153
D/Geofence(26424): change or duck volume for track backgroundrobotfactory to:-0.5281962
D/Geofence(26424): onLocationChanged: distance to GF backgroundpwp is: 4065.153
D/Geofence(26424): not vary volume for track backgroundpwp at default volume:0.9
D/Geofence(26424): onLocationChanged: distance to GF notificationbird is: 283039.63
D/Geofence(26424): not vary volume for track notificationbird at default volume:0.9
I/ClipboardServiceEx( 2118): Send intent for dismiss clipboard dialog inside hideCurrentInputLocked() !
D/STATUSBAR-NetworkController( 2250): refreshSignalCluster: data=0 bt=false
V/AlarmManager( 2118): waitForAlarm result :4
V/AlarmManager( 2118): trigger ELAPSED_REALTIME_WAKEUP or RTC_WAKEUP
E/WifiHW  ( 2118): ##################### set firmware type 0 #####################
D/WifiStateMachine( 2118): setWifiEnabled : WifiNative.setFwType(0)
D/WifiService( 2118): startScan: false pid=2586, uid=10017
W/AlarmManager( 2118): FACTORY_ON= 0
I/wpa_supplicant( 2785): Scan requested (ret=0) - scan timeout 30 seconds
D/SensorService( 2118): sensor was already activated for this ident
D/SensorService( 2118): SensorDevice::activating sensor handle=0 ns=20000000 
D/AKMD2   ( 2118): akm_set_delay: accel same delay = 20000000 
I/SensorService( 2118): info.selectDelay() ns=5000000  
D/SensorService( 2118): SensorDevice::setDelay, Return(true 1, false 0) =  1
D/SensorManager( 2586): registerListener :: handle = 0  name= K3DH Acceleration Sensor delay= 0 Trklfufi 9 pka@,*a+.+-8
W/AlarmManager( 2118): FACTORY_ON= 0
D/SensorManager( 2586): unregisterListener:: Trklfufi 9 pka@,*a+.+-8
I/SensorManager( 2586): Set min delay = 20000
I/SensorManager( 2586): Before sending... delay = 20000
D/Sensors ( 2586): Remain listener = hwx@41ae3040
I/Sensors ( 2586): sendDelay --- 20000000
I/SensorService( 2118): info.selectDelay() ns=20000000  
D/SensorService( 2118): SensorDevice::setDelay, Return(true 1, false 0) =  1
D/SensorManager( 2586): JNI - sendDelay
W/AlarmManager( 2118): FACTORY_ON= 0
W/AlarmManager( 2118): FACTORY_ON= 0
D/STATUSBAR-NetworkController( 2250): refreshSignalCluster: data=0 bt=false
I/wpa_supplicant( 2785): nl80211: Received scan results (10 BSSes)
D/Tethering( 2118): interfaceLinkStateChanged wlan0, true
D/Tethering( 2118): interfaceStatusChanged wlan0, true
W/AlarmManager( 2118): FACTORY_ON= 0
D/FirewallPolicy( 2118): getURLFilterEnabled(true)
D/FirewallPolicy( 2118): isUrlBlocked - Policy disabled
D/WebView (26424): loadUrlImpl: called
D/webcore (26424):  CORE loadUrl: called
D/webkit  (26424): Firewall not null
D/FirewallPolicy( 2118): getURLFilterEnabled(true)
D/FirewallPolicy( 2118): isUrlBlocked - Policy disabled
D/webkit  (26424): euler: isUrlBlocked = false
D/FirewallPolicy( 2118): getURLFilterEnabled(true)
D/FirewallPolicy( 2118): isUrlBlocked - Policy disabled
W/AlarmManager( 2118): FACTORY_ON= 0
E/WifiHW  ( 2118): ##################### set firmware type 0 #####################
D/WifiStateMachine( 2118): setWifiEnabled : WifiNative.setFwType(0)
D/Geofence(26424): onLocationChanged: distance to GF backgroundrobotfactory is: 4065.1394
D/Geofence(26424): change or duck volume for track backgroundrobotfactory to:-0.5281956
D/Geofence(26424): onLocationChanged: distance to GF backgroundpwp is: 4065.1394
D/Geofence(26424): not vary volume for track backgroundpwp at default volume:0.9
D/Geofence(26424): onLocationChanged: distance to GF notificationbird is: 283039.66
D/Geofence(26424): not vary volume for track notificationbird at default volume:0.9
I/ClipboardServiceEx( 2118): Send intent for dismiss clipboard dialog inside hideCurrentInputLocked() !
D/dalvikvm( 2586): GC_CONCURRENT freed 901K, 19% free 12190K/14919K, paused 58ms+3ms, total 127ms
D/STATUSBAR-NetworkController( 2250): refreshSignalCluster: data=0 bt=false
V/AlarmManager( 2118): waitForAlarm result :4
V/AlarmManager( 2118): trigger ELAPSED_REALTIME_WAKEUP or RTC_WAKEUP
D/dalvikvm( 2118): WAIT_FOR_CONCURRENT_GC blocked 0ms
D/dalvikvm( 2118): GC_EXPLICIT freed 1186K, 31% free 24542K/35335K, paused 21ms+15ms, total 196ms
E/WifiHW  ( 2118): ##################### set firmware type 0 #####################
D/WifiStateMachine( 2118): setWifiEnabled : WifiNative.setFwType(0)
D/WifiService( 2118): startScan: false pid=2586, uid=10017
W/AlarmManager( 2118): FACTORY_ON= 0
D/SensorService( 2118): sensor was already activated for this ident
D/SensorService( 2118): SensorDevice::activating sensor handle=0 ns=20000000 
I/wpa_supplicant( 2785): Scan requested (ret=0) - scan timeout 30 seconds
D/AKMD2   ( 2118): akm_set_delay: accel same delay = 20000000 
I/SensorService( 2118): info.selectDelay() ns=5000000  
D/SensorService( 2118): SensorDevice::setDelay, Return(true 1, false 0) =  1
D/SensorManager( 2586): registerListener :: handle = 0  name= K3DH Acceleration Sensor delay= 0 Trklfufi 9 pka@,*dee/:8
W/AlarmManager( 2118): FACTORY_ON= 0
D/SensorManager( 2586): unregisterListener:: Trklfufi 9 pka@,*dee/:8
I/SensorManager( 2586): Set min delay = 20000
I/SensorManager( 2586): Before sending... delay = 20000
D/Sensors ( 2586): Remain listener = hwx@41ae3040
I/Sensors ( 2586): sendDelay --- 20000000
I/SensorService( 2118): info.selectDelay() ns=20000000  
D/SensorService( 2118): SensorDevice::setDelay, Return(true 1, false 0) =  1
D/SensorManager( 2586): JNI - sendDelay
W/AlarmManager( 2118): FACTORY_ON= 0
W/AlarmManager( 2118): FACTORY_ON= 0
D/STATUSBAR-NetworkController( 2250): refreshSignalCluster: data=0 bt=false
D/BatteryService( 2118): update start
D/BatteryService( 2118): level:98 scale:100 status:2 health:2 present:true voltage: 4141 temperature: 360 technology: Li-ion AC powered:false USB powered:true icon:17303239 invalid charger:0
D/STATUSBAR-BatteryController( 2250): onReceive() - ACTION_BATTERY_CHANGED
D/STATUSBAR-BatteryController( 2250): onReceive() - level:98
D/STATUSBAR-BatteryController( 2250): onReceive() - plugged:2
D/STATUSBAR-BatteryController( 2250): onReceive() - BATTERY_STATUS_CHARGING:
D/STATUSBAR-PhoneStatusBar( 2250): ACTION_BATTERY_CHANGED
W/AlarmManager( 2118): FACTORY_ON= 0
D/STATUSBAR-PhoneStatusBar( 2250): NORMAL_BATTERY
E/MtpService(21342): In MTPAPP onReceive:android.intent.action.BATTERY_CHANGED
E/MtpService(21342): battPlugged Type : 2
I/wpa_supplicant( 2785): nl80211: Received scan results (10 BSSes)
D/Tethering( 2118): interfaceLinkStateChanged wlan0, true
D/Tethering( 2118): interfaceStatusChanged wlan0, true
W/AlarmManager( 2118): FACTORY_ON= 0
D/FirewallPolicy( 2118): getURLFilterEnabled(true)
D/FirewallPolicy( 2118): isUrlBlocked - Policy disabled
D/WebView (26424): loadUrlImpl: called
D/webcore (26424):  CORE loadUrl: called
D/webkit  (26424): Firewall not null
D/FirewallPolicy( 2118): getURLFilterEnabled(true)
D/FirewallPolicy( 2118): isUrlBlocked - Policy disabled
D/webkit  (26424): euler: isUrlBlocked = false
D/FirewallPolicy( 2118): getURLFilterEnabled(true)
D/FirewallPolicy( 2118): isUrlBlocked - Policy disabled
W/AlarmManager( 2118): FACTORY_ON= 0
D/Geofence(26424): onLocationChanged: distance to GF backgroundrobotfactory is: 4065.145
D/Geofence(26424): change or duck volume for track backgroundrobotfactory to:-0.52819586
I/ClipboardServiceEx( 2118): Send intent for dismiss clipboard dialog inside hideCurrentInputLocked() !
D/Geofence(26424): onLocationChanged: distance to GF backgroundpwp is: 4065.145
D/Geofence(26424): not vary volume for track backgroundpwp at default volume:0.9
D/Geofence(26424): onLocationChanged: distance to GF notificationbird is: 283039.66
D/Geofence(26424): not vary volume for track notificationbird at default volume:0.9
E/WifiHW  ( 2118): ##################### set firmware type 0 #####################
D/WifiStateMachine( 2118): setWifiEnabled : WifiNative.setFwType(0)
D/dalvikvm( 2586): GC_CONCURRENT freed 922K, 19% free 12203K/14919K, paused 14ms+3ms, total 100ms
I/GCoreUlr( 2586): Successfully inserted location
I/GCoreUlr( 2586): Not calling LocationReportingService, hasMoved: false, elapsed millis: 1363902, request: Phone
D/STATUSBAR-NetworkController( 2250): refreshSignalCluster: data=0 bt=false
V/AlarmManager( 2118): waitForAlarm result :4
V/AlarmManager( 2118): trigger ELAPSED_REALTIME_WAKEUP or RTC_WAKEUP
E/WifiHW  ( 2118): ##################### set firmware type 0 #####################
D/WifiStateMachine( 2118): setWifiEnabled : WifiNative.setFwType(0)
D/WifiService( 2118): startScan: false pid=2586, uid=10017
W/AlarmManager( 2118): FACTORY_ON= 0
I/wpa_supplicant( 2785): Scan requested (ret=0) - scan timeout 30 seconds
D/SensorService( 2118): sensor was already activated for this ident
D/SensorService( 2118): SensorDevice::activating sensor handle=0 ns=20000000 
D/AKMD2   ( 2118): akm_set_delay: accel same delay = 20000000 
I/SensorService( 2118): info.selectDelay() ns=5000000  
D/SensorService( 2118): SensorDevice::setDelay, Return(true 1, false 0) =  1
D/SensorManager( 2586): registerListener :: handle = 0  name= K3DH Acceleration Sensor delay= 0 Trklfufi 9 pka@,*d8fe.(
W/AlarmManager( 2118): FACTORY_ON= 0
D/SensorManager( 2586): unregisterListener:: Trklfufi 9 pka@,*d8fe.(
I/SensorManager( 2586): Set min delay = 20000
I/SensorManager( 2586): Before sending... delay = 20000
D/Sensors ( 2586): Remain listener = hwx@41ae3040
I/Sensors ( 2586): sendDelay --- 20000000
I/SensorService( 2118): info.selectDelay() ns=20000000  
D/SensorService( 2118): SensorDevice::setDelay, Return(true 1, false 0) =  1
D/SensorManager( 2586): JNI - sendDelay
D/STATUSBAR-NetworkController( 2250): refreshSignalCluster: data=0 bt=false
W/AlarmManager( 2118): FACTORY_ON= 0
W/AlarmManager( 2118): FACTORY_ON= 0
I/wpa_supplicant( 2785): nl80211: Received scan results (10 BSSes)
D/Tethering( 2118): interfaceLinkStateChanged wlan0, true
D/Tethering( 2118): interfaceStatusChanged wlan0, true
W/AlarmManager( 2118): FACTORY_ON= 0
W/AlarmManager( 2118): FACTORY_ON= 0
D/FirewallPolicy( 2118): getURLFilterEnabled(true)
D/FirewallPolicy( 2118): isUrlBlocked - Policy disabled
D/WebView (26424): loadUrlImpl: called
D/webcore (26424):  CORE loadUrl: called
D/webkit  (26424): Firewall not null
D/FirewallPolicy( 2118): getURLFilterEnabled(true)
D/FirewallPolicy( 2118): isUrlBlocked - Policy disabled
D/webkit  (26424): euler: isUrlBlocked = false
E/WifiHW  ( 2118): ##################### set firmware type 0 #####################
D/WifiStateMachine( 2118): setWifiEnabled : WifiNative.setFwType(0)
D/FirewallPolicy( 2118): getURLFilterEnabled(true)
D/FirewallPolicy( 2118): isUrlBlocked - Policy disabled
I/ClipboardServiceEx( 2118): Send intent for dismiss clipboard dialog inside hideCurrentInputLocked() !
D/Geofence(26424): onLocationChanged: distance to GF backgroundrobotfactory is: 4065.155
D/Geofence(26424): change or duck volume for track backgroundrobotfactory to:-0.52819633
D/Geofence(26424): onLocationChanged: distance to GF backgroundpwp is: 4065.155
D/Geofence(26424): not vary volume for track backgroundpwp at default volume:0.9
D/Geofence(26424): onLocationChanged: distance to GF notificationbird is: 283039.66
D/Geofence(26424): not vary volume for track notificationbird at default volume:0.9
D/dalvikvm( 2586): GC_CONCURRENT freed 938K, 19% free 12189K/14919K, paused 13ms+5ms, total 77ms
D/STATUSBAR-NetworkController( 2250): refreshSignalCluster: data=0 bt=false
V/AlarmManager( 2118): waitForAlarm result :4
V/AlarmManager( 2118): trigger ELAPSED_REALTIME_WAKEUP or RTC_WAKEUP
E/WifiHW  ( 2118): ##################### set firmware type 0 #####################
D/WifiStateMachine( 2118): setWifiEnabled : WifiNative.setFwType(0)
D/WifiService( 2118): startScan: false pid=2586, uid=10017
W/AlarmManager( 2118): FACTORY_ON= 0
I/wpa_supplicant( 2785): Scan requested (ret=0) - scan timeout 30 seconds
D/SensorService( 2118): sensor was already activated for this ident
D/SensorService( 2118): SensorDevice::activating sensor handle=0 ns=20000000 
D/AKMD2   ( 2118): akm_set_delay: accel same delay = 20000000 
I/SensorService( 2118): info.selectDelay() ns=5000000  
D/SensorService( 2118): SensorDevice::setDelay, Return(true 1, false 0) =  1
D/SensorManager( 2586): registerListener :: handle = 0  name= K3DH Acceleration Sensor delay= 0 Trklfufi 9 pka@,*ddf8.8
W/AlarmManager( 2118): FACTORY_ON= 0
W/SignalStrength( 2250): getGsmLevel=3
W/AlarmManager( 2118): FACTORY_ON= 0
W/SignalStrength( 2250): getLevel=3 (SignalStrength: 8 -1 -1 -1 -1 -1 -1 -1 -1 -1 -1 -1 gsm|lte 3)
D/STATUSBAR-NetworkController( 2250): onSignalStrengthsChanged signalStrength=SignalStrength: 8 -1 -1 -1 -1 -1 -1 -1 -1 -1 -1 -1 gsm|lte 3 level=3
W/SignalStrength( 2250): getGsmLevel=3
W/SignalStrength( 2250): getLevel=3 (SignalStrength: 8 -1 -1 -1 -1 -1 -1 -1 -1 -1 -1 -1 gsm|lte 3)
W/SignalStrength( 2118): getGsmLevel=3
D/STATUSBAR-NetworkController( 2250): refreshSignalCluster: data=0 bt=false
W/SignalStrength( 2118): getLevel=3 (SignalStrength: 8 -1 -1 -1 -1 -1 -1 -1 -1 -1 -1 -1 gsm|lte 3)
W/SignalStrength( 2118): getGsmDbm=-97
W/SignalStrength( 2118): getDbm=-97
W/SignalStrength( 2118): getGsmAsuLevel=8
W/SignalStrength( 2118): getAsuLevel=8
W/AlarmManager( 2118): FACTORY_ON= 0
W/SignalStrength( 2118): getGsmLevel=3
W/SignalStrength( 2118): getLevel=3 (SignalStrength: 9 -1 -1 -1 -1 -1 -1 -1 -1 -1 -1 -1 gsm|lte 3)
W/SignalStrength( 2118): getGsmDbm=-95
W/SignalStrength( 2118): getDbm=-95
W/SignalStrength( 2118): getGsmAsuLevel=9
W/SignalStrength( 2118): getAsuLevel=9
W/SignalStrength( 2250): getGsmLevel=3
W/SignalStrength( 2250): getLevel=3 (SignalStrength: 9 -1 -1 -1 -1 -1 -1 -1 -1 -1 -1 -1 gsm|lte 3)
W/SignalStrength( 2250): getGsmLevel=3
W/SignalStrength( 2250): getLevel=3 (SignalStrength: 9 -1 -1 -1 -1 -1 -1 -1 -1 -1 -1 -1 gsm|lte 3)
D/STATUSBAR-NetworkController( 2250): onSignalStrengthsChanged signalStrength=SignalStrength: 9 -1 -1 -1 -1 -1 -1 -1 -1 -1 -1 -1 gsm|lte 3 level=3
D/SensorManager( 2586): unregisterListener:: Trklfufi 9 pka@,*ddf8.8
I/SensorManager( 2586): Set min delay = 20000
I/SensorManager( 2586): Before sending... delay = 20000
D/Sensors ( 2586): Remain listener = hwx@41ae3040
I/Sensors ( 2586): sendDelay --- 20000000
I/SensorService( 2118): info.selectDelay() ns=20000000  
D/SensorService( 2118): SensorDevice::setDelay, Return(true 1, false 0) =  1
D/SensorManager( 2586): JNI - sendDelay
D/STATUSBAR-NetworkController( 2250): refreshSignalCluster: data=0 bt=false
W/AlarmManager( 2118): FACTORY_ON= 0
W/AlarmManager( 2118): FACTORY_ON= 0
W/SignalStrength( 2118): getGsmLevel=3
W/AlarmManager( 2118): FACTORY_ON= 0
W/SignalStrength( 2118): getLevel=3 (SignalStrength: 10 -1 -1 -1 -1 -1 -1 -1 -1 -1 -1 -1 gsm|lte 3)
W/SignalStrength( 2118): getGsmDbm=-93
W/SignalStrength( 2118): getDbm=-93
W/SignalStrength( 2118): getGsmAsuLevel=10
W/SignalStrength( 2118): getAsuLevel=10
W/SignalStrength( 2250): getGsmLevel=3
W/SignalStrength( 2250): getLevel=3 (SignalStrength: 10 -1 -1 -1 -1 -1 -1 -1 -1 -1 -1 -1 gsm|lte 3)
W/SignalStrength( 2250): getGsmLevel=3
W/SignalStrength( 2250): getLevel=3 (SignalStrength: 10 -1 -1 -1 -1 -1 -1 -1 -1 -1 -1 -1 gsm|lte 3)
D/STATUSBAR-NetworkController( 2250): onSignalStrengthsChanged signalStrength=SignalStrength: 10 -1 -1 -1 -1 -1 -1 -1 -1 -1 -1 -1 gsm|lte 3 level=3
I/wpa_supplicant( 2785): nl80211: Received scan results (10 BSSes)
D/Tethering( 2118): interfaceLinkStateChanged wlan0, true
D/Tethering( 2118): interfaceStatusChanged wlan0, true
W/AlarmManager( 2118): FACTORY_ON= 0
D/FirewallPolicy( 2118): getURLFilterEnabled(true)
D/FirewallPolicy( 2118): isUrlBlocked - Policy disabled
D/WebView (26424): loadUrlImpl: called
D/webcore (26424):  CORE loadUrl: called
D/webkit  (26424): Firewall not null
D/FirewallPolicy( 2118): getURLFilterEnabled(true)
D/FirewallPolicy( 2118): isUrlBlocked - Policy disabled
D/webkit  (26424): euler: isUrlBlocked = false
D/FirewallPolicy( 2118): getURLFilterEnabled(true)
D/FirewallPolicy( 2118): isUrlBlocked - Policy disabled
W/AlarmManager( 2118): FACTORY_ON= 0
E/WifiHW  ( 2118): ##################### set firmware type 0 #####################
D/WifiStateMachine( 2118): setWifiEnabled : WifiNative.setFwType(0)
D/STATUSBAR-NetworkController( 2250): refreshSignalCluster: data=0 bt=false
D/Geofence(26424): onLocationChanged: distance to GF backgroundrobotfactory is: 4065.161
D/Geofence(26424): change or duck volume for track backgroundrobotfactory to:-0.5281966
D/Geofence(26424): onLocationChanged: distance to GF backgroundpwp is: 4065.161
D/Geofence(26424): not vary volume for track backgroundpwp at default volume:0.9
D/Geofence(26424): onLocationChanged: distance to GF notificationbird is: 283039.66
D/Geofence(26424): not vary volume for track notificationbird at default volume:0.9
I/ClipboardServiceEx( 2118): Send intent for dismiss clipboard dialog inside hideCurrentInputLocked() !
D/dalvikvm( 2586): GC_CONCURRENT freed 937K, 19% free 12192K/14919K, paused 2ms+6ms, total 86ms
V/AlarmManager( 2118): waitForAlarm result :4
V/AlarmManager( 2118): trigger ELAPSED_REALTIME_WAKEUP or RTC_WAKEUP
E/WifiHW  ( 2118): ##################### set firmware type 0 #####################
D/WifiStateMachine( 2118): setWifiEnabled : WifiNative.setFwType(0)
D/WifiService( 2118): startScan: false pid=2586, uid=10017
W/AlarmManager( 2118): FACTORY_ON= 0
I/wpa_supplicant( 2785): Scan requested (ret=0) - scan timeout 30 seconds
D/SensorService( 2118): sensor was already activated for this ident
D/SensorService( 2118): SensorDevice::activating sensor handle=0 ns=20000000 
D/AKMD2   ( 2118): akm_set_delay: accel same delay = 20000000 
I/SensorService( 2118): info.selectDelay() ns=5000000  
D/SensorService( 2118): SensorDevice::setDelay, Return(true 1, false 0) =  1
D/SensorManager( 2586): registerListener :: handle = 0  name= K3DH Acceleration Sensor delay= 0 Trklfufi 9 pka@,*dcaee(
W/AlarmManager( 2118): FACTORY_ON= 0
D/SensorManager( 2586): unregisterListener:: Trklfufi 9 pka@,*dcaee(
I/SensorManager( 2586): Set min delay = 20000
I/SensorManager( 2586): Before sending... delay = 20000
D/Sensors ( 2586): Remain listener = hwx@41ae3040
I/Sensors ( 2586): sendDelay --- 20000000
I/SensorService( 2118): info.selectDelay() ns=20000000  
D/SensorService( 2118): SensorDevice::setDelay, Return(true 1, false 0) =  1
D/SensorManager( 2586): JNI - sendDelay
D/STATUSBAR-NetworkController( 2250): refreshSignalCluster: data=0 bt=false
W/AlarmManager( 2118): FACTORY_ON= 0
W/AlarmManager( 2118): FACTORY_ON= 0
I/wpa_supplicant( 2785): nl80211: Received scan results (10 BSSes)
D/Tethering( 2118): interfaceLinkStateChanged wlan0, true
D/Tethering( 2118): interfaceStatusChanged wlan0, true
W/AlarmManager( 2118): FACTORY_ON= 0
D/FirewallPolicy( 2118): getURLFilterEnabled(true)
D/FirewallPolicy( 2118): isUrlBlocked - Policy disabled
D/WebView (26424): loadUrlImpl: called
D/webcore (26424):  CORE loadUrl: called
D/webkit  (26424): Firewall not null
D/FirewallPolicy( 2118): getURLFilterEnabled(true)
D/FirewallPolicy( 2118): isUrlBlocked - Policy disabled
D/webkit  (26424): euler: isUrlBlocked = false
D/FirewallPolicy( 2118): getURLFilterEnabled(true)
D/FirewallPolicy( 2118): isUrlBlocked - Policy disabled
W/AlarmManager( 2118): FACTORY_ON= 0
E/WifiHW  ( 2118): ##################### set firmware type 0 #####################
D/WifiStateMachine( 2118): setWifiEnabled : WifiNative.setFwType(0)
D/Geofence(26424): onLocationChanged: distance to GF backgroundrobotfactory is: 4065.161
D/Geofence(26424): change or duck volume for track backgroundrobotfactory to:-0.5281966
D/Geofence(26424): onLocationChanged: distance to GF backgroundpwp is: 4065.161
D/Geofence(26424): not vary volume for track backgroundpwp at default volume:0.9
D/Geofence(26424): onLocationChanged: distance to GF notificationbird is: 283039.66
D/Geofence(26424): not vary volume for track notificationbird at default volume:0.9
I/ClipboardServiceEx( 2118): Send intent for dismiss clipboard dialog inside hideCurrentInputLocked() !
E/Watchdog( 2118): !@Sync 2531
D/dalvikvm( 2586): GC_CONCURRENT freed 892K, 19% free 12189K/14919K, paused 12ms+4ms, total 86ms
D/STATUSBAR-NetworkController( 2250): refreshSignalCluster: data=0 bt=false
V/AlarmManager( 2118): waitForAlarm result :4
V/AlarmManager( 2118): trigger ELAPSED_REALTIME_WAKEUP or RTC_WAKEUP
W/SignalStrength( 2250): getGsmLevel=3
W/SignalStrength( 2250): getLevel=3 (SignalStrength: 9 -1 -1 -1 -1 -1 -1 -1 -1 -1 -1 -1 gsm|lte 3)
W/SignalStrength( 2250): getGsmLevel=3
W/SignalStrength( 2250): getLevel=3 (SignalStrength: 9 -1 -1 -1 -1 -1 -1 -1 -1 -1 -1 -1 gsm|lte 3)
D/STATUSBAR-NetworkController( 2250): onSignalStrengthsChanged signalStrength=SignalStrength: 9 -1 -1 -1 -1 -1 -1 -1 -1 -1 -1 -1 gsm|lte 3 level=3
W/SignalStrength( 2118): getGsmLevel=3
W/SignalStrength( 2118): getLevel=3 (SignalStrength: 9 -1 -1 -1 -1 -1 -1 -1 -1 -1 -1 -1 gsm|lte 3)
E/WifiHW  ( 2118): ##################### set firmware type 0 #####################
D/WifiStateMachine( 2118): setWifiEnabled : WifiNative.setFwType(0)
D/WifiService( 2118): startScan: false pid=2586, uid=10017
W/AlarmManager( 2118): FACTORY_ON= 0
W/SignalStrength( 2118): getGsmDbm=-95
W/SignalStrength( 2118): getDbm=-95
W/SignalStrength( 2118): getGsmAsuLevel=9
W/SignalStrength( 2118): getAsuLevel=9
I/wpa_supplicant( 2785): Scan requested (ret=0) - scan timeout 30 seconds
W/AlarmManager( 2118): FACTORY_ON= 0
W/AlarmManager( 2118): FACTORY_ON= 0
V/AlarmManager( 2118): waitForAlarm result :4
W/AlarmManager( 2118): FACTORY_ON= 0
V/AlarmManager( 2118): trigger ELAPSED_REALTIME_WAKEUP or RTC_WAKEUP
D/SensorService( 2118): sensor was already activated for this ident
D/SensorService( 2118): SensorDevice::activating sensor handle=0 ns=20000000 
D/AKMD2   ( 2118): akm_set_delay: accel same delay = 20000000 
I/SensorService( 2118): info.selectDelay() ns=5000000  
D/SensorService( 2118): SensorDevice::setDelay, Return(true 1, false 0) =  1
D/SensorManager( 2586): registerListener :: handle = 0  name= K3DH Acceleration Sensor delay= 0 Trklfufi 9 pka@,*da.:,8
V/AlarmManager( 2118): waitForAlarm result :8
W/ThrottleService( 2118): unable to find stats for iface rmnet0
W/AlarmManager( 2118): FACTORY_ON= 0
W/SignalStrength( 2118): getGsmLevel=2
W/AlarmManager( 2118): FACTORY_ON= 0
W/SignalStrength( 2118): getLevel=2 (SignalStrength: 9 -1 -1 -1 -1 -1 -1 -1 -1 -1 -1 -1 gsm|lte 2)
W/SignalStrength( 2250): getGsmLevel=2
W/SignalStrength( 2250): getLevel=2 (SignalStrength: 9 -1 -1 -1 -1 -1 -1 -1 -1 -1 -1 -1 gsm|lte 2)
W/SignalStrength( 2250): getGsmLevel=2
W/SignalStrength( 2250): getLevel=2 (SignalStrength: 9 -1 -1 -1 -1 -1 -1 -1 -1 -1 -1 -1 gsm|lte 2)
W/SignalStrength( 2118): getGsmDbm=-95
W/SignalStrength( 2118): getDbm=-95
W/SignalStrength( 2118): getGsmAsuLevel=9
W/SignalStrength( 2118): getAsuLevel=9
D/STATUSBAR-NetworkController( 2250): onSignalStrengthsChanged signalStrength=SignalStrength: 9 -1 -1 -1 -1 -1 -1 -1 -1 -1 -1 -1 gsm|lte 2 level=2
D/STATUSBAR-NetworkController( 2250): refreshSignalCluster: data=0 bt=false
W/SignalStrength( 2250): getGsmLevel=2
W/AlarmManager( 2118): FACTORY_ON= 0
W/SignalStrength( 2250): getLevel=2 (SignalStrength: 8 -1 -1 -1 -1 -1 -1 -1 -1 -1 -1 -1 gsm|lte 2)
W/SignalStrength( 2250): getGsmLevel=2
D/STATUSBAR-NetworkController( 2250): onSignalStrengthsChanged signalStrength=SignalStrength: 8 -1 -1 -1 -1 -1 -1 -1 -1 -1 -1 -1 gsm|lte 2 level=2
W/SignalStrength( 2250): getLevel=2 (SignalStrength: 8 -1 -1 -1 -1 -1 -1 -1 -1 -1 -1 -1 gsm|lte 2)
W/SignalStrength( 2118): getGsmLevel=2
W/SignalStrength( 2118): getLevel=2 (SignalStrength: 8 -1 -1 -1 -1 -1 -1 -1 -1 -1 -1 -1 gsm|lte 2)
W/SignalStrength( 2118): getGsmDbm=-97
W/SignalStrength( 2118): getDbm=-97
W/SignalStrength( 2118): getGsmAsuLevel=8
W/SignalStrength( 2118): getAsuLevel=8
D/SensorManager( 2586): unregisterListener:: Trklfufi 9 pka@,*da.:,8
I/SensorManager( 2586): Set min delay = 20000
I/SensorManager( 2586): Before sending... delay = 20000
D/Sensors ( 2586): Remain listener = hwx@41ae3040
I/Sensors ( 2586): sendDelay --- 20000000
I/SensorService( 2118): info.selectDelay() ns=20000000  
D/SensorService( 2118): SensorDevice::setDelay, Return(true 1, false 0) =  1
D/SensorManager( 2586): JNI - sendDelay
D/STATUSBAR-NetworkController( 2250): refreshSignalCluster: data=0 bt=false
W/AlarmManager( 2118): FACTORY_ON= 0
W/AlarmManager( 2118): FACTORY_ON= 0
I/wpa_supplicant( 2785): nl80211: Received scan results (10 BSSes)
D/Tethering( 2118): interfaceLinkStateChanged wlan0, true
D/Tethering( 2118): interfaceStatusChanged wlan0, true
W/AlarmManager( 2118): FACTORY_ON= 0
D/FirewallPolicy( 2118): getURLFilterEnabled(true)
D/FirewallPolicy( 2118): isUrlBlocked - Policy disabled
D/WebView (26424): loadUrlImpl: called
D/webcore (26424):  CORE loadUrl: called
D/webkit  (26424): Firewall not null
D/FirewallPolicy( 2118): getURLFilterEnabled(true)
D/FirewallPolicy( 2118): isUrlBlocked - Policy disabled
D/webkit  (26424): euler: isUrlBlocked = false
D/FirewallPolicy( 2118): getURLFilterEnabled(true)
D/FirewallPolicy( 2118): isUrlBlocked - Policy disabled
W/AlarmManager( 2118): FACTORY_ON= 0
E/WifiHW  ( 2118): ##################### set firmware type 0 #####################
D/WifiStateMachine( 2118): setWifiEnabled : WifiNative.setFwType(0)
D/STATUSBAR-NetworkController( 2250): refreshSignalCluster: data=0 bt=false
I/ClipboardServiceEx( 2118): Send intent for dismiss clipboard dialog inside hideCurrentInputLocked() !
D/Geofence(26424): onLocationChanged: distance to GF backgroundrobotfactory is: 4065.1648
D/Geofence(26424): change or duck volume for track backgroundrobotfactory to:-0.5281967
D/Geofence(26424): onLocationChanged: distance to GF backgroundpwp is: 4065.1648
D/Geofence(26424): not vary volume for track backgroundpwp at default volume:0.9
D/Geofence(26424): onLocationChanged: distance to GF notificationbird is: 283039.63
D/Geofence(26424): not vary volume for track notificationbird at default volume:0.9
D/dalvikvm( 2586): GC_CONCURRENT freed 927K, 19% free 12191K/14919K, paused 14ms+5ms, total 129ms
V/AlarmManager( 2118): waitForAlarm result :4
V/AlarmManager( 2118): trigger ELAPSED_REALTIME_WAKEUP or RTC_WAKEUP
E/WifiHW  ( 2118): ##################### set firmware type 0 #####################
D/WifiStateMachine( 2118): setWifiEnabled : WifiNative.setFwType(0)
D/WifiService( 2118): startScan: false pid=2586, uid=10017
W/AlarmManager( 2118): FACTORY_ON= 0
I/wpa_supplicant( 2785): Scan requested (ret=0) - scan timeout 30 seconds
D/SensorService( 2118): sensor was already activated for this ident
D/SensorService( 2118): SensorDevice::activating sensor handle=0 ns=20000000 
D/AKMD2   ( 2118): akm_set_delay: accel same delay = 20000000 
I/SensorService( 2118): info.selectDelay() ns=5000000  
D/SensorService( 2118): SensorDevice::setDelay, Return(true 1, false 0) =  1
D/SensorManager( 2586): registerListener :: handle = 0  name= K3DH Acceleration Sensor delay= 0 Trklfufi 9 pka@,*df-)+8
W/AlarmManager( 2118): FACTORY_ON= 0
D/InputReader( 2118): Input event: value=1
D/RestrictionPolicy( 2118): isHomeKeyEnabled :true
D/RestrictionPolicy( 2118): isHomeKeyEnabled :true
D/RestrictionPolicy( 2118): isHomeKeyEnabled :true
D/RestrictionPolicy( 2118): isHomeKeyEnabled :true
D/RestrictionPolicy( 2118): isHomeKeyEnabled :true
D/RestrictionPolicy( 2118): isHomeKeyEnabled :true
W/WindowManager( 2118): interceptKeyBeforeDispatching with IVoIPInterface 
D/VoIPInterfaceManager( 2118): isVoIPRinging()...
D/VoIPInterfaceManager( 2118):     Not exist call session
D/RestrictionPolicy( 2118): isHomeKeyEnabled :true
D/RestrictionPolicy( 2118): isHomeKeyEnabled :true
I/SurfaceFlinger( 1837): id=735(17) createSurf 0x411e0dc4 (480x800),1 flag=0, SecentsPane
D/WindowManager( 2118): PhoneWindowManager: focusChangedLw
D/STATUSBAR-StatusBarManagerService( 2118): setSystemUiVisibility(0x0)
D/STATUSBAR-StatusBarManagerService( 2118): manageDisableList what=0x0 pkg=WindowManager.LayoutParams
D/RestrictionPolicy( 2118): isHomeKeyEnabled :true
D/KeyguardViewMediator( 2118): setHidden false
W/SignalStrength( 2118): getGsmLevel=2
W/AlarmManager( 2118): FACTORY_ON= 0
W/SignalStrength( 2118): getLevel=2 (SignalStrength: 7 -1 -1 -1 -1 -1 -1 -1 -1 -1 -1 -1 gsm|lte 2)
W/SignalStrength( 2118): getGsmDbm=-99
W/SignalStrength( 2118): getDbm=-99
W/SignalStrength( 2118): getGsmAsuLevel=7
W/SignalStrength( 2118): getAsuLevel=7
D/RestrictionPolicy( 2118): isHomeKeyEnabled :true
W/SignalStrength( 2250): getGsmLevel=2
W/SignalStrength( 2250): getLevel=2 (SignalStrength: 7 -1 -1 -1 -1 -1 -1 -1 -1 -1 -1 -1 gsm|lte 2)
W/SignalStrength( 2250): getGsmLevel=2
W/SignalStrength( 2250): getLevel=2 (SignalStrength: 7 -1 -1 -1 -1 -1 -1 -1 -1 -1 -1 -1 gsm|lte 2)
