D/Geofence(26645): Add Geofences: Success GeofenceRequestIds=[BUILDING_1, BUILDING_2, BUILDING_3, BUILDING_4, BUILDING_5, BUILDING_6, BUILDING_7, BUILDING_8, BUILDING_9]
D/GpsLocationProvider( 2118): setMinTime 5000
I/LocationManagerService( 2118): request gps (pid 2586) 5000 5000
D/Geofence(26645): GeofenceSampleReceiver:handleGeofenceStatus: Intent { act=com.example.android.geofence.ACTION_GEOFENCES_ADDED cat=[com.example.android.geofence.CATEGORY_LOCATION_SERVICES] (has extras) }
D/WifiService( 2118): startScan: false pid=2586, uid=10017
W/AlarmManager( 2118): FACTORY_ON= 0
W/AlarmManager( 2118): FACTORY_ON= 0
D/KeyguardViewMediator( 2118): setHidden false
I/SurfaceFlinger( 1837): id=742 Removed Uoast idx=5 MapSz=4
I/SurfaceFlinger( 1837): id=742 Removed Uoast idx=-2 MapSz=4
D/KeyguardViewMediator( 2118): setHidden false
D/KeyguardViewMediator( 2118): setHidden false
D/KeyguardViewMediator( 2118): setHidden false
D/STATUSBAR-NetworkController( 2250): onReceive() - RSSI_CHANGED_ACTION, WIFI_STATE, NETWORK_STATE
D/SensorManager( 2586): unregisterListener:: Trklfufi 9 pka@,*d8e8*8
I/SensorManager( 2586): Set min delay = 20000
I/SensorManager( 2586): Before sending... delay = 20000
D/Sensors ( 2586): Remain listener = hwx@41ae3040
I/Sensors ( 2586): sendDelay --- 20000000
I/SensorService( 2118): info.selectDelay() ns=20000000  
D/SensorService( 2118): SensorDevice::setDelay, Return(true 1, false 0) =  1
D/SensorManager( 2586): JNI - sendDelay
D/BatteryService( 2118): update start
D/BatteryService( 2118): level:98 scale:100 status:2 health:2 present:true voltage: 4139 temperature: 380 technology: Li-ion AC powered:false USB powered:true icon:17303239 invalid charger:0
E/MtpService(21342): In MTPAPP onReceive:android.intent.action.BATTERY_CHANGED
E/MtpService(21342): battPlugged Type : 2
D/STATUSBAR-BatteryController( 2250): onReceive() - ACTION_BATTERY_CHANGED
D/STATUSBAR-BatteryController( 2250): onReceive() - level:98
D/STATUSBAR-BatteryController( 2250): onReceive() - plugged:2
D/STATUSBAR-BatteryController( 2250): onReceive() - BATTERY_STATUS_CHARGING:
D/STATUSBAR-PhoneStatusBar( 2250): ACTION_BATTERY_CHANGED
D/STATUSBAR-PhoneStatusBar( 2250): NORMAL_BATTERY
W/AlarmManager( 2118): FACTORY_ON= 0
W/AlarmManager( 2118): FACTORY_ON= 0
D/dalvikvm( 2586): GC_CONCURRENT freed 737K, 18% free 12346K/14919K, paused 2ms+3ms, total 56ms
D/KeyguardViewMediator( 2118): setHidden false
I/SurfaceFlinger( 1837): id=744(4) createSurf 0x411d316c (1x1),1 flag=0, Uoast
V/WindowOrientationListener( 2118): nearestRotation : 0   Angle: 2   tilt: 53
D/KeyguardViewMediator( 2118): setHidden false
D/KeyguardViewMediator( 2118): setHidden false
I/wpa_supplicant( 2785): nl80211: Received scan results (11 BSSes)
D/Tethering( 2118): interfaceLinkStateChanged wlan0, true
D/Tethering( 2118): interfaceStatusChanged wlan0, true
W/AlarmManager( 2118): FACTORY_ON= 0
D/STATUSBAR-NetworkController( 2250): refreshSignalCluster: data=0 bt=false
D/FirewallPolicy( 2118): getURLFilterEnabled(true)
D/FirewallPolicy( 2118): isUrlBlocked - Policy disabled
D/WebView (26645): loadUrlImpl: called
D/webcore (26645):  CORE loadUrl: called
D/webkit  (26645): Firewall not null
D/FirewallPolicy( 2118): getURLFilterEnabled(true)
D/FirewallPolicy( 2118): isUrlBlocked - Policy disabled
D/webkit  (26645): euler: isUrlBlocked = false
D/KeyguardViewMediator( 2118): setHidden false
D/FirewallPolicy( 2118): getURLFilterEnabled(true)
D/FirewallPolicy( 2118): isUrlBlocked - Policy disabled
I/SurfaceFlinger( 1837): id=743 Removed Uoast idx=5 MapSz=4
I/SurfaceFlinger( 1837): id=743 Removed Uoast idx=-2 MapSz=4
D/KeyguardViewMediator( 2118): setHidden false
I/ClipboardServiceEx( 2118): Send intent for dismiss clipboard dialog inside hideCurrentInputLocked() !
W/AlarmManager( 2118): FACTORY_ON= 0
D/Geofence(26645): onLocationChanged: distance to GF backgroundrobotfactory is: 4064.6304
D/Geofence(26645): change or duck volume for track backgroundrobotfactory to:-0.5281726
D/Geofence(26645): onLocationChanged: distance to GF backgroundpwp is: 4064.6304
D/Geofence(26645): not vary volume for track backgroundpwp at default volume:0.9
D/Geofence(26645): onLocationChanged: distance to GF notificationbird is: 283039.8
D/Geofence(26645): not vary volume for track notificationbird at default volume:0.9
E/WifiHW  ( 2118): ##################### set firmware type 0 #####################
D/WifiStateMachine( 2118): setWifiEnabled : WifiNative.setFwType(0)
D/KeyguardViewMediator( 2118): setHidden false
D/KeyguardViewMediator( 2118): setHidden false
D/STATUSBAR-NetworkController( 2250): refreshSignalCluster: data=0 bt=false
D/KeyguardViewMediator( 2118): setHidden false
D/STATUSBAR-NetworkController( 2250): onReceive() - RSSI_CHANGED_ACTION, WIFI_STATE, NETWORK_STATE
I/SurfaceFlinger( 1837): id=745(5) createSurf 0x42230804 (1x1),1 flag=0, Uoast
D/KeyguardViewMediator( 2118): setHidden false
D/KeyguardViewMediator( 2118): setHidden false
D/STATUSBAR-NetworkController( 2250): refreshSignalCluster: data=0 bt=false
D/KeyguardViewMediator( 2118): setHidden false
I/SurfaceFlinger( 1837): id=744 Removed Uoast idx=5 MapSz=4
I/SurfaceFlinger( 1837): id=744 Removed Uoast idx=-2 MapSz=4
D/KeyguardViewMediator( 2118): setHidden false
D/KeyguardViewMediator( 2118): setHidden false
D/KeyguardViewMediator( 2118): setHidden false
V/AlarmManager( 2118): waitForAlarm result :4
V/AlarmManager( 2118): trigger ELAPSED_REALTIME_WAKEUP or RTC_WAKEUP
E/WifiHW  ( 2118): ##################### set firmware type 0 #####################
D/WifiStateMachine( 2118): setWifiEnabled : WifiNative.setFwType(0)
D/WifiService( 2118): startScan: false pid=2586, uid=10017
W/AlarmManager( 2118): FACTORY_ON= 0
I/wpa_supplicant( 2785): Scan requested (ret=0) - scan timeout 30 seconds
D/STATUSBAR-NetworkController( 2250): refreshSignalCluster: data=0 bt=false
D/SensorService( 2118): sensor was already activated for this ident
D/SensorService( 2118): SensorDevice::activating sensor handle=0 ns=20000000 
D/AKMD2   ( 2118): akm_set_delay: accel same delay = 20000000 
I/SensorService( 2118): info.selectDelay() ns=5000000  
D/SensorService( 2118): SensorDevice::setDelay, Return(true 1, false 0) =  1
D/SensorManager( 2586): registerListener :: handle = 0  name= K3DH Acceleration Sensor delay= 0 Trklfufi 9 pka@,*da+*:8
W/AlarmManager( 2118): FACTORY_ON= 0
D/KeyguardViewMediator( 2118): setHidden false
I/SurfaceFlinger( 1837): id=746(6) createSurf 0x411d3234 (1x1),1 flag=0, Uoast
D/KeyguardViewMediator( 2118): setHidden false
D/KeyguardViewMediator( 2118): setHidden false
W/MessageQueue( 4656): Handler (android.telephony.PhoneStateListener$2) {41a791d0} sending message to a Handler on a dead thread
W/MessageQueue( 4656): java.lang.RuntimeException: Handler (android.telephony.PhoneStateListener$2) {41a791d0} sending message to a Handler on a dead thread
W/MessageQueue( 4656): 	at android.os.MessageQueue.enqueueMessage(MessageQueue.java:294)
W/MessageQueue( 4656): 	at android.os.Handler.sendMessageAtTime(Handler.java:473)
W/MessageQueue( 4656): 	at android.os.Handler.sendMessageDelayed(Handler.java:446)
W/MessageQueue( 4656): 	at android.os.Handler.sendMessage(Handler.java:383)
W/MessageQueue( 4656): 	at android.os.Message.sendToTarget(Message.java:360)
W/MessageQueue( 4656): 	at android.telephony.PhoneStateListener$1.onServiceStateChanged(PhoneStateListener.java:319)
W/MessageQueue( 4656): 	at com.android.internal.telephony.IPhoneStateListener$Stub.onTransact(IPhoneStateListener.java:55)
W/MessageQueue( 4656): 	at android.os.Binder.execTransact(Binder.java:367)
W/MessageQueue( 4656): 	at dalvik.system.NativeStart.run(Native Method)
W/SignalStrength( 2250): getGsmLevel=3
W/SignalStrength( 2250): getLevel=3 (SignalStrength: 10 -1 -1 -1 -1 -1 -1 -1 -1 -1 -1 -1 gsm|lte 3)
D/STATUSBAR-NetworkController( 2250): onServiceStateChanged state=0
D/STATUSBAR-NetworkController( 2250): updateDataNetType()
D/STATUSBAR-NetworkController( 2250): Nothing, mRoamingIconId = 0
W/AlarmManager( 2118): FACTORY_ON= 0
W/AlarmManager( 2118): FACTORY_ON= 0
D/StatusChecker(20389): onReceive : android.intent.action.SERVICE_STATE
D/StatusChecker(20389): Service state changed : 0
D/KeyguardViewMediator( 2118): setHidden false
I/SurfaceFlinger( 1837): id=745 Removed Uoast idx=5 MapSz=4
I/SurfaceFlinger( 1837): id=745 Removed Uoast idx=-2 MapSz=4
D/KeyguardViewMediator( 2118): setHidden false
D/KeyguardViewMediator( 2118): setHidden false
D/KeyguardViewMediator( 2118): setHidden false
D/STATUSBAR-NetworkController( 2250): onReceive() - RSSI_CHANGED_ACTION, WIFI_STATE, NETWORK_STATE
E/Watchdog( 2118): !@Sync 2532
D/KeyguardViewMediator( 2118): setHidden false
I/SurfaceFlinger( 1837): id=747(7) createSurf 0x40f019d4 (1x1),1 flag=0, Uoast
D/KeyguardViewMediator( 2118): setHidden false
D/KeyguardViewMediator( 2118): setHidden false
W/SignalStrength( 2118): getGsmLevel=2
W/SignalStrength( 2250): getGsmLevel=2
W/SignalStrength( 2250): getLevel=2 (SignalStrength: 10 -1 -1 -1 -1 -1 -1 -1 -1 -1 -1 -1 gsm|lte 2)
W/SignalStrength( 2250): getGsmLevel=2
W/SignalStrength( 2250): getLevel=2 (SignalStrength: 10 -1 -1 -1 -1 -1 -1 -1 -1 -1 -1 -1 gsm|lte 2)
W/SignalStrength( 2118): getLevel=2 (SignalStrength: 10 -1 -1 -1 -1 -1 -1 -1 -1 -1 -1 -1 gsm|lte 2)
D/STATUSBAR-NetworkController( 2250): onSignalStrengthsChanged signalStrength=SignalStrength: 10 -1 -1 -1 -1 -1 -1 -1 -1 -1 -1 -1 gsm|lte 2 level=2
D/STATUSBAR-NetworkController( 2250): refreshSignalCluster: data=0 bt=false
W/AlarmManager( 2118): FACTORY_ON= 0
W/SignalStrength( 2118): getGsmDbm=-93
W/SignalStrength( 2118): getDbm=-93
W/SignalStrength( 2118): getGsmAsuLevel=10
W/SignalStrength( 2118): getAsuLevel=10
W/SignalStrength( 2118): getGsmLevel=2
W/SignalStrength( 2118): getLevel=2 (SignalStrength: 4 -1 -1 -1 -1 -1 -1 -1 -1 -1 -1 -1 gsm|lte 2)
W/SignalStrength( 2250): getGsmLevel=2
W/SignalStrength( 2118): getGsmDbm=-105
W/SignalStrength( 2118): getDbm=-105
W/SignalStrength( 2118): getGsmAsuLevel=4
W/SignalStrength( 2118): getAsuLevel=4
W/SignalStrength( 2250): getLevel=2 (SignalStrength: 4 -1 -1 -1 -1 -1 -1 -1 -1 -1 -1 -1 gsm|lte 2)
W/SignalStrength( 2250): getGsmLevel=2
W/SignalStrength( 2250): getLevel=2 (SignalStrength: 4 -1 -1 -1 -1 -1 -1 -1 -1 -1 -1 -1 gsm|lte 2)
W/AlarmManager( 2118): FACTORY_ON= 0
D/STATUSBAR-NetworkController( 2250): onSignalStrengthsChanged signalStrength=SignalStrength: 4 -1 -1 -1 -1 -1 -1 -1 -1 -1 -1 -1 gsm|lte 2 level=2
W/MessageQueue( 4656): Handler (android.telephony.PhoneStateListener$2) {41a791d0} sending message to a Handler on a dead thread
W/MessageQueue( 4656): java.lang.RuntimeException: Handler (android.telephony.PhoneStateListener$2) {41a791d0} sending message to a Handler on a dead thread
W/MessageQueue( 4656): 	at android.os.MessageQueue.enqueueMessage(MessageQueue.java:294)
W/MessageQueue( 4656): 	at android.os.Handler.sendMessageAtTime(Handler.java:473)
W/MessageQueue( 4656): 	at android.os.Handler.sendMessageDelayed(Handler.java:446)
W/MessageQueue( 4656): 	at android.os.Handler.sendMessage(Handler.java:383)
W/MessageQueue( 4656): 	at android.os.Message.sendToTarget(Message.java:360)
W/MessageQueue( 4656): 	at android.telephony.PhoneStateListener$1.onServiceStateChanged(PhoneStateListener.java:319)
W/MessageQueue( 4656): 	at com.android.internal.telephony.IPhoneStateListener$Stub.onTransact(IPhoneStateListener.java:55)
W/MessageQueue( 4656): 	at android.os.Binder.execTransact(Binder.java:367)
W/MessageQueue( 4656): 	at dalvik.system.NativeStart.run(Native Method)
D/STATUSBAR-NetworkController( 2250): onServiceStateChanged state=0
W/SignalStrength( 2250): getGsmLevel=2
W/SignalStrength( 2250): getLevel=2 (SignalStrength: 4 -1 -1 -1 -1 -1 -1 -1 -1 -1 -1 -1 gsm|lte 2)
D/STATUSBAR-NetworkController( 2250): updateDataNetType()
D/STATUSBAR-NetworkController( 2250): Nothing, mRoamingIconId = 0
D/StatusChecker(20389): onReceive : android.intent.action.SERVICE_STATE
D/StatusChecker(20389): Service state changed : 0
D/STATUSBAR-NetworkController( 2250): refreshSignalCluster: data=0 bt=false
D/KeyguardViewMediator( 2118): setHidden false
I/SurfaceFlinger( 1837): id=746 Removed Uoast idx=5 MapSz=4
I/SurfaceFlinger( 1837): id=746 Removed Uoast idx=-2 MapSz=4
D/KeyguardViewMediator( 2118): setHidden false
D/dalvikvm( 2118): GC_CONCURRENT freed 1480K, 30% free 24776K/35335K, paused 4ms+16ms, total 170ms
D/KeyguardViewMediator( 2118): setHidden false
D/KeyguardViewMediator( 2118): setHidden false
V/AlarmManager( 2118): waitForAlarm result :8
V/AlarmManager( 2118): ClockReceiver onReceive() ACTION_TIME_TICK
W/AlarmManager( 2118): FACTORY_ON= 0
D/STATUSBAR-Clock( 2250): onReceive() - ACTION_TIME_TICK
D/STATUSBAR-Clock( 2250): onReceive() - ACTION_TIME_TICK
D/SensorManager( 2586): unregisterListener:: Trklfufi 9 pka@,*da+*:8
I/SensorManager( 2586): Set min delay = 20000
I/SensorManager( 2586): Before sending... delay = 20000
D/Sensors ( 2586): Remain listener = hwx@41ae3040
I/Sensors ( 2586): sendDelay --- 20000000
I/SensorService( 2118): info.selectDelay() ns=20000000  
D/SensorService( 2118): SensorDevice::setDelay, Return(true 1, false 0) =  1
D/SensorManager( 2586): JNI - sendDelay
D/widget  ( 2408): [MSC_HERO_Accu_JB]>>> SM:1288 [0:0] bTCC WCV = 200
D/widget  ( 2408): [MSC_HERO_Accu_JB]>>> WC:1691 [0:0] drw 2nd Tm dt = 1653
D/ClockAlarmWidgetService(25159): [ClockAlarmWidgetService] onReceive: action = android.intent.action.TIME_TICK
E/ClockAlarmWidget(25159): [AlarmWidgetIdManager] getListItem() : itemIndex=0, widgetID:1
E/ClockAlarmWidget(25159): [AlarmWidgetIdManager] getListItem() : ItemIndex exceed ListItemCount. itemIndex=1
E/ClockAlarmWidget(25159): [AlarmWidgetIdManager] getListItem() : itemIndex=1, widgetID:1
D/ClockAlarmDataProvider(25159): getAlarm() - too many same ID alarm data. nCount: 0
W/AlarmManager( 2118): FACTORY_ON= 0
D/dalvikvm( 2586): GC_CONCURRENT freed 976K, 18% free 12327K/14919K, paused 3ms+3ms, total 59ms
I/wpa_supplicant( 2785): nl80211: Received scan results (10 BSSes)
D/Tethering( 2118): interfaceLinkStateChanged wlan0, true
D/Tethering( 2118): interfaceStatusChanged wlan0, true
V/WindowOrientationListener( 2118): nearestRotation : 0   Angle: 2   tilt: 53
W/AlarmManager( 2118): FACTORY_ON= 0
D/KeyguardViewMediator( 2118): setHidden false
D/FirewallPolicy( 2118): getURLFilterEnabled(true)
D/FirewallPolicy( 2118): isUrlBlocked - Policy disabled
D/WebView (26645): loadUrlImpl: called
W/AlarmManager( 2118): FACTORY_ON= 0
D/webcore (26645):  CORE loadUrl: called
D/webkit  (26645): Firewall not null
D/FirewallPolicy( 2118): getURLFilterEnabled(true)
D/FirewallPolicy( 2118): isUrlBlocked - Policy disabled
D/webkit  (26645): euler: isUrlBlocked = false
D/FirewallPolicy( 2118): getURLFilterEnabled(true)
D/FirewallPolicy( 2118): isUrlBlocked - Policy disabled
E/WifiHW  ( 2118): ##################### set firmware type 0 #####################
D/WifiStateMachine( 2118): setWifiEnabled : WifiNative.setFwType(0)
I/ClipboardServiceEx( 2118): Send intent for dismiss clipboard dialog inside hideCurrentInputLocked() !
D/Geofence(26645): onLocationChanged: distance to GF backgroundrobotfactory is: 4064.6106
D/Geofence(26645): change or duck volume for track backgroundrobotfactory to:-0.52817166
D/Geofence(26645): onLocationChanged: distance to GF backgroundpwp is: 4064.6106
D/Geofence(26645): not vary volume for track backgroundpwp at default volume:0.9
D/Geofence(26645): onLocationChanged: distance to GF notificationbird is: 283039.8
D/Geofence(26645): not vary volume for track notificationbird at default volume:0.9
D/dalvikvm( 2118): WAIT_FOR_CONCURRENT_GC blocked 0ms
D/dalvikvm( 2118): GC_EXPLICIT freed 661K, 32% free 24274K/35335K, paused 4ms+10ms, total 166ms
I/GCoreUlr( 2586): Successfully inserted location
I/GCoreUlr( 2586): Not calling LocationReportingService, hasMoved: false, elapsed millis: 1411991, request: Phone
V/AlarmManager( 2118): waitForAlarm result :4
V/AlarmManager( 2118): trigger ELAPSED_REALTIME_WAKEUP or RTC_WAKEUP
E/WifiHW  ( 2118): ##################### set firmware type 0 #####################
D/WifiStateMachine( 2118): setWifiEnabled : WifiNative.setFwType(0)
D/WifiService( 2118): startScan: false pid=2586, uid=10017
W/AlarmManager( 2118): FACTORY_ON= 0
I/wpa_supplicant( 2785): Scan requested (ret=0) - scan timeout 30 seconds
D/SensorService( 2118): sensor was already activated for this ident
D/SensorService( 2118): SensorDevice::activating sensor handle=0 ns=20000000 
D/AKMD2   ( 2118): akm_set_delay: accel same delay = 20000000 
I/SensorService( 2118): info.selectDelay() ns=5000000  
D/SensorService( 2118): SensorDevice::setDelay, Return(true 1, false 0) =  1
D/SensorManager( 2586): registerListener :: handle = 0  name= K3DH Acceleration Sensor delay= 0 Trklfufi 9 pka@,*d:)e-8
W/AlarmManager( 2118): FACTORY_ON= 0
D/STATUSBAR-NetworkController( 2250): refreshSignalCluster: data=0 bt=false
D/KeyguardViewMediator( 2118): setHidden false
I/SurfaceFlinger( 1837): id=747 Removed Uoast idx=5 MapSz=3
I/SurfaceFlinger( 1837): id=747 Removed Uoast idx=-2 MapSz=3
D/KeyguardViewMediator( 2118): setHidden false
D/KeyguardViewMediator( 2118): setHidden false
D/PowerManagerService( 2118): releaseWakeLockLocked : ON_AFTER_RELEASE
D/PowerManagerService( 2118): releaseWakeLockLocked flags=0x0 tag=KEEP_SCREEN_ON_FLAG
W/PowerManagerService( 2118): Timer 0x3->0x3|0x0
D/PowerManagerService( 2118): setTimeoutLocked::SmartSleep : after 108300
D/SensorManager( 2586): unregisterListener:: Trklfufi 9 pka@,*d:)e-8
I/SensorManager( 2586): Set min delay = 20000
I/SensorManager( 2586): Before sending... delay = 20000
D/Sensors ( 2586): Remain listener = hwx@41ae3040
I/Sensors ( 2586): sendDelay --- 20000000
I/SensorService( 2118): info.selectDelay() ns=20000000  
D/SensorService( 2118): SensorDevice::setDelay, Return(true 1, false 0) =  1
D/SensorManager( 2586): JNI - sendDelay
W/AlarmManager( 2118): FACTORY_ON= 0
D/dalvikvm( 2586): GC_CONCURRENT freed 974K, 18% free 12328K/14919K, paused 4ms+17ms, total 120ms
D/STATUSBAR-NetworkController( 2250): refreshSignalCluster: data=0 bt=false
I/wpa_supplicant( 2785): nl80211: Received scan results (10 BSSes)
D/Tethering( 2118): interfaceLinkStateChanged wlan0, true
D/Tethering( 2118): interfaceStatusChanged wlan0, true
W/AlarmManager( 2118): FACTORY_ON= 0
W/AlarmManager( 2118): FACTORY_ON= 0
E/WifiHW  ( 2118): ##################### set firmware type 0 #####################
D/WifiStateMachine( 2118): setWifiEnabled : WifiNative.setFwType(0)
D/FirewallPolicy( 2118): getURLFilterEnabled(true)
D/FirewallPolicy( 2118): isUrlBlocked - Policy disabled
D/WebView (26645): loadUrlImpl: called
D/webcore (26645):  CORE loadUrl: called
D/webkit  (26645): Firewall not null
D/FirewallPolicy( 2118): getURLFilterEnabled(true)
D/FirewallPolicy( 2118): isUrlBlocked - Policy disabled
D/webkit  (26645): euler: isUrlBlocked = false
D/FirewallPolicy( 2118): getURLFilterEnabled(true)
D/FirewallPolicy( 2118): isUrlBlocked - Policy disabled
I/ClipboardServiceEx( 2118): Send intent for dismiss clipboard dialog inside hideCurrentInputLocked() !
D/Geofence(26645): onLocationChanged: distance to GF backgroundrobotfactory is: 4064.6262
D/Geofence(26645): change or duck volume for track backgroundrobotfactory to:-0.5281724
D/Geofence(26645): onLocationChanged: distance to GF backgroundpwp is: 4064.6262
D/Geofence(26645): not vary volume for track backgroundpwp at default volume:0.9
D/Geofence(26645): onLocationChanged: distance to GF notificationbird is: 283039.8
D/Geofence(26645): not vary volume for track notificationbird at default volume:0.9
V/AlarmManager( 2118): waitForAlarm result :4
V/AlarmManager( 2118): trigger ELAPSED_REALTIME_WAKEUP or RTC_WAKEUP
D/STATUSBAR-NetworkController( 2250): refreshSignalCluster: data=0 bt=false
E/WifiHW  ( 2118): ##################### set firmware type 0 #####################
D/WifiStateMachine( 2118): setWifiEnabled : WifiNative.setFwType(0)
D/WifiService( 2118): startScan: false pid=2586, uid=10017
W/AlarmManager( 2118): FACTORY_ON= 0
I/wpa_supplicant( 2785): Scan requested (ret=0) - scan timeout 30 seconds
D/SensorService( 2118): sensor was already activated for this ident
D/SensorService( 2118): SensorDevice::activating sensor handle=0 ns=20000000 
D/AKMD2   ( 2118): akm_set_delay: accel same delay = 20000000 
I/SensorService( 2118): info.selectDelay() ns=5000000  
D/SensorService( 2118): SensorDevice::setDelay, Return(true 1, false 0) =  1
D/SensorManager( 2586): registerListener :: handle = 0  name= K3DH Acceleration Sensor delay= 0 Trklfufi 9 pka@,*d*e-f(
W/AlarmManager( 2118): FACTORY_ON= 0
W/SignalStrength( 2250): getGsmLevel=1
W/SignalStrength( 2250): getLevel=1 (SignalStrength: 4 -1 -1 -1 -1 -1 -1 -1 -1 -1 -1 -1 gsm|lte 1)
W/SignalStrength( 2250): getGsmLevel=1
W/SignalStrength( 2250): getLevel=1 (SignalStrength: 4 -1 -1 -1 -1 -1 -1 -1 -1 -1 -1 -1 gsm|lte 1)
D/STATUSBAR-NetworkController( 2250): onSignalStrengthsChanged signalStrength=SignalStrength: 4 -1 -1 -1 -1 -1 -1 -1 -1 -1 -1 -1 gsm|lte 1 level=1
W/SignalStrength( 2118): getGsmLevel=1
W/AlarmManager( 2118): FACTORY_ON= 0
D/STATUSBAR-NetworkController( 2250): refreshSignalCluster: data=0 bt=false
W/SignalStrength( 2118): getLevel=1 (SignalStrength: 4 -1 -1 -1 -1 -1 -1 -1 -1 -1 -1 -1 gsm|lte 1)
W/SignalStrength( 2118): getGsmDbm=-105
W/SignalStrength( 2118): getDbm=-105
W/SignalStrength( 2118): getGsmAsuLevel=4
W/SignalStrength( 2118): getAsuLevel=4
D/SensorManager( 2586): unregisterListener:: Trklfufi 9 pka@,*d*e-f(
I/SensorManager( 2586): Set min delay = 20000
I/SensorManager( 2586): Before sending... delay = 20000
D/Sensors ( 2586): Remain listener = hwx@41ae3040
I/Sensors ( 2586): sendDelay --- 20000000
I/SensorService( 2118): info.selectDelay() ns=20000000  
D/SensorService( 2118): SensorDevice::setDelay, Return(true 1, false 0) =  1
D/SensorManager( 2586): JNI - sendDelay
W/AlarmManager( 2118): FACTORY_ON= 0
W/AlarmManager( 2118): FACTORY_ON= 0
D/dalvikvm( 2586): GC_CONCURRENT freed 945K, 18% free 12326K/14919K, paused 2ms+4ms, total 63ms
D/STATUSBAR-NetworkController( 2250): refreshSignalCluster: data=0 bt=false
I/wpa_supplicant( 2785): nl80211: Received scan results (10 BSSes)
D/Tethering( 2118): interfaceLinkStateChanged wlan0, true
D/Tethering( 2118): interfaceStatusChanged wlan0, true
W/AlarmManager( 2118): FACTORY_ON= 0
E/WifiHW  ( 2118): ##################### set firmware type 0 #####################
D/WifiStateMachine( 2118): setWifiEnabled : WifiNative.setFwType(0)
W/AlarmManager( 2118): FACTORY_ON= 0
D/FirewallPolicy( 2118): getURLFilterEnabled(true)
D/FirewallPolicy( 2118): isUrlBlocked - Policy disabled
D/WebView (26645): loadUrlImpl: called
D/webcore (26645):  CORE loadUrl: called
D/webkit  (26645): Firewall not null
D/FirewallPolicy( 2118): getURLFilterEnabled(true)
D/FirewallPolicy( 2118): isUrlBlocked - Policy disabled
D/webkit  (26645): euler: isUrlBlocked = false
D/FirewallPolicy( 2118): getURLFilterEnabled(true)
I/ClipboardServiceEx( 2118): Send intent for dismiss clipboard dialog inside hideCurrentInputLocked() !
D/FirewallPolicy( 2118): isUrlBlocked - Policy disabled
D/Geofence(26645): onLocationChanged: distance to GF backgroundrobotfactory is: 4064.6304
D/Geofence(26645): change or duck volume for track backgroundrobotfactory to:-0.5281726
D/Geofence(26645): onLocationChanged: distance to GF backgroundpwp is: 4064.6304
D/Geofence(26645): not vary volume for track backgroundpwp at default volume:0.9
D/Geofence(26645): onLocationChanged: distance to GF notificationbird is: 283039.8
D/Geofence(26645): not vary volume for track notificationbird at default volume:0.9
D/dalvikvm( 2473): GC_CONCURRENT freed 735K, 15% free 12442K/14599K, paused 51ms+29ms, total 203ms
D/dalvikvm(26645): GC_CONCURRENT freed 480K, 15% free 10021K/11783K, paused 13ms+2ms, total 43ms
V/AlarmManager( 2118): waitForAlarm result :4
V/AlarmManager( 2118): trigger ELAPSED_REALTIME_WAKEUP or RTC_WAKEUP
D/STATUSBAR-NetworkController( 2250): refreshSignalCluster: data=0 bt=false
E/WifiHW  ( 2118): ##################### set firmware type 0 #####################
D/WifiStateMachine( 2118): setWifiEnabled : WifiNative.setFwType(0)
D/WifiService( 2118): startScan: false pid=2586, uid=10017
W/AlarmManager( 2118): FACTORY_ON= 0
I/wpa_supplicant( 2785): Scan requested (ret=0) - scan timeout 30 seconds
D/dalvikvm( 2586): WAIT_FOR_CONCURRENT_GC blocked 0ms
D/dalvikvm( 2586): GC_EXPLICIT freed 437K, 19% free 12171K/14919K, paused 3ms+3ms, total 59ms
D/SensorService( 2118): sensor was already activated for this ident
D/SensorService( 2118): SensorDevice::activating sensor handle=0 ns=20000000 
D/AKMD2   ( 2118): akm_set_delay: accel same delay = 20000000 
I/SensorService( 2118): info.selectDelay() ns=5000000  
D/SensorService( 2118): SensorDevice::setDelay, Return(true 1, false 0) =  1
D/SensorManager( 2586): registerListener :: handle = 0  name= K3DH Acceleration Sensor delay= 0 Trklfufi 9 pka@,*dc(/(8
W/AlarmManager( 2118): FACTORY_ON= 0
W/SignalStrength( 2250): getGsmLevel=2
W/SignalStrength( 2250): getLevel=2 (SignalStrength: 4 -1 -1 -1 -1 -1 -1 -1 -1 -1 -1 -1 gsm|lte 2)
W/SignalStrength( 2250): getGsmLevel=2
D/STATUSBAR-NetworkController( 2250): onSignalStrengthsChanged signalStrength=SignalStrength: 4 -1 -1 -1 -1 -1 -1 -1 -1 -1 -1 -1 gsm|lte 2 level=2
W/SignalStrength( 2250): getLevel=2 (SignalStrength: 4 -1 -1 -1 -1 -1 -1 -1 -1 -1 -1 -1 gsm|lte 2)
W/AlarmManager( 2118): FACTORY_ON= 0
D/STATUSBAR-NetworkController( 2250): refreshSignalCluster: data=0 bt=false
W/SignalStrength( 2118): getGsmLevel=2
W/SignalStrength( 2118): getLevel=2 (SignalStrength: 4 -1 -1 -1 -1 -1 -1 -1 -1 -1 -1 -1 gsm|lte 2)
W/SignalStrength( 2118): getGsmDbm=-105
W/SignalStrength( 2118): getDbm=-105
W/SignalStrength( 2118): getGsmAsuLevel=4
W/SignalStrength( 2118): getAsuLevel=4
W/SignalStrength( 2118): getGsmLevel=1
W/SignalStrength( 2250): getGsmLevel=1
W/AlarmManager( 2118): FACTORY_ON= 0
W/SignalStrength( 2250): getLevel=1 (SignalStrength: 4 -1 -1 -1 -1 -1 -1 -1 -1 -1 -1 -1 gsm|lte 1)
W/SignalStrength( 2250): getGsmLevel=1
D/STATUSBAR-NetworkController( 2250): onSignalStrengthsChanged signalStrength=SignalStrength: 4 -1 -1 -1 -1 -1 -1 -1 -1 -1 -1 -1 gsm|lte 1 level=1
W/SignalStrength( 2118): getLevel=1 (SignalStrength: 4 -1 -1 -1 -1 -1 -1 -1 -1 -1 -1 -1 gsm|lte 1)
W/SignalStrength( 2250): getLevel=1 (SignalStrength: 4 -1 -1 -1 -1 -1 -1 -1 -1 -1 -1 -1 gsm|lte 1)
D/STATUSBAR-NetworkController( 2250): refreshSignalCluster: data=0 bt=false
W/SignalStrength( 2118): getGsmDbm=-105
W/SignalStrength( 2118): getDbm=-105
W/SignalStrength( 2118): getGsmAsuLevel=4
W/SignalStrength( 2118): getAsuLevel=4
D/SensorManager( 2586): unregisterListener:: Trklfufi 9 pka@,*dc(/(8
I/SensorManager( 2586): Set min delay = 20000
I/SensorManager( 2586): Before sending... delay = 20000
D/Sensors ( 2586): Remain listener = hwx@41ae3040
I/Sensors ( 2586): sendDelay --- 20000000
I/SensorService( 2118): info.selectDelay() ns=20000000  
D/SensorService( 2118): SensorDevice::setDelay, Return(true 1, false 0) =  1
D/SensorManager( 2586): JNI - sendDelay
W/AlarmManager( 2118): FACTORY_ON= 0
D/STATUSBAR-NetworkController( 2250): refreshSignalCluster: data=0 bt=false
I/wpa_supplicant( 2785): nl80211: Received scan results (10 BSSes)
D/Tethering( 2118): interfaceLinkStateChanged wlan0, true
D/Tethering( 2118): interfaceStatusChanged wlan0, true
W/AlarmManager( 2118): FACTORY_ON= 0
D/FirewallPolicy( 2118): getURLFilterEnabled(true)
D/FirewallPolicy( 2118): isUrlBlocked - Policy disabled
D/WebView (26645): loadUrlImpl: called
D/webcore (26645):  CORE loadUrl: called
D/webkit  (26645): Firewall not null
D/FirewallPolicy( 2118): getURLFilterEnabled(true)
D/FirewallPolicy( 2118): isUrlBlocked - Policy disabled
D/webkit  (26645): euler: isUrlBlocked = false
D/FirewallPolicy( 2118): getURLFilterEnabled(true)
D/FirewallPolicy( 2118): isUrlBlocked - Policy disabled
W/AlarmManager( 2118): FACTORY_ON= 0
E/WifiHW  ( 2118): ##################### set firmware type 0 #####################
D/WifiStateMachine( 2118): setWifiEnabled : WifiNative.setFwType(0)
I/ClipboardServiceEx( 2118): Send intent for dismiss clipboard dialog inside hideCurrentInputLocked() !
D/Geofence(26645): onLocationChanged: distance to GF backgroundrobotfactory is: 4064.6304
D/Geofence(26645): change or duck volume for track backgroundrobotfactory to:-0.5281726
D/Geofence(26645): onLocationChanged: distance to GF backgroundpwp is: 4064.6304
D/Geofence(26645): not vary volume for track backgroundpwp at default volume:0.9
D/Geofence(26645): onLocationChanged: distance to GF notificationbird is: 283039.8
D/Geofence(26645): not vary volume for track notificationbird at default volume:0.9
D/dalvikvm( 2586): GC_CONCURRENT freed 903K, 19% free 12177K/14919K, paused 14ms+3ms, total 120ms
V/AlarmManager( 2118): waitForAlarm result :4
V/AlarmManager( 2118): trigger ELAPSED_REALTIME_WAKEUP or RTC_WAKEUP
D/STATUSBAR-NetworkController( 2250): refreshSignalCluster: data=0 bt=false
W/ProcessStats( 2118): Skipping unknown process pid 26774
W/ProcessStats( 2118): Skipping unknown process pid 26776
W/ProcessStats( 2118): Skipping unknown process pid 26777
E/WifiHW  ( 2118): ##################### set firmware type 0 #####################
D/WifiStateMachine( 2118): setWifiEnabled : WifiNative.setFwType(0)
D/WifiService( 2118): startScan: false pid=2586, uid=10017
W/AlarmManager( 2118): FACTORY_ON= 0
I/wpa_supplicant( 2785): Scan requested (ret=0) - scan timeout 30 seconds
D/SensorService( 2118): sensor was already activated for this ident
D/SensorService( 2118): SensorDevice::activating sensor handle=0 ns=20000000 
D/AKMD2   ( 2118): akm_set_delay: accel same delay = 20000000 
I/SensorService( 2118): info.selectDelay() ns=5000000  
D/SensorService( 2118): SensorDevice::setDelay, Return(true 1, false 0) =  1
D/SensorManager( 2586): registerListener :: handle = 0  name= K3DH Acceleration Sensor delay= 0 Trklfufi 9 pka@,*dab(c(
W/AlarmManager( 2118): FACTORY_ON= 0
D/dalvikvm( 2250): GC_CONCURRENT freed 2071K, 30% free 15063K/21255K, paused 18ms+25ms, total 171ms
V/WindowOrientationListener( 2118): nearestRotation : 0   Angle: 21   tilt: 50
