D/Geofence(26424): Parsed geofence audio object: id: 3 lat: 53.3962146 lon:-2.9807227 radius:20.0 duration:1200000 transitions: 3 track:notificationbird loop:false vary_volume:false
D/Geofence(26424): requesting adding of background geofence list items
D/Geofence(26424): GeofenceRequester:Connected
D/STATUSBAR-NotificationService( 2118): enqueueToast()
I/SurfaceFlinger( 1837): id=729(2) createSurf 0x41b6cf8c (1x1),1 flag=0, Uoast
D/KeyguardViewMediator( 2118): setHidden false
D/PowerManagerService( 2118): acquireWakeLock flags=0x2000000a tag=KEEP_SCREEN_ON_FLAG uid=1000 pid=2118
D/Geofence(26424): GeofenceRequester:onAddGeofencesResult
D/GpsLocationProvider( 2118): setMinTime 5000
I/LocationManagerService( 2118): request gps (pid 2586) 5000 5000
D/STATUSBAR-NotificationService( 2118): enqueueToast()
D/Geofence(26424): Add Geofences: Success GeofenceRequestIds=[backgroundrobotfactory, backgroundpwp, notificationbird]
D/GpsLocationProvider( 2118): setMinTime 5000
I/LocationManagerService( 2118): request gps (pid 2586) 5000 5000
D/SensorService( 2118): sensor was already activated for this ident
D/SensorService( 2118): SensorDevice::activating sensor handle=0 ns=20000000 
D/AKMD2   ( 2118): akm_set_delay: accel same delay = 20000000 
I/SensorService( 2118): info.selectDelay() ns=5000000  
D/SensorService( 2118): SensorDevice::setDelay, Return(true 1, false 0) =  1
D/SensorManager( 2586): registerListener :: handle = 0  name= K3DH Acceleration Sensor delay= 0 Trklfufi 9 pka@,*c.e.*(
D/KeyguardViewMediator( 2118): setHidden false
D/Geofence(26424): GeofenceSampleReceiver:handleGeofenceStatus: Intent { act=com.example.android.geofence.ACTION_GEOFENCES_ADDED cat=[com.example.android.geofence.CATEGORY_LOCATION_SERVICES] (has extras) }
D/WifiService( 2118): startScan: false pid=2586, uid=10017
W/AlarmManager( 2118): FACTORY_ON= 0
D/WifiService( 2118): startScan: false pid=2586, uid=10017
W/AlarmManager( 2118): FACTORY_ON= 0
W/AlarmManager( 2118): FACTORY_ON= 0
D/dalvikvm( 2586): GC_CONCURRENT freed 872K, 19% free 12176K/14919K, paused 2ms+2ms, total 62ms
W/AlarmManager( 2118): FACTORY_ON= 0
D/KeyguardViewMediator( 2118): setHidden false
D/KeyguardViewMediator( 2118): setHidden false
D/KeyguardViewMediator( 2118): setHidden false
I/SurfaceFlinger( 1837): id=730(3) createSurf 0x4120e01c (1x1),1 flag=0, Uoast
D/KeyguardViewMediator( 2118): setHidden false
D/STATUSBAR-NetworkController( 2250): refreshSignalCluster: data=0 bt=false
D/KeyguardViewMediator( 2118): setHidden false
I/wpa_supplicant( 2785): nl80211: Received scan results (10 BSSes)
D/Tethering( 2118): interfaceLinkStateChanged wlan0, true
D/Tethering( 2118): interfaceStatusChanged wlan0, true
D/KeyguardViewMediator( 2118): setHidden false
I/SurfaceFlinger( 1837): id=729 Removed Uoast idx=5 MapSz=4
I/SurfaceFlinger( 1837): id=729 Removed Uoast idx=-2 MapSz=4
D/KeyguardViewMediator( 2118): setHidden false
W/AlarmManager( 2118): FACTORY_ON= 0
D/FirewallPolicy( 2118): getURLFilterEnabled(true)
D/FirewallPolicy( 2118): isUrlBlocked - Policy disabled
E/WifiHW  ( 2118): ##################### set firmware type 0 #####################
D/WifiStateMachine( 2118): setWifiEnabled : WifiNative.setFwType(0)
D/WebView (26424): loadUrlImpl: called
D/webcore (26424):  CORE loadUrl: called
D/webkit  (26424): Firewall not null
D/Geofence(26424): onLocationChanged: distance to GF backgroundrobotfactory is: 4065.1196
D/FirewallPolicy( 2118): getURLFilterEnabled(true)
D/FirewallPolicy( 2118): isUrlBlocked - Policy disabled
D/webkit  (26424): euler: isUrlBlocked = false
D/FirewallPolicy( 2118): getURLFilterEnabled(true)
D/FirewallPolicy( 2118): isUrlBlocked - Policy disabled
I/ClipboardServiceEx( 2118): Send intent for dismiss clipboard dialog inside hideCurrentInputLocked() !
D/Geofence(26424): change or duck volume for track backgroundrobotfactory to:-0.5281948
D/Geofence(26424): onLocationChanged: distance to GF backgroundpwp is: 4065.1196
D/Geofence(26424): not vary volume for track backgroundpwp at default volume:0.9
W/AlarmManager( 2118): FACTORY_ON= 0
D/Geofence(26424): onLocationChanged: distance to GF notificationbird is: 283039.7
D/Geofence(26424): not vary volume for track notificationbird at default volume:0.9
D/dalvikvm(26424): GC_CONCURRENT freed 366K, 15% free 9998K/11655K, paused 2ms+2ms, total 37ms
D/KeyguardViewMediator( 2118): setHidden false
D/KeyguardViewMediator( 2118): setHidden false
D/STATUSBAR-NetworkController( 2250): refreshSignalCluster: data=0 bt=false
D/FirewallPolicy( 2118): getURLFilterEnabled(true)
D/FirewallPolicy( 2118): isUrlBlocked - Policy disabled
D/FirewallPolicy( 2118): getURLFilterEnabled(true)
D/FirewallPolicy( 2118): isUrlBlocked - Policy disabled
I/ClipboardServiceEx( 2118): Send intent for dismiss clipboard dialog inside hideCurrentInputLocked() !
D/TilesManager(26424): new EGLContext from framework: 4fb6bb58 
D/GLWebViewState(26424): Reinit shader
D/GLWebViewState(26424): Reinit transferQueue
D/SensorManager( 2586): unregisterListener:: Trklfufi 9 pka@,*c.e.*(
I/SensorManager( 2586): Set min delay = 20000
I/SensorManager( 2586): Before sending... delay = 20000
D/Sensors ( 2586): Remain listener = hwx@41ae3040
I/Sensors ( 2586): sendDelay --- 20000000
I/SensorService( 2118): info.selectDelay() ns=20000000  
D/SensorService( 2118): SensorDevice::setDelay, Return(true 1, false 0) =  1
D/SensorManager( 2586): JNI - sendDelay
D/FirewallPolicy( 2118): getURLFilterEnabled(true)
D/FirewallPolicy( 2118): isUrlBlocked - Policy disabled
D/FirewallPolicy( 2118): getURLFilterEnabled(true)
D/FirewallPolicy( 2118): isUrlBlocked - Policy disabled
D/FirewallPolicy( 2118): getURLFilterEnabled(true)
D/FirewallPolicy( 2118): isUrlBlocked - Policy disabled
D/FirewallPolicy( 2118): getURLFilterEnabled(true)
D/FirewallPolicy( 2118): isUrlBlocked - Policy disabled
D/FirewallPolicy( 2118): getURLFilterEnabled(true)
D/FirewallPolicy( 2118): isUrlBlocked - Policy disabled
D/FirewallPolicy( 2118): getURLFilterEnabled(true)
D/FirewallPolicy( 2118): isUrlBlocked - Policy disabled
W/AlarmManager( 2118): FACTORY_ON= 0
D/FirewallPolicy( 2118): getURLFilterEnabled(true)
D/FirewallPolicy( 2118): isUrlBlocked - Policy disabled
D/FirewallPolicy( 2118): getURLFilterEnabled(true)
D/FirewallPolicy( 2118): isUrlBlocked - Policy disabled
D/FirewallPolicy( 2118): getURLFilterEnabled(true)
D/FirewallPolicy( 2118): isUrlBlocked - Policy disabled
D/FirewallPolicy( 2118): getURLFilterEnabled(true)
D/FirewallPolicy( 2118): isUrlBlocked - Policy disabled
D/dalvikvm( 2586): GC_CONCURRENT freed 788K, 18% free 12322K/14919K, paused 17ms+4ms, total 109ms
D/FirewallPolicy( 2118): getURLFilterEnabled(true)
D/FirewallPolicy( 2118): isUrlBlocked - Policy disabled
D/FirewallPolicy( 2118): getURLFilterEnabled(true)
D/FirewallPolicy( 2118): isUrlBlocked - Policy disabled
D/FirewallPolicy( 2118): getURLFilterEnabled(true)
D/FirewallPolicy( 2118): isUrlBlocked - Policy disabled
D/RenderLayerBacking(26424): isDirectlyCompositedImage : layer(256,256) [composited bounds 0,0]
D/RenderLayerBacking(26424): isDirectlyCompositedImage : layer(256,256) [composited bounds 0,0]
D/RenderLayerBacking(26424): isDirectlyCompositedImage : layer(256,256) [composited bounds 0,0]
D/RenderLayerBacking(26424): isDirectlyCompositedImage : layer(256,256) [composited bounds 0,0]
D/RenderLayerBacking(26424): isDirectlyCompositedImage : layer(256,256) [composited bounds 0,0]
D/RenderLayerBacking(26424): isDirectlyCompositedImage : layer(256,256) [composited bounds 0,0]
D/RenderLayerBacking(26424): isDirectlyCompositedImage : layer(256,256) [composited bounds 0,0]
D/RenderLayerBacking(26424): isDirectlyCompositedImage : layer(256,256) [composited bounds 0,0]
D/RenderLayerBacking(26424): isDirectlyCompositedImage : layer(256,256) [composited bounds 0,0]
D/RenderLayerBacking(26424): isDirectlyCompositedImage : layer(256,256) [composited bounds 0,0]
D/RenderLayerBacking(26424): isDirectlyCompositedImage : layer(256,256) [composited bounds 0,0]
D/RenderLayerBacking(26424): isDirectlyCompositedImage : layer(256,256) [composited bounds 0,0]
D/RenderLayerBacking(26424): isDirectlyCompositedImage : layer(256,256) [composited bounds 0,0]
D/RenderLayerBacking(26424): isDirectlyCompositedImage : layer(256,256) [composited bounds 0,0]
D/RenderLayerBacking(26424): isDirectlyCompositedImage : layer(256,256) [composited bounds 0,0]
D/RenderLayerBacking(26424): isDirectlyCompositedImage : layer(256,256) [composited bounds 0,0]
D/RenderLayerBacking(26424): isDirectlyCompositedImage : layer(256,256) [composited bounds 0,0]
D/RenderLayerBacking(26424): isDirectlyCompositedImage : layer(256,256) [composited bounds 0,0]
D/RenderLayerBacking(26424): isDirectlyCompositedImage : layer(256,256) [composited bounds 0,0]
D/RenderLayerBacking(26424): isDirectlyCompositedImage : layer(256,256) [composited bounds 0,0]
D/RenderLayerBacking(26424): isDirectlyCompositedImage : layer(256,256) [composited bounds 0,0]
I/GATE    (26424): <GATE-M>DEV_ACTION_COMPLETED</GATE-M>
D/RenderLayerBacking(26424): isDirectlyCompositedImage : layer(256,256) [composited bounds 0,0]
D/RenderLayerBacking(26424): isDirectlyCompositedImage : layer(256,256) [composited bounds 0,0]
D/KeyguardViewMediator( 2118): setHidden false
D/KeyguardViewMediator( 2118): setHidden false
I/SurfaceFlinger( 1837): id=730 Removed Uoast idx=5 MapSz=3
I/SurfaceFlinger( 1837): id=730 Removed Uoast idx=-2 MapSz=3
D/KeyguardViewMediator( 2118): setHidden false
D/PowerManagerService( 2118): releaseWakeLockLocked : ON_AFTER_RELEASE
D/PowerManagerService( 2118): releaseWakeLockLocked flags=0x0 tag=KEEP_SCREEN_ON_FLAG
D/KeyguardViewMediator( 2118): setHidden false
W/SignalStrength( 2118): getGsmLevel=2
W/SignalStrength( 2250): getGsmLevel=2
W/SignalStrength( 2250): getLevel=2 (SignalStrength: 10 -1 -1 -1 -1 -1 -1 -1 -1 -1 -1 -1 gsm|lte 2)
W/SignalStrength( 2250): getGsmLevel=2
W/SignalStrength( 2250): getLevel=2 (SignalStrength: 10 -1 -1 -1 -1 -1 -1 -1 -1 -1 -1 -1 gsm|lte 2)
D/STATUSBAR-NetworkController( 2250): onSignalStrengthsChanged signalStrength=SignalStrength: 10 -1 -1 -1 -1 -1 -1 -1 -1 -1 -1 -1 gsm|lte 2 level=2
D/STATUSBAR-NetworkController( 2250): refreshSignalCluster: data=0 bt=false
W/AlarmManager( 2118): FACTORY_ON= 0
W/SignalStrength( 2118): getLevel=2 (SignalStrength: 10 -1 -1 -1 -1 -1 -1 -1 -1 -1 -1 -1 gsm|lte 2)
W/SignalStrength( 2118): getGsmDbm=-93
W/SignalStrength( 2118): getDbm=-93
W/SignalStrength( 2118): getGsmAsuLevel=10
W/SignalStrength( 2118): getAsuLevel=10
W/SignalStrength( 2250): getGsmLevel=2
W/SignalStrength( 2250): getLevel=2 (SignalStrength: 9 -1 -1 -1 -1 -1 -1 -1 -1 -1 -1 -1 gsm|lte 2)
D/STATUSBAR-NetworkController( 2250): onSignalStrengthsChanged signalStrength=SignalStrength: 9 -1 -1 -1 -1 -1 -1 -1 -1 -1 -1 -1 gsm|lte 2 level=2
W/SignalStrength( 2250): getGsmLevel=2
W/SignalStrength( 2250): getLevel=2 (SignalStrength: 9 -1 -1 -1 -1 -1 -1 -1 -1 -1 -1 -1 gsm|lte 2)
W/AlarmManager( 2118): FACTORY_ON= 0
W/SignalStrength( 2118): getGsmLevel=2
W/SignalStrength( 2118): getLevel=2 (SignalStrength: 9 -1 -1 -1 -1 -1 -1 -1 -1 -1 -1 -1 gsm|lte 2)
V/AlarmManager( 2118): waitForAlarm result :4
W/SignalStrength( 2118): getGsmDbm=-95
W/SignalStrength( 2118): getDbm=-95
W/SignalStrength( 2118): getGsmAsuLevel=9
W/SignalStrength( 2118): getAsuLevel=9
D/STATUSBAR-NetworkController( 2250): refreshSignalCluster: data=0 bt=false
V/AlarmManager( 2118): trigger ELAPSED_REALTIME_WAKEUP or RTC_WAKEUP
V/AlarmManager( 2118): waitForAlarm result :4
E/WifiHW  ( 2118): ##################### set firmware type 0 #####################
D/WifiStateMachine( 2118): setWifiEnabled : WifiNative.setFwType(0)
D/WifiService( 2118): startScan: false pid=2586, uid=10017
W/AlarmManager( 2118): FACTORY_ON= 0
I/wpa_supplicant( 2785): Scan requested (ret=0) - scan timeout 30 seconds
D/SensorService( 2118): sensor was already activated for this ident
D/SensorService( 2118): SensorDevice::activating sensor handle=0 ns=20000000 
D/AKMD2   ( 2118): akm_set_delay: accel same delay = 20000000 
I/SensorService( 2118): info.selectDelay() ns=5000000  
D/SensorService( 2118): SensorDevice::setDelay, Return(true 1, false 0) =  1
D/SensorManager( 2586): registerListener :: handle = 0  name= K3DH Acceleration Sensor delay= 0 Trklfufi 9 pka@,*dcaee(
W/AlarmManager( 2118): FACTORY_ON= 0
W/PowerManagerService( 2118): Timer 0x3->0x3|0x0
D/PowerManagerService( 2118): setTimeoutLocked::SmartSleep : after 108300
D/STATUSBAR-NetworkController( 2250): refreshSignalCluster: data=0 bt=false
D/STATUSBAR-NetworkController( 2250): refreshSignalCluster: data=0 bt=false
V/WindowOrientationListener( 2118): nearestRotation : 0   Angle: 7   tilt: 54
W/SignalStrength( 2118): getGsmLevel=2
W/AlarmManager( 2118): FACTORY_ON= 0
W/SignalStrength( 2118): getLevel=2 (SignalStrength: 8 -1 -1 -1 -1 -1 -1 -1 -1 -1 -1 -1 gsm|lte 2)
W/SignalStrength( 2250): getGsmLevel=2
W/SignalStrength( 2250): getLevel=2 (SignalStrength: 8 -1 -1 -1 -1 -1 -1 -1 -1 -1 -1 -1 gsm|lte 2)
D/STATUSBAR-NetworkController( 2250): onSignalStrengthsChanged signalStrength=SignalStrength: 8 -1 -1 -1 -1 -1 -1 -1 -1 -1 -1 -1 gsm|lte 2 level=2
W/SignalStrength( 2250): getGsmLevel=2
W/SignalStrength( 2250): getLevel=2 (SignalStrength: 8 -1 -1 -1 -1 -1 -1 -1 -1 -1 -1 -1 gsm|lte 2)
W/SignalStrength( 2118): getGsmDbm=-97
W/SignalStrength( 2118): getDbm=-97
W/SignalStrength( 2118): getGsmAsuLevel=8
W/SignalStrength( 2118): getAsuLevel=8
D/STATUSBAR-NetworkController( 2250): refreshSignalCluster: data=0 bt=false
D/SensorManager( 2586): unregisterListener:: Trklfufi 9 pka@,*dcaee(
I/SensorManager( 2586): Set min delay = 20000
I/SensorManager( 2586): Before sending... delay = 20000
D/Sensors ( 2586): Remain listener = hwx@41ae3040
I/Sensors ( 2586): sendDelay --- 20000000
I/SensorService( 2118): info.selectDelay() ns=20000000  
D/SensorService( 2118): SensorDevice::setDelay, Return(true 1, false 0) =  1
D/SensorManager( 2586): JNI - sendDelay
W/AlarmManager( 2118): FACTORY_ON= 0
D/STATUSBAR-NetworkController( 2250): refreshSignalCluster: data=0 bt=false
I/wpa_supplicant( 2785): nl80211: Received scan results (10 BSSes)
D/Tethering( 2118): interfaceLinkStateChanged wlan0, true
D/Tethering( 2118): interfaceStatusChanged wlan0, true
W/AlarmManager( 2118): FACTORY_ON= 0
D/FirewallPolicy( 2118): getURLFilterEnabled(true)
D/FirewallPolicy( 2118): isUrlBlocked - Policy disabled
D/WebView (26424): loadUrlImpl: called
D/webcore (26424):  CORE loadUrl: called
D/webkit  (26424): Firewall not null
D/FirewallPolicy( 2118): getURLFilterEnabled(true)
D/FirewallPolicy( 2118): isUrlBlocked - Policy disabled
D/webkit  (26424): euler: isUrlBlocked = false
D/FirewallPolicy( 2118): getURLFilterEnabled(true)
D/FirewallPolicy( 2118): isUrlBlocked - Policy disabled
W/SignalStrength( 2250): getGsmLevel=1
W/SignalStrength( 2118): getGsmLevel=1
W/SignalStrength( 2118): getLevel=1 (SignalStrength: 8 -1 -1 -1 -1 -1 -1 -1 -1 -1 -1 -1 gsm|lte 1)
W/SignalStrength( 2250): getLevel=1 (SignalStrength: 8 -1 -1 -1 -1 -1 -1 -1 -1 -1 -1 -1 gsm|lte 1)
W/SignalStrength( 2250): getGsmLevel=1
W/SignalStrength( 2250): getLevel=1 (SignalStrength: 8 -1 -1 -1 -1 -1 -1 -1 -1 -1 -1 -1 gsm|lte 1)
W/SignalStrength( 2118): getGsmDbm=-97
W/SignalStrength( 2118): getDbm=-97
W/SignalStrength( 2118): getGsmAsuLevel=8
W/SignalStrength( 2118): getAsuLevel=8
W/SignalStrength( 2118): getGsmLevel=1
W/SignalStrength( 2118): getLevel=1 (SignalStrength: 7 -1 -1 -1 -1 -1 -1 -1 -1 -1 -1 -1 gsm|lte 1)
D/STATUSBAR-NetworkController( 2250): onSignalStrengthsChanged signalStrength=SignalStrength: 8 -1 -1 -1 -1 -1 -1 -1 -1 -1 -1 -1 gsm|lte 1 level=1
D/STATUSBAR-NetworkController( 2250): refreshSignalCluster: data=0 bt=false
W/SignalStrength( 2250): getGsmLevel=1
W/SignalStrength( 2250): getLevel=1 (SignalStrength: 7 -1 -1 -1 -1 -1 -1 -1 -1 -1 -1 -1 gsm|lte 1)
W/SignalStrength( 2250): getGsmLevel=1
W/SignalStrength( 2250): getLevel=1 (SignalStrength: 7 -1 -1 -1 -1 -1 -1 -1 -1 -1 -1 -1 gsm|lte 1)
W/AlarmManager( 2118): FACTORY_ON= 0
D/STATUSBAR-NetworkController( 2250): onSignalStrengthsChanged signalStrength=SignalStrength: 7 -1 -1 -1 -1 -1 -1 -1 -1 -1 -1 -1 gsm|lte 1 level=1
W/SignalStrength( 2118): getGsmDbm=-99
W/SignalStrength( 2118): getDbm=-99
W/SignalStrength( 2118): getGsmAsuLevel=7
W/SignalStrength( 2118): getAsuLevel=7
E/WifiHW  ( 2118): ##################### set firmware type 0 #####################
D/WifiStateMachine( 2118): setWifiEnabled : WifiNative.setFwType(0)
I/ClipboardServiceEx( 2118): Send intent for dismiss clipboard dialog inside hideCurrentInputLocked() !
D/Geofence(26424): onLocationChanged: distance to GF backgroundrobotfactory is: 4065.0962
D/Geofence(26424): change or duck volume for track backgroundrobotfactory to:-0.5281936
D/Geofence(26424): onLocationChanged: distance to GF backgroundpwp is: 4065.0962
D/Geofence(26424): not vary volume for track backgroundpwp at default volume:0.9
D/Geofence(26424): onLocationChanged: distance to GF notificationbird is: 283039.7
D/Geofence(26424): not vary volume for track notificationbird at default volume:0.9
W/AlarmManager( 2118): FACTORY_ON= 0
W/AlarmManager( 2118): FACTORY_ON= 0
D/dalvikvm( 2586): GC_CONCURRENT freed 1074K, 19% free 12173K/14919K, paused 3ms+3ms, total 114ms
D/STATUSBAR-NetworkController( 2250): refreshSignalCluster: data=0 bt=false
V/AlarmManager( 2118): waitForAlarm result :4
V/AlarmManager( 2118): trigger ELAPSED_REALTIME_WAKEUP or RTC_WAKEUP
E/WifiHW  ( 2118): ##################### set firmware type 0 #####################
D/WifiStateMachine( 2118): setWifiEnabled : WifiNative.setFwType(0)
D/WifiService( 2118): startScan: false pid=2586, uid=10017
W/AlarmManager( 2118): FACTORY_ON= 0
I/wpa_supplicant( 2785): Scan requested (ret=0) - scan timeout 30 seconds
D/SensorService( 2118): sensor was already activated for this ident
D/SensorService( 2118): SensorDevice::activating sensor handle=0 ns=20000000 
D/AKMD2   ( 2118): akm_set_delay: accel same delay = 20000000 
I/SensorService( 2118): info.selectDelay() ns=5000000  
D/SensorService( 2118): SensorDevice::setDelay, Return(true 1, false 0) =  1
D/SensorManager( 2586): registerListener :: handle = 0  name= K3DH Acceleration Sensor delay= 0 Trklfufi 9 pka@,*ddaf8(
W/AlarmManager( 2118): FACTORY_ON= 0
D/Geofence(26424): adding Conversations geofences
D/Geofence(26424): parsed conversations string into 1
D/Geofence(26424): processing Convo: name: RobotBob Convo 1A
D/Geofence(26424): id:1 latitude:55.948407 longitude:-3.121025 radius:250.0 duration: 1200000 transitions: 3 track: convo1ablock1onComplete for Class:class com.example.android.geofence.Dialog
D/Geofence(26424): I'm from the other side of the Rift, pleased to meet you.What's it to you Tin Man?Just a visitor. Why are you smashing other robots?
D/Geofence(26424): requesting adding of convo geofence list items
D/STATUSBAR-NotificationService( 2118): enqueueToast()
D/Geofence(26424): GeofenceRequester:Connected
D/GpsLocationProvider( 2118): setMinTime 5000
I/LocationManagerService( 2118): request gps (pid 2586) 5000 5000
D/WifiService( 2118): startScan: false pid=2586, uid=10017
W/AlarmManager( 2118): FACTORY_ON= 0
W/AlarmManager( 2118): FACTORY_ON= 0
I/SurfaceFlinger( 1837): id=731(4) createSurf 0x401d2f64 (1x1),1 flag=0, Uoast
D/KeyguardViewMediator( 2118): setHidden false
D/Geofence(26424): GeofenceRequester:onAddGeofencesResult
D/PowerManagerService( 2118): acquireWakeLock flags=0x2000000a tag=KEEP_SCREEN_ON_FLAG uid=1000 pid=2118
D/Geofence(26424): Add Geofences: Success GeofenceRequestIds=[CONVO_RobotBob Convo 1A]
D/STATUSBAR-NotificationService( 2118): enqueueToast()
D/KeyguardViewMediator( 2118): setHidden false
D/Geofence(26424): GeofenceSampleReceiver:handleGeofenceStatus: Intent { act=com.example.android.geofence.ACTION_GEOFENCES_ADDED cat=[com.example.android.geofence.CATEGORY_LOCATION_SERVICES] (has extras) }
D/KeyguardViewMediator( 2118): setHidden false
D/KeyguardViewMediator( 2118): setHidden false
D/SensorManager( 2586): unregisterListener:: Trklfufi 9 pka@,*ddaf8(
I/SensorManager( 2586): Set min delay = 20000
I/SensorManager( 2586): Before sending... delay = 20000
D/Sensors ( 2586): Remain listener = hwx@41ae3040
I/Sensors ( 2586): sendDelay --- 20000000
I/SensorService( 2118): info.selectDelay() ns=20000000  
D/SensorService( 2118): SensorDevice::setDelay, Return(true 1, false 0) =  1
D/SensorManager( 2586): JNI - sendDelay
D/Geofence(26424): adding buildings geofences
D/Geofence(26424): processing building: name: Baltic Bakehouse
D/Geofence(26424): id:1 latitude:53.396835 longitude:-2.981906 radius:20.0 duration: 1200000 transitions: 3
W/AlarmManager( 2118): FACTORY_ON= 0
W/AlarmManager( 2118): FACTORY_ON= 0
D/dalvikvm(26424): GC_CONCURRENT freed 435K, 15% free 10064K/11783K, paused 13ms+7ms, total 65ms
D/Geofence(26424): processing building: name: Bens Office
D/Geofence(26424): id:2 latitude:55.936518 longitude:-3.180559 radius:20.0 duration: 1200000 transitions: 3
D/Geofence(26424): processing building: name: 24 Kitchen St
D/Geofence(26424): id:3 latitude:53.3973234 longitude:-2.9818659 radius:20.0 duration: 1200000 transitions: 3
D/Geofence(26424): processing building: name: Siren St James Street
D/Geofence(26424): id:4 latitude:53.396699 longitude:-2.979374 radius:20.0 duration: 1200000 transitions: 3
D/Geofence(26424): processing building: name: District Picket
D/Geofence(26424): id:5 latitude:53.39516 longitude:-2.981205 radius:20.0 duration: 1200000 transitions: 3
D/Geofence(26424): processing building: name: The Lantern Theatre
D/Geofence(26424): id:6 latitude:53.396892 longitude:-2.983602 radius:20.0 duration: 1200000 transitions: 3
D/Geofence(26424): processing building: name: Swedish Seamans Church
D/Geofence(26424): id:7 latitude:53.399638 longitude:-2.98431 radius:20.0 duration: 1200000 transitions: 3
D/Geofence(26424): processing building: name: Baltic Creative
D/Geofence(26424): id:8 latitude:53.395306 longitude:-2.980001 radius:55.0 duration: 1200000 transitions: 3
D/Geofence(26424): processing building: name: Baltic Social
D/Geofence(26424): id:9 latitude:53.39445 longitude:2.97919 radius:55.0 duration: 1200000 transitions: 3
D/Geofence(26424): requesting adding of building geofence list items
D/STATUSBAR-NotificationService( 2118): enqueueToast()
D/Geofence(26424): GeofenceRequester:Connected
V/AlarmManager( 2118): waitForAlarm result :4
V/AlarmManager( 2118): trigger ELAPSED_REALTIME_WAKEUP or RTC_WAKEUP
D/Geofence(26424): GeofenceRequester:onAddGeofencesResult
D/SensorService( 2118): sensor was already activated for this ident
D/SensorService( 2118): SensorDevice::activating sensor handle=0 ns=20000000 
D/AKMD2   ( 2118): akm_set_delay: accel same delay = 20000000 
I/SensorService( 2118): info.selectDelay() ns=5000000  
D/STATUSBAR-NotificationService( 2118): enqueueToast()
D/SensorService( 2118): SensorDevice::setDelay, Return(true 1, false 0) =  1
D/SensorManager( 2586): registerListener :: handle = 0  name= K3DH Acceleration Sensor delay= 0 Trklfufi 9 pka@,*c-*::(
D/Geofence(26424): Add Geofences: Success GeofenceRequestIds=[BUILDING_1, BUILDING_2, BUILDING_3, BUILDING_4, BUILDING_5, BUILDING_6, BUILDING_7, BUILDING_8, BUILDING_9]
D/Geofence(26424): GeofenceSampleReceiver:handleGeofenceStatus: Intent { act=com.example.android.geofence.ACTION_GEOFENCES_ADDED cat=[com.example.android.geofence.CATEGORY_LOCATION_SERVICES] (has extras) }
D/GpsLocationProvider( 2118): setMinTime 5000
I/LocationManagerService( 2118): request gps (pid 2586) 5000 5000
D/WifiService( 2118): startScan: false pid=2586, uid=10017
W/AlarmManager( 2118): FACTORY_ON= 0
W/AlarmManager( 2118): FACTORY_ON= 0
D/KeyguardViewMediator( 2118): setHidden false
I/SurfaceFlinger( 1837): id=732(5) createSurf 0x41f2deac (1x1),1 flag=0, Uoast
D/KeyguardViewMediator( 2118): setHidden false
D/KeyguardViewMediator( 2118): setHidden false
W/SignalStrength( 2118): getGsmLevel=2
W/SignalStrength( 2250): getGsmLevel=2
W/AlarmManager( 2118): FACTORY_ON= 0
W/SignalStrength( 2250): getLevel=2 (SignalStrength: 7 -1 -1 -1 -1 -1 -1 -1 -1 -1 -1 -1 gsm|lte 2)
W/SignalStrength( 2250): getGsmLevel=2
W/SignalStrength( 2250): getLevel=2 (SignalStrength: 7 -1 -1 -1 -1 -1 -1 -1 -1 -1 -1 -1 gsm|lte 2)
W/SignalStrength( 2118): getLevel=2 (SignalStrength: 7 -1 -1 -1 -1 -1 -1 -1 -1 -1 -1 -1 gsm|lte 2)
D/STATUSBAR-NetworkController( 2250): onSignalStrengthsChanged signalStrength=SignalStrength: 7 -1 -1 -1 -1 -1 -1 -1 -1 -1 -1 -1 gsm|lte 2 level=2
D/STATUSBAR-NetworkController( 2250): refreshSignalCluster: data=0 bt=false
W/SignalStrength( 2118): getGsmDbm=-99
W/SignalStrength( 2118): getDbm=-99
W/SignalStrength( 2118): getGsmAsuLevel=7
W/SignalStrength( 2118): getAsuLevel=7
I/wpa_supplicant( 2785): nl80211: Received scan results (10 BSSes)
D/Tethering( 2118): interfaceLinkStateChanged wlan0, true
D/Tethering( 2118): interfaceStatusChanged wlan0, true
W/AlarmManager( 2118): FACTORY_ON= 0
D/dalvikvm( 2586): GC_CONCURRENT freed 916K, 19% free 12202K/14919K, paused 26ms+3ms, total 130ms
D/dalvikvm( 2586): WAIT_FOR_CONCURRENT_GC blocked 42ms
D/dalvikvm( 2586): WAIT_FOR_CONCURRENT_GC blocked 41ms
D/dalvikvm( 2586): WAIT_FOR_CONCURRENT_GC blocked 41ms
D/FirewallPolicy( 2118): getURLFilterEnabled(true)
D/FirewallPolicy( 2118): isUrlBlocked - Policy disabled
D/WebView (26424): loadUrlImpl: called
D/webcore (26424):  CORE loadUrl: called
D/webkit  (26424): Firewall not null
D/FirewallPolicy( 2118): getURLFilterEnabled(true)
D/FirewallPolicy( 2118): isUrlBlocked - Policy disabled
D/webkit  (26424): euler: isUrlBlocked = false
D/FirewallPolicy( 2118): getURLFilterEnabled(true)
D/FirewallPolicy( 2118): isUrlBlocked - Policy disabled
E/WifiHW  ( 2118): ##################### set firmware type 0 #####################
D/WifiStateMachine( 2118): setWifiEnabled : WifiNative.setFwType(0)
W/AlarmManager( 2118): FACTORY_ON= 0
D/Geofence(26424): onLocationChanged: distance to GF backgroundrobotfactory is: 4065.0962
D/Geofence(26424): change or duck volume for track backgroundrobotfactory to:-0.5281936
D/Geofence(26424): onLocationChanged: distance to GF backgroundpwp is: 4065.0962
D/Geofence(26424): not vary volume for track backgroundpwp at default volume:0.9
D/Geofence(26424): onLocationChanged: distance to GF notificationbird is: 283039.7
D/Geofence(26424): not vary volume for track notificationbird at default volume:0.9
I/ClipboardServiceEx( 2118): Send intent for dismiss clipboard dialog inside hideCurrentInputLocked() !
D/KeyguardViewMediator( 2118): setHidden false
I/SurfaceFlinger( 1837): id=731 Removed Uoast idx=5 MapSz=4
I/SurfaceFlinger( 1837): id=731 Removed Uoast idx=-2 MapSz=4
D/KeyguardViewMediator( 2118): setHidden false
D/KeyguardViewMediator( 2118): setHidden false
D/KeyguardViewMediator( 2118): setHidden false
V/WindowOrientationListener( 2118): nearestRotation : 0   Angle: 9   tilt: 54
D/STATUSBAR-NetworkController( 2250): refreshSignalCluster: data=0 bt=false
D/KeyguardViewMediator( 2118): setHidden false
I/SurfaceFlinger( 1837): id=733(6) createSurf 0x40f02f8c (1x1),1 flag=0, Uoast
D/KeyguardViewMediator( 2118): setHidden false
D/KeyguardViewMediator( 2118): setHidden false
D/KeyguardViewMediator( 2118): setHidden false
I/SurfaceFlinger( 1837): id=732 Removed Uoast idx=5 MapSz=4
I/SurfaceFlinger( 1837): id=732 Removed Uoast idx=-2 MapSz=4
D/KeyguardViewMediator( 2118): setHidden false
D/KeyguardViewMediator( 2118): setHidden false
D/KeyguardViewMediator( 2118): setHidden false
D/SensorManager( 2586): unregisterListener:: Trklfufi 9 pka@,*c-*::(
I/SensorManager( 2586): Set min delay = 20000
I/SensorManager( 2586): Before sending... delay = 20000
D/Sensors ( 2586): Remain listener = hwx@41ae3040
I/Sensors ( 2586): sendDelay --- 20000000
I/SensorService( 2118): info.selectDelay() ns=20000000  
D/SensorService( 2118): SensorDevice::setDelay, Return(true 1, false 0) =  1
D/SensorManager( 2586): JNI - sendDelay
W/AlarmManager( 2118): FACTORY_ON= 0
W/AlarmManager( 2118): FACTORY_ON= 0
D/KeyguardViewMediator( 2118): setHidden false
I/SurfaceFlinger( 1837): id=734(7) createSurf 0x422ec554 (1x1),1 flag=0, Uoast
D/KeyguardViewMediator( 2118): setHidden false
D/KeyguardViewMediator( 2118): setHidden false
D/KeyguardViewMediator( 2118): setHidden false
I/SurfaceFlinger( 1837): id=733 Removed Uoast idx=5 MapSz=4
I/SurfaceFlinger( 1837): id=733 Removed Uoast idx=-2 MapSz=4
D/KeyguardViewMediator( 2118): setHidden false
D/KeyguardViewMediator( 2118): setHidden false
D/KeyguardViewMediator( 2118): setHidden false
V/AlarmManager( 2118): waitForAlarm result :4
V/AlarmManager( 2118): trigger ELAPSED_REALTIME_WAKEUP or RTC_WAKEUP
E/WifiHW  ( 2118): ##################### set firmware type 0 #####################
D/WifiStateMachine( 2118): setWifiEnabled : WifiNative.setFwType(0)
D/WifiService( 2118): startScan: false pid=2586, uid=10017
W/AlarmManager( 2118): FACTORY_ON= 0
I/wpa_supplicant( 2785): Scan requested (ret=0) - scan timeout 30 seconds
D/SensorService( 2118): sensor was already activated for this ident
D/SensorService( 2118): SensorDevice::activating sensor handle=0 ns=20000000 
D/AKMD2   ( 2118): akm_set_delay: accel same delay = 20000000 
I/SensorService( 2118): info.selectDelay() ns=5000000  
D/SensorService( 2118): SensorDevice::setDelay, Return(true 1, false 0) =  1
D/SensorManager( 2586): registerListener :: handle = 0  name= K3DH Acceleration Sensor delay= 0 Trklfufi 9 pka@,*c)e-)(
D/STATUSBAR-NetworkController( 2250): refreshSignalCluster: data=0 bt=false
W/AlarmManager( 2118): FACTORY_ON= 0
D/KeyguardViewMediator( 2118): setHidden false
D/KeyguardViewMediator( 2118): setHidden false
I/SurfaceFlinger( 1837): id=734 Removed Uoast idx=5 MapSz=3
I/SurfaceFlinger( 1837): id=734 Removed Uoast idx=-2 MapSz=3
D/KeyguardViewMediator( 2118): setHidden false
D/PowerManagerService( 2118): releaseWakeLockLocked : ON_AFTER_RELEASE
D/KeyguardViewMediator( 2118): setHidden false
D/PowerManagerService( 2118): releaseWakeLockLocked flags=0x0 tag=KEEP_SCREEN_ON_FLAG
D/dalvikvm( 2586): GC_CONCURRENT freed 828K, 19% free 12204K/14919K, paused 48ms+3ms, total 138ms
W/PowerManagerService( 2118): Timer 0x3->0x3|0x0
D/PowerManagerService( 2118): setTimeoutLocked::SmartSleep : after 108300
D/SensorManager( 2586): unregisterListener:: Trklfufi 9 pka@,*c)e-)(
I/SensorManager( 2586): Set min delay = 20000
I/SensorManager( 2586): Before sending... delay = 20000
D/Sensors ( 2586): Remain listener = hwx@41ae3040
I/Sensors ( 2586): sendDelay --- 20000000
I/SensorService( 2118): info.selectDelay() ns=20000000  
D/SensorService( 2118): SensorDevice::setDelay, Return(true 1, false 0) =  1
D/SensorManager( 2586): JNI - sendDelay
W/AlarmManager( 2118): FACTORY_ON= 0
W/AlarmManager( 2118): FACTORY_ON= 0
V/WindowOrientationListener( 2118): nearestRotation : 0   Angle: 10   tilt: 54
D/STATUSBAR-NetworkController( 2250): refreshSignalCluster: data=0 bt=false
I/wpa_supplicant( 2785): nl80211: Received scan results (10 BSSes)
D/Tethering( 2118): interfaceLinkStateChanged wlan0, true
D/Tethering( 2118): interfaceStatusChanged wlan0, true
W/AlarmManager( 2118): FACTORY_ON= 0
D/dalvikvm( 2118): WAIT_FOR_CONCURRENT_GC blocked 0ms
W/AlarmManager( 2118): FACTORY_ON= 0
E/WifiHW  ( 2118): ##################### set firmware type 0 #####################
D/WifiStateMachine( 2118): setWifiEnabled : WifiNative.setFwType(0)
D/dalvikvm( 2586): GC_CONCURRENT freed 873K, 19% free 12185K/14919K, paused 12ms+4ms, total 70ms
D/dalvikvm( 2118): GC_EXPLICIT freed 592K, 31% free 24532K/35335K, paused 10ms+13ms, total 155ms
D/FirewallPolicy( 2118): getURLFilterEnabled(true)
D/FirewallPolicy( 2118): isUrlBlocked - Policy disabled
D/WebView (26424): loadUrlImpl: called
D/webcore (26424):  CORE loadUrl: called
D/webkit  (26424): Firewall not null
D/FirewallPolicy( 2118): getURLFilterEnabled(true)
D/FirewallPolicy( 2118): isUrlBlocked - Policy disabled
D/webkit  (26424): euler: isUrlBlocked = false
D/FirewallPolicy( 2118): getURLFilterEnabled(true)
D/FirewallPolicy( 2118): isUrlBlocked - Policy disabled
I/ClipboardServiceEx( 2118): Send intent for dismiss clipboard dialog inside hideCurrentInputLocked() !
D/Geofence(26424): onLocationChanged: distance to GF backgroundrobotfactory is: 4065.1003
D/Geofence(26424): change or duck volume for track backgroundrobotfactory to:-0.52819383
D/Geofence(26424): onLocationChanged: distance to GF backgroundpwp is: 4065.1003
D/Geofence(26424): not vary volume for track backgroundpwp at default volume:0.9
D/Geofence(26424): onLocationChanged: distance to GF notificationbird is: 283039.66
D/Geofence(26424): not vary volume for track notificationbird at default volume:0.9
I/GCoreUlr( 2586): Successfully inserted location
I/GCoreUlr( 2586): Not calling LocationReportingService, hasMoved: false, elapsed millis: 1318245, request: Phone
V/AlarmManager( 2118): waitForAlarm result :4
V/AlarmManager( 2118): trigger ELAPSED_REALTIME_WAKEUP or RTC_WAKEUP
D/STATUSBAR-NetworkController( 2250): refreshSignalCluster: data=0 bt=false
E/WifiHW  ( 2118): ##################### set firmware type 0 #####################
D/WifiStateMachine( 2118): setWifiEnabled : WifiNative.setFwType(0)
D/WifiService( 2118): startScan: false pid=2586, uid=10017
W/AlarmManager( 2118): FACTORY_ON= 0
I/wpa_supplicant( 2785): Scan requested (ret=0) - scan timeout 30 seconds
D/SensorService( 2118): sensor was already activated for this ident
D/SensorService( 2118): SensorDevice::activating sensor handle=0 ns=20000000 
D/AKMD2   ( 2118): akm_set_delay: accel same delay = 20000000 
I/SensorService( 2118): info.selectDelay() ns=5000000  
D/SensorService( 2118): SensorDevice::setDelay, Return(true 1, false 0) =  1
D/SensorManager( 2586): registerListener :: handle = 0  name= K3DH Acceleration Sensor delay= 0 Trklfufi 9 pka@,*c:8..(
W/AlarmManager( 2118): FACTORY_ON= 0
E/Watchdog( 2118): !@Sync 2529
W/SignalStrength( 2118): getGsmLevel=2
W/AlarmManager( 2118): FACTORY_ON= 0
W/SignalStrength( 2118): getLevel=2 (SignalStrength: 8 -1 -1 -1 -1 -1 -1 -1 -1 -1 -1 -1 gsm|lte 2)
W/SignalStrength( 2118): getGsmDbm=-97
W/SignalStrength( 2118): getDbm=-97
W/SignalStrength( 2118): getGsmAsuLevel=8
W/SignalStrength( 2118): getAsuLevel=8
W/SignalStrength( 2250): getGsmLevel=2
W/SignalStrength( 2250): getLevel=2 (SignalStrength: 8 -1 -1 -1 -1 -1 -1 -1 -1 -1 -1 -1 gsm|lte 2)
W/SignalStrength( 2250): getGsmLevel=2
W/SignalStrength( 2250): getLevel=2 (SignalStrength: 8 -1 -1 -1 -1 -1 -1 -1 -1 -1 -1 -1 gsm|lte 2)
D/STATUSBAR-NetworkController( 2250): onSignalStrengthsChanged signalStrength=SignalStrength: 8 -1 -1 -1 -1 -1 -1 -1 -1 -1 -1 -1 gsm|lte 2 level=2
I/InputReader( 2118): Touch event's action is 0x0 (deviceType=0) [pCnt=1, s=0.1332 ]
I/InputDispatcher( 2118): Delivering touch to current input target: action: 0x0
I/InputDispatcher( 2118): Delivering touch to current input target: action: 0x0
I/InputDispatcher( 2118): Delivering touch to current input target: action: 0x0
D/SensorManager( 2586): unregisterListener:: Trklfufi 9 pka@,*c:8..(
I/SensorManager( 2586): Set min delay = 20000
I/SensorManager( 2586): Before sending... delay = 20000
D/Sensors ( 2586): Remain listener = hwx@41ae3040
I/Sensors ( 2586): sendDelay --- 20000000
I/SensorService( 2118): info.selectDelay() ns=20000000  
D/SensorService( 2118): SensorDevice::setDelay, Return(true 1, false 0) =  1
D/SensorManager( 2586): JNI - sendDelay
W/Vibrator( 2118): Vibrator.cancel()
D/STATUSBAR-NotificationService( 2118): updateLightsLocked() : Turn off notification light
D/WindowManager( 2118): PhoneWindowManager: focusChangedLw
D/KeyguardViewMediator( 2118): setHidden false
D/STATUSBAR-StatusBarManagerService( 2118): setSystemUiVisibility(0x80000)
D/STATUSBAR-StatusBarManagerService( 2118): manageDisableList what=0x80000 pkg=WindowManager.LayoutParams
D/PhoneStatusBar( 2250): disable: < expand icons alerts TICKER* system_info back home recent clock >
W/AlarmManager( 2118): FACTORY_ON= 0
D/STATUSBAR-NetworkController( 2250): refreshSignalCluster: data=0 bt=false
I/InputReader( 2118): Touch event's action is 0x1 (deviceType=0) [pCnt=1, s=]
I/InputDispatcher( 2118): Delivering touch to current input target: action: 0x1
I/InputDispatcher( 2118): Delivering touch to current input target: action: 0x1
I/InputDispatcher( 2118): Delivering touch to current input target: action: 0x1
D/BatteryService( 2118): update start
D/BatteryService( 2118): level:98 scale:100 status:2 health:2 present:true voltage: 4130 temperature: 360 technology: Li-ion AC powered:false USB powered:true icon:17303239 invalid charger:0
E/MtpService(21342): In MTPAPP onReceive:android.intent.action.BATTERY_CHANGED
E/MtpService(21342): battPlugged Type : 2
W/AlarmManager( 2118): FACTORY_ON= 0
D/STATUSBAR-BatteryController( 2250): onReceive() - ACTION_BATTERY_CHANGED
D/STATUSBAR-BatteryController( 2250): onReceive() - level:98
D/STATUSBAR-BatteryController( 2250): onReceive() - plugged:2
D/STATUSBAR-BatteryController( 2250): onReceive() - BATTERY_STATUS_CHARGING:
D/STATUSBAR-PhoneStatusBar( 2250): ACTION_BATTERY_CHANGED
D/STATUSBAR-PhoneStatusBar( 2250): NORMAL_BATTERY
I/wpa_supplicant( 2785): nl80211: Received scan results (10 BSSes)
D/Tethering( 2118): interfaceLinkStateChanged wlan0, true
D/Tethering( 2118): interfaceStatusChanged wlan0, true
W/AlarmManager( 2118): FACTORY_ON= 0
D/STATUSBAR-PhoneStatusBar( 2250): Mini Controller text scroll : ON
D/STATUSBAR-PhoneStatusBar( 2250): performExpand()
D/PointerInterceptView( 2118): Receive EXPANDED
D/KeyguardViewMediator( 2118): setHidden false
D/STATUSBAR-QuickSettingPanel( 2250): startScrollAnimation  position =   237
W/AlarmManager( 2118): FACTORY_ON= 0
E/WifiHW  ( 2118): ##################### set firmware type 0 #####################
D/WifiStateMachine( 2118): setWifiEnabled : WifiNative.setFwType(0)
D/FirewallPolicy( 2118): getURLFilterEnabled(true)
D/FirewallPolicy( 2118): isUrlBlocked - Policy disabled
D/WebView (26424): loadUrlImpl: called
D/webcore (26424):  CORE loadUrl: called
D/webkit  (26424): Firewall not null
D/FirewallPolicy( 2118): getURLFilterEnabled(true)
D/FirewallPolicy( 2118): isUrlBlocked - Policy disabled
D/webkit  (26424): euler: isUrlBlocked = false
D/FirewallPolicy( 2118): getURLFilterEnabled(true)
D/FirewallPolicy( 2118): isUrlBlocked - Policy disabled
I/ClipboardServiceEx( 2118): Send intent for dismiss clipboard dialog inside hideCurrentInputLocked() !
D/Geofence(26424): onLocationChanged: distance to GF backgroundrobotfactory is: 4065.11
D/Geofence(26424): change or duck volume for track backgroundrobotfactory to:-0.5281942
D/Geofence(26424): onLocationChanged: distance to GF backgroundpwp is: 4065.11
D/Geofence(26424): not vary volume for track backgroundpwp at default volume:0.9
D/Geofence(26424): onLocationChanged: distance to GF notificationbird is: 283039.66
D/Geofence(26424): not vary volume for track notificationbird at default volume:0.9
D/dalvikvm( 2586): GC_CONCURRENT freed 936K, 19% free 12194K/14919K, paused 4ms+8ms, total 79ms
V/AlarmManager( 2118): waitForAlarm result :4
V/AlarmManager( 2118): trigger ELAPSED_REALTIME_WAKEUP or RTC_WAKEUP
D/STATUSBAR-NetworkController( 2250): refreshSignalCluster: data=0 bt=false
E/WifiHW  ( 2118): ##################### set firmware type 0 #####################
D/WifiStateMachine( 2118): setWifiEnabled : WifiNative.setFwType(0)
D/WifiService( 2118): startScan: false pid=2586, uid=10017
W/AlarmManager( 2118): FACTORY_ON= 0
D/SensorService( 2118): sensor was already activated for this ident
D/SensorService( 2118): SensorDevice::activating sensor handle=0 ns=20000000 
D/AKMD2   ( 2118): akm_set_delay: accel same delay = 20000000 
I/SensorService( 2118): info.selectDelay() ns=5000000  
D/SensorService( 2118): SensorDevice::setDelay, Return(true 1, false 0) =  1
I/wpa_supplicant( 2785): Scan requested (ret=0) - scan timeout 30 seconds
D/SensorManager( 2586): registerListener :: handle = 0  name= K3DH Acceleration Sensor delay= 0 Trklfufi 9 pka@,*da/b:(
W/AlarmManager( 2118): FACTORY_ON= 0
W/PowerManagerService( 2118): Timer 0x3->0x3|0x0
D/PowerManagerService( 2118): setTimeoutLocked::SmartSleep : after 108300
I/InputReader( 2118): Touch event's action is 0x0 (deviceType=0) [pCnt=1, s=0.1333 ]
I/InputDispatcher( 2118): Delivering touch to current input target: action: 0x0
I/InputDispatcher( 2118): Delivering touch to current input target: action: 0x0
I/InputDispatcher( 2118): Delivering touch to current input target: action: 0x0
W/SignalStrength( 2118): getGsmLevel=2
W/SignalStrength( 2118): getLevel=2 (SignalStrength: 9 -1 -1 -1 -1 -1 -1 -1 -1 -1 -1 -1 gsm|lte 2)
W/AlarmManager( 2118): FACTORY_ON= 0
W/SignalStrength( 2118): getGsmDbm=-95
W/SignalStrength( 2118): getDbm=-95
W/SignalStrength( 2118): getGsmAsuLevel=9
W/SignalStrength( 2118): getAsuLevel=9
W/SignalStrength( 2250): getGsmLevel=2
W/SignalStrength( 2250): getLevel=2 (SignalStrength: 9 -1 -1 -1 -1 -1 -1 -1 -1 -1 -1 -1 gsm|lte 2)
W/SignalStrength( 2250): getGsmLevel=2
W/SignalStrength( 2250): getLevel=2 (SignalStrength: 9 -1 -1 -1 -1 -1 -1 -1 -1 -1 -1 -1 gsm|lte 2)
D/STATUSBAR-NetworkController( 2250): onSignalStrengthsChanged signalStrength=SignalStrength: 9 -1 -1 -1 -1 -1 -1 -1 -1 -1 -1 -1 gsm|lte 2 level=2
V/WindowOrientationListener( 2118): nearestRotation : 0   Angle: 8   tilt: 51
W/SignalStrength( 2118): getGsmLevel=3
W/AlarmManager( 2118): FACTORY_ON= 0
W/SignalStrength( 2118): getLevel=3 (SignalStrength: 9 -1 -1 -1 -1 -1 -1 -1 -1 -1 -1 -1 gsm|lte 3)
W/SignalStrength( 2118): getGsmDbm=-95
W/SignalStrength( 2118): getDbm=-95
W/SignalStrength( 2118): getGsmAsuLevel=9
W/SignalStrength( 2118): getAsuLevel=9
W/SignalStrength( 2250): getGsmLevel=3
W/SignalStrength( 2250): getLevel=3 (SignalStrength: 9 -1 -1 -1 -1 -1 -1 -1 -1 -1 -1 -1 gsm|lte 3)
W/SignalStrength( 2250): getGsmLevel=3
W/SignalStrength( 2250): getLevel=3 (SignalStrength: 9 -1 -1 -1 -1 -1 -1 -1 -1 -1 -1 -1 gsm|lte 3)
D/STATUSBAR-NetworkController( 2250): onSignalStrengthsChanged signalStrength=SignalStrength: 9 -1 -1 -1 -1 -1 -1 -1 -1 -1 -1 -1 gsm|lte 3 level=3
D/STATUSBAR-NetworkController( 2250): refreshSignalCluster: data=0 bt=false
I/InputReader( 2118): Touch event's action is 0x1 (deviceType=0) [pCnt=1, s=]
I/InputDispatcher( 2118): Delivering touch to current input target: action: 0x1
I/InputDispatcher( 2118): Delivering touch to current input target: action: 0x1
I/InputDispatcher( 2118): Delivering touch to current input target: action: 0x1
W/SignalStrength( 2118): getGsmLevel=3
W/SignalStrength( 2118): getLevel=3 (SignalStrength: 10 -1 -1 -1 -1 -1 -1 -1 -1 -1 -1 -1 gsm|lte 3)
W/SignalStrength( 2250): getGsmLevel=3
W/SignalStrength( 2250): getLevel=3 (SignalStrength: 10 -1 -1 -1 -1 -1 -1 -1 -1 -1 -1 -1 gsm|lte 3)
W/SignalStrength( 2250): getGsmLevel=3
W/SignalStrength( 2250): getLevel=3 (SignalStrength: 10 -1 -1 -1 -1 -1 -1 -1 -1 -1 -1 -1 gsm|lte 3)
D/STATUSBAR-NetworkController( 2250): onSignalStrengthsChanged signalStrength=SignalStrength: 10 -1 -1 -1 -1 -1 -1 -1 -1 -1 -1 -1 gsm|lte 3 level=3
W/AlarmManager( 2118): FACTORY_ON= 0
W/SignalStrength( 2118): getGsmDbm=-93
W/SignalStrength( 2118): getDbm=-93
W/SignalStrength( 2118): getGsmAsuLevel=10
W/SignalStrength( 2118): getAsuLevel=10
I/InputReader( 2118): Touch event's action is 0x0 (deviceType=0) [pCnt=1, s=0.1334 ]
I/InputDispatcher( 2118): Delivering touch to current input target: action: 0x0
I/InputDispatcher( 2118): Delivering touch to current input target: action: 0x0
I/InputDispatcher( 2118): Delivering touch to current input target: action: 0x0
D/SensorManager( 2586): unregisterListener:: Trklfufi 9 pka@,*da/b:(
I/SensorManager( 2586): Set min delay = 20000
I/SensorManager( 2586): Before sending... delay = 20000
D/Sensors ( 2586): Remain listener = hwx@41ae3040
I/Sensors ( 2586): sendDelay --- 20000000
I/SensorService( 2118): info.selectDelay() ns=20000000  
D/SensorService( 2118): SensorDevice::setDelay, Return(true 1, false 0) =  1
D/SensorManager( 2586): JNI - sendDelay
I/InputReader( 2118): Touch event's action is 0x1 (deviceType=0) [pCnt=1, s=]
I/InputDispatcher( 2118): Delivering touch to current input target: action: 0x1
I/InputDispatcher( 2118): Delivering touch to current input target: action: 0x1
I/InputDispatcher( 2118): Delivering touch to current input target: action: 0x1
W/AlarmManager( 2118): FACTORY_ON= 0
W/AlarmManager( 2118): FACTORY_ON= 0
D/STATUSBAR-NetworkController( 2250): refreshSignalCluster: data=0 bt=false
I/wpa_supplicant( 2785): nl80211: Received scan results (10 BSSes)
D/Tethering( 2118): interfaceLinkStateChanged wlan0, true
D/Tethering( 2118): interfaceStatusChanged wlan0, true
W/AlarmManager( 2118): FACTORY_ON= 0
D/dalvikvm( 2586): GC_CONCURRENT freed 967K, 19% free 12178K/14919K, paused 3ms+4ms, total 59ms
D/dalvikvm( 2586): WAIT_FOR_CONCURRENT_GC blocked 33ms
D/dalvikvm( 2586): WAIT_FOR_CONCURRENT_GC blocked 46ms
D/FirewallPolicy( 2118): getURLFilterEnabled(true)
D/FirewallPolicy( 2118): isUrlBlocked - Policy disabled
W/AlarmManager( 2118): FACTORY_ON= 0
D/WebView (26424): loadUrlImpl: called
D/webcore (26424):  CORE loadUrl: called
D/webkit  (26424): Firewall not null
D/FirewallPolicy( 2118): getURLFilterEnabled(true)
D/FirewallPolicy( 2118): isUrlBlocked - Policy disabled
D/webkit  (26424): euler: isUrlBlocked = false
D/Geofence(26424): onLocationChanged: distance to GF backgroundrobotfactory is: 4065.1025
D/FirewallPolicy( 2118): getURLFilterEnabled(true)
D/Geofence(26424): change or duck volume for track backgroundrobotfactory to:-0.52819395
D/Geofence(26424): onLocationChanged: distance to GF backgroundpwp is: 4065.1025
D/Geofence(26424): not vary volume for track backgroundpwp at default volume:0.9
D/Geofence(26424): onLocationChanged: distance to GF notificationbird is: 283039.66
D/Geofence(26424): not vary volume for track notificationbird at default volume:0.9
D/FirewallPolicy( 2118): isUrlBlocked - Policy disabled
E/WifiHW  ( 2118): ##################### set firmware type 0 #####################
D/WifiStateMachine( 2118): setWifiEnabled : WifiNative.setFwType(0)
I/ClipboardServiceEx( 2118): Send intent for dismiss clipboard dialog inside hideCurrentInputLocked() !
D/dalvikvm(26424): GC_CONCURRENT freed 452K, 15% free 10040K/11783K, paused 3ms+3ms, total 41ms
I/InputReader( 2118): Touch event's action is 0x0 (deviceType=0) [pCnt=1, s=0.1335 ]
I/InputDispatcher( 2118): Delivering touch to current input target: action: 0x0
I/InputDispatcher( 2118): Delivering touch to current input target: action: 0x0
I/InputDispatcher( 2118): Delivering touch to current input target: action: 0x0
I/InputReader( 2118): Touch event's action is 0x1 (deviceType=0) [pCnt=1, s=]
I/InputDispatcher( 2118): Delivering touch to current input target: action: 0x1
I/InputDispatcher( 2118): Delivering touch to current input target: action: 0x1
I/InputDispatcher( 2118): Delivering touch to current input target: action: 0x1
D/STATUSBAR-NetworkController( 2250): refreshSignalCluster: data=0 bt=false
V/AlarmManager( 2118): waitForAlarm result :4
V/AlarmManager( 2118): trigger ELAPSED_REALTIME_WAKEUP or RTC_WAKEUP
E/WifiHW  ( 2118): ##################### set firmware type 0 #####################
D/WifiStateMachine( 2118): setWifiEnabled : WifiNative.setFwType(0)
D/WifiService( 2118): startScan: false pid=2586, uid=10017
W/AlarmManager( 2118): FACTORY_ON= 0
I/wpa_supplicant( 2785): Scan requested (ret=0) - scan timeout 30 seconds
D/SensorService( 2118): sensor was already activated for this ident
D/SensorService( 2118): SensorDevice::activating sensor handle=0 ns=20000000 
D/AKMD2   ( 2118): akm_set_delay: accel same delay = 20000000 
I/SensorService( 2118): info.selectDelay() ns=5000000  
D/SensorService( 2118): SensorDevice::setDelay, Return(true 1, false 0) =  1
D/SensorManager( 2586): registerListener :: handle = 0  name= K3DH Acceleration Sensor delay= 0 Trklfufi 9 pka@,*cace(8
W/AlarmManager( 2118): FACTORY_ON= 0
D/PointerInterceptView( 2118): Receive COLLAPSED
W/Vibrator( 2118): Vibrator.cancel()
D/STATUSBAR-NotificationService( 2118): updateLightsLocked() : Turn off notification light
D/STATUSBAR-PhoneStatusBar( 2250): Mini Controller text scroll : OFF
D/STATUSBAR-QuickSettingPanel( 2250): mDisplayButtonCnt : 9 mCurButtonNum : 5
W/STATUSBAR-QuickSettingPanel( 2250): prepareTranslationXfalse  237
D/STATUSBAR-PhoneStatusBar( 2250): performCollapse()
D/WindowManager( 2118): PhoneWindowManager: focusChangedLw
D/STATUSBAR-StatusBarManagerService( 2118): setSystemUiVisibility(0x0)
D/STATUSBAR-StatusBarManagerService( 2118): manageDisableList what=0x0 pkg=WindowManager.LayoutParams
D/KeyguardViewMediator( 2118): setHidden false
W/InputMethodManagerService( 2118): Window already focused, ignoring focus gain of: com.android.internal.view.IInputMethodClient$Stub$Proxy@42319f98 attribute=null
D/DateTimeIntentReceiver( 3135): COLLAPSED is received, dialog_state : false
D/PhoneStatusBar( 2250): disable: < expand icons alerts ticker* system_info back home recent clock >
D/PointerInterceptView( 2118): AnimatingHide
V/AlarmManager( 2118): waitForAlarm result :8
W/AlarmManager( 2118): FACTORY_ON= 0
D/STATUSBAR-NetworkController( 2250): refreshSignalCluster: data=0 bt=false
W/PowerManagerService( 2118): Timer 0x3->0x3|0x0
D/PowerManagerService( 2118): setTimeoutLocked::SmartSleep : after 108300
W/SignalStrength( 2250): getGsmLevel=3
W/SignalStrength( 2250): getLevel=3 (SignalStrength: 11 -1 -1 -1 -1 -1 -1 -1 -1 -1 -1 -1 gsm|lte 3)
W/SignalStrength( 2118): getGsmLevel=3
W/SignalStrength( 2118): getLevel=3 (SignalStrength: 11 -1 -1 -1 -1 -1 -1 -1 -1 -1 -1 -1 gsm|lte 3)
W/AlarmManager( 2118): FACTORY_ON= 0
W/SignalStrength( 2118): getGsmDbm=-91
W/SignalStrength( 2118): getDbm=-91
W/SignalStrength( 2118): getGsmAsuLevel=11
W/SignalStrength( 2118): getAsuLevel=11
W/SignalStrength( 2250): getGsmLevel=3
W/SignalStrength( 2250): getLevel=3 (SignalStrength: 11 -1 -1 -1 -1 -1 -1 -1 -1 -1 -1 -1 gsm|lte 3)
D/STATUSBAR-NetworkController( 2250): onSignalStrengthsChanged signalStrength=SignalStrength: 11 -1 -1 -1 -1 -1 -1 -1 -1 -1 -1 -1 gsm|lte 3 level=3
D/SensorManager( 2586): unregisterListener:: Trklfufi 9 pka@,*cace(8
