D/DateTimeIntentReceiver( 3135): COLLAPSED is received, dialog_state : false
D/PhoneStatusBar( 2250): disable: < expand icons alerts ticker* system_info back home recent clock >
D/STATUSBAR-NetworkController( 2250): refreshSignalCluster: data=0 bt=false
D/PointerInterceptView( 2118): AnimatingHide
I/wpa_supplicant( 2785): nl80211: Received scan results (10 BSSes)
D/Tethering( 2118): interfaceLinkStateChanged wlan0, true
D/Tethering( 2118): interfaceStatusChanged wlan0, true
W/AlarmManager( 2118): FACTORY_ON= 0
V/WindowOrientationListener( 2118): nearestRotation : 0   Angle: 353   tilt: 50
D/dalvikvm( 2586): GC_CONCURRENT freed 942K, 18% free 12185K/14727K, paused 17ms+5ms, total 105ms
D/dalvikvm( 2586): WAIT_FOR_CONCURRENT_GC blocked 68ms
D/dalvikvm( 2586): WAIT_FOR_CONCURRENT_GC blocked 64ms
W/AlarmManager( 2118): FACTORY_ON= 0
D/FirewallPolicy( 2118): getURLFilterEnabled(true)
D/FirewallPolicy( 2118): isUrlBlocked - Policy disabled
D/WebView (26120): loadUrlImpl: called
D/Geofence(26120): onLocationChanged: distance to GF backgroundrobotfactory is: 4065.1545
D/webcore (26120):  CORE loadUrl: called
D/webkit  (26120): Firewall not null
D/FirewallPolicy( 2118): getURLFilterEnabled(true)
D/FirewallPolicy( 2118): isUrlBlocked - Policy disabled
D/webkit  (26120): euler: isUrlBlocked = false
D/FirewallPolicy( 2118): getURLFilterEnabled(true)
D/FirewallPolicy( 2118): isUrlBlocked - Policy disabled
D/Geofence(26120): change or duck volume for track backgroundrobotfactory to:-0.5281962
D/Geofence(26120): onLocationChanged: distance to GF backgroundpwp is: 4065.1545
D/Geofence(26120): not vary volume for track backgroundpwp at default volume:0.9
D/Geofence(26120): onLocationChanged: distance to GF notificationbird is: 283039.7
D/Geofence(26120): not vary volume for track notificationbird at default volume:0.9
E/WifiHW  ( 2118): ##################### set firmware type 0 #####################
D/WifiStateMachine( 2118): setWifiEnabled : WifiNative.setFwType(0)
I/InputReader( 2118): Touch event's action is 0x0 (deviceType=0) [pCnt=1, s=0.1324 ]
I/InputDispatcher( 2118): Delivering touch to current input target: action: 0x0
I/InputDispatcher( 2118): Delivering touch to current input target: action: 0x0
I/InputDispatcher( 2118): Delivering touch to current input target: action: 0x0
I/InputDispatcher( 2118): Delivering touch to current input target: action: 0x0
I/TwDVFSBroadcastReceiver( 2271): onLauncherIntent
D/PowerManager( 2271): DVFSLock :  acquire : timeout : 1000
I/power   ( 2118): *** acquire_dvfs_lock : lockType : 1  freq : 1200000 
D/PowerManagerService( 2118): acquireDVFSLockLocked : type : DVFS_MIN_LIMIT  frequency : 1200000  uid : 1000  pid : 2271  tag : TwDVFSBroadcastReceiver
D/InputReader( 2118): Input event: value=1
D/RestrictionPolicy( 2118): isHomeKeyEnabled :true
I/InputReader( 2118): Touch event's action is 0x1 (deviceType=0) [pCnt=1, s=]
V/AlarmManager( 2118): waitForAlarm result :4
V/AlarmManager( 2118): trigger ELAPSED_REALTIME_WAKEUP or RTC_WAKEUP
D/RestrictionPolicy( 2118): isHomeKeyEnabled :true
I/InputDispatcher( 2118): Delivering touch to current input target: action: 0x1
I/InputDispatcher( 2118): Delivering touch to current input target: action: 0x1
I/InputDispatcher( 2118): Delivering touch to current input target: action: 0x1
I/InputDispatcher( 2118): Delivering touch to current input target: action: 0x1
E/WifiHW  ( 2118): ##################### set firmware type 0 #####################
D/WifiStateMachine( 2118): setWifiEnabled : WifiNative.setFwType(0)
D/WifiService( 2118): startScan: false pid=2586, uid=10017
W/AlarmManager( 2118): FACTORY_ON= 0
I/wpa_supplicant( 2785): Scan requested (ret=0) - scan timeout 30 seconds
D/SensorService( 2118): sensor was already activated for this ident
D/SensorService( 2118): SensorDevice::activating sensor handle=0 ns=20000000 
D/AKMD2   ( 2118): akm_set_delay: accel same delay = 20000000 
I/SensorService( 2118): info.selectDelay() ns=5000000  
D/SensorService( 2118): SensorDevice::setDelay, Return(true 1, false 0) =  1
D/SensorManager( 2586): registerListener :: handle = 0  name= K3DH Acceleration Sensor delay= 0 Trklfufi 9 pka@,*c)*.c8
W/AlarmManager( 2118): FACTORY_ON= 0
D/dalvikvm( 2250): GC_FOR_ALLOC freed 1574K, 29% free 15279K/21255K, paused 31ms, total 31ms
D/STATUSBAR-NetworkController( 2250): refreshSignalCluster: data=0 bt=false
D/RestrictionPolicy( 2118): isHomeKeyEnabled :true
D/RestrictionPolicy( 2118): isHomeKeyEnabled :true
D/RestrictionPolicy( 2118): isHomeKeyEnabled :true
D/RestrictionPolicy( 2118): isHomeKeyEnabled :true
W/WindowManager( 2118): interceptKeyBeforeDispatching with IVoIPInterface 
D/VoIPInterfaceManager( 2118): isVoIPRinging()...
D/VoIPInterfaceManager( 2118):     Not exist call session
I/SurfaceFlinger( 1837): id=722(16) createSurf 0x41087d7c (480x800),1 flag=0, SecentsPane
D/WindowManager( 2118): PhoneWindowManager: focusChangedLw
D/KeyguardViewMediator( 2118): setHidden false
D/STATUSBAR-StatusBarManagerService( 2118): setSystemUiVisibility(0x0)
D/STATUSBAR-StatusBarManagerService( 2118): manageDisableList what=0x0 pkg=WindowManager.LayoutParams
D/RestrictionPolicy( 2118): isHomeKeyEnabled :true
D/KeyguardViewMediator( 2118): setHidden false
D/RestrictionPolicy( 2118): isHomeKeyEnabled :true
I/power   ( 2118): *** release_dvfs_lock : lockType : 1 
D/RestrictionPolicy( 2118): isHomeKeyEnabled :true
D/PowerManagerService( 2118): releaseDVFSLockLocked : all DVFS_MIN_LIMIT are released 
D/RestrictionPolicy( 2118): isHomeKeyEnabled :true
D/KeyguardViewMediator( 2118): setHidden false
D/KeyguardViewMediator( 2118): setHidden false
D/RestrictionPolicy( 2118): isHomeKeyEnabled :true
D/InputReader( 2118): Input event: value=0
D/RestrictionPolicy( 2118): isHomeKeyEnabled :true
W/PowerManagerService( 2118): Timer 0x3->0x3|0x0
D/PowerManagerService( 2118): setTimeoutLocked::SmartSleep : after 108300
I/InputReader( 2118): Touch event's action is 0x0 (deviceType=0) [pCnt=1, s=0.1325 ]
I/InputDispatcher( 2118): Delivering touch to current input target: action: 0x0
I/InputDispatcher( 2118): Delivering touch to current input target: action: 0x0
I/InputDispatcher( 2118): Delivering touch to current input target: action: 0x0
I/InputReader( 2118): Touch event's action is 0x1 (deviceType=0) [pCnt=1, s=]
I/InputDispatcher( 2118): Delivering touch to current input target: action: 0x1
I/InputDispatcher( 2118): Delivering touch to current input target: action: 0x1
I/InputDispatcher( 2118): Delivering touch to current input target: action: 0x1
D/KeyguardViewMediator( 2118): setHidden false
D/Launcher.HomeFragment( 2408): onPause
D/Launcher( 2408): onPause, Launcher: 1101642424
D/widget  ( 2408): [MSC_HERO_Accu_JB]>>> WC:1030 [0:0]  onPause 
I/power   ( 2118): *** acquire_dvfs_lock : lockType : 1  freq : 1000000 
D/PowerManagerService( 2118): acquireDVFSLockLocked : type : DVFS_MIN_LIMIT  frequency : 1000000  uid : 1000  pid : 2118  tag : ActivityManager
W/ActivityManager( 2118): mDVFSLock.acquire()
V/TaskCloserActivity(25969): TaskCloserActivity onReceive() - com.sec.android.intent.action.HOME_PAUSE
D/KeyguardViewMediator( 2118): setHidden false
V/WindowManager( 2118): rotationForOrientationLw(orient=-1, last=0); user=0  mLidState=-1 mDockMode=0 mHdmiPlugged=false mAccelerometerDefault=false sensorRotation=0
D/KeyguardViewMediator( 2118): setHidden false
D/Launcher( 2408): onTrimMemory. Level: 20
I/AppSecurityPermissions( 3135): Ignoring unknown permission:android.permission.ACCESS_GPS
I/ApplicationPolicy( 2118): getApplicationUninstallationEnabled
I/SurfaceFlinger( 1837): id=723(18) createSurf 0x40efd854 (480x800),1 flag=400, TubSettings
D/KeyguardViewMediator( 2118): setHidden false
W/ResourceType( 3135): Failure getting entry for 0x7f020192 (t=1 e=402) in package 0 (error -75)
W/ResourceType( 3135): Failure getting entry for 0x7f02017d (t=1 e=381) in package 0 (error -75)
W/ResourceType( 3135): Failure getting entry for 0x7f020195 (t=1 e=405) in package 0 (error -75)
W/ResourceType( 3135): Failure getting entry for 0x7f02018c (t=1 e=396) in package 0 (error -75)
W/ResourceType( 3135): Failure getting entry for 0x7f02019d (t=1 e=413) in package 0 (error -75)
W/ResourceType( 3135): Failure getting entry for 0x7f02018f (t=1 e=399) in package 0 (error -75)
W/ResourceType( 3135): Failure getting entry for 0x7f0201aa (t=1 e=426) in package 0 (error -75)
W/ResourceType( 3135): Failure getting entry for 0x7f0201aa (t=1 e=426) in package 0 (error -75)
W/System.err( 3135): Removed 2131428320
W/System.err( 3135): Removed 2131428335
D/KeyguardViewMediator( 2118): setHidden false
I/SurfaceFlinger( 1837): id=724(102) createSurf 0x41bb1e54 (246x218),1 flag=4, uhumbnail a
D/KeyguardViewMediator( 2118): setHidden false
D/KeyguardViewMediator( 2118): setHidden false
D/WindowManager( 2118): PhoneWindowManager: focusChangedLw
D/KeyguardViewMediator( 2118): setHidden false
D/STATUSBAR-StatusBarManagerService( 2118): setSystemUiVisibility(0x0)
D/STATUSBAR-StatusBarManagerService( 2118): manageDisableList what=0x0 pkg=WindowManager.LayoutParams
D/KeyguardViewMediator( 2118): setHidden false
D/dalvikvm(15835): GC_CONCURRENT freed 419K, 16% free 9372K/11079K, paused 11ms+1ms, total 28ms
I/ClipboardServiceEx( 2118): Send intent for dismiss clipboard dialog inside hideCurrentInputLocked() !
D/KeyguardViewMediator( 2118): setHidden false
I/SurfaceFlinger( 1837): id=721 Removed Mauncher idx=2 MapSz=5
I/SurfaceFlinger( 1837): id=721 Removed Mauncher idx=-2 MapSz=5
D/KeyguardViewMediator( 2118): setHidden false
I/SurfaceFlinger( 1837): id=722 Removed SecentsPane idx=6 MapSz=4
I/SurfaceFlinger( 1837): id=722 Removed SecentsPane idx=-2 MapSz=4
D/VoldCmdListener( 1825): asec fspath com.walkit.walkitcom-1
D/MountService( 2118):  :::: getSecureContainerFilesystemPath :: id = com.walkit.walkitcom-1, result = /data/app-asec/com.walkit.walkitcom-1.asec
I/SurfaceFlinger( 1837): id=724 Removed uhumbnail a idx=3 MapSz=3
I/SurfaceFlinger( 1837): id=724 Removed uhumbnail a idx=-2 MapSz=3
I/power   ( 2118): *** release_dvfs_lock : lockType : 1 
D/KeyguardViewMediator( 2118): setHidden false
D/KeyguardViewMediator( 2118): setHidden false
D/PowerManagerService( 2118): releaseDVFSLockLocked : all DVFS_MIN_LIMIT are released 
W/ActivityManager( 2118): mDVFSLock.release()
D/Launcher.HomeFragment( 2408): onStop
D/Launcher( 2408): onStop, Launcher: 1101642424
D/dalvikvm(15835): GC_CONCURRENT freed 415K, 16% free 9372K/11079K, paused 12ms+2ms, total 25ms
D/dalvikvm( 2118): GC_CONCURRENT freed 2376K, 31% free 24411K/35335K, paused 14ms+12ms, total 167ms
D/SensorManager( 2586): unregisterListener:: Trklfufi 9 pka@,*c)*.c8
I/SensorManager( 2586): Set min delay = 20000
I/SensorManager( 2586): Before sending... delay = 20000
D/Sensors ( 2586): Remain listener = hwx@41ae3040
I/Sensors ( 2586): sendDelay --- 20000000
I/SensorService( 2118): info.selectDelay() ns=20000000  
D/SensorService( 2118): SensorDevice::setDelay, Return(true 1, false 0) =  1
D/SensorManager( 2586): JNI - sendDelay
W/AlarmManager( 2118): FACTORY_ON= 0
W/PowerManagerService( 2118): Timer 0x3->0x3|0x0
D/PowerManagerService( 2118): setTimeoutLocked::SmartSleep : after 108300
I/InputReader( 2118): Touch event's action is 0x0 (deviceType=0) [pCnt=1, s=0.1326 ]
I/InputDispatcher( 2118): Delivering touch to current input target: action: 0x0
I/InputDispatcher( 2118): Delivering touch to current input target: action: 0x0
I/InputDispatcher( 2118): Delivering touch to current input target: action: 0x0
I/InputReader( 2118): Touch event's action is 0x1 (deviceType=0) [pCnt=1, s=]
I/InputDispatcher( 2118): Delivering touch to current input target: action: 0x1
I/InputDispatcher( 2118): Delivering touch to current input target: action: 0x1
I/InputDispatcher( 2118): Delivering touch to current input target: action: 0x1
W/ResourceType( 3135): Failure getting entry for 0x010802c0 (t=7 e=704) in package 0 (error -75)
D/WindowManager( 2118): PhoneWindowManager: focusChangedLw
I/SurfaceFlinger( 1837): id=725(19) createSurf 0x411d285c (1x1),1 flag=0, TubSettings
D/KeyguardViewMediator( 2118): setHidden false
D/KeyguardViewMediator( 2118): setHidden false
D/KeyguardViewMediator( 2118): setHidden false
D/dalvikvm( 2586): GC_CONCURRENT freed 841K, 18% free 12168K/14727K, paused 13ms+4ms, total 64ms
D/KeyguardViewMediator( 2118): setHidden false
D/KeyguardViewMediator( 2118): setHidden false
D/STATUSBAR-NetworkController( 2250): refreshSignalCluster: data=0 bt=false
I/wpa_supplicant( 2785): nl80211: Received scan results (10 BSSes)
D/Tethering( 2118): interfaceLinkStateChanged wlan0, true
D/Tethering( 2118): interfaceStatusChanged wlan0, true
W/AlarmManager( 2118): FACTORY_ON= 0
I/InputReader( 2118): Touch event's action is 0x0 (deviceType=0) [pCnt=1, s=0.1327 ]
I/InputDispatcher( 2118): Delivering touch to current input target: action: 0x0
I/InputDispatcher( 2118): Delivering touch to current input target: action: 0x0
I/InputDispatcher( 2118): Delivering touch to current input target: action: 0x0
W/AlarmManager( 2118): FACTORY_ON= 0
E/WifiHW  ( 2118): ##################### set firmware type 0 #####################
D/WifiStateMachine( 2118): setWifiEnabled : WifiNative.setFwType(0)
D/FirewallPolicy( 2118): getURLFilterEnabled(true)
D/FirewallPolicy( 2118): isUrlBlocked - Policy disabled
D/WebView (26120): loadUrlImpl: called
D/Geofence(26120): onLocationChanged: distance to GF backgroundrobotfactory is: 4065.137
D/webcore (26120):  CORE loadUrl: called
D/webkit  (26120): Firewall not null
D/FirewallPolicy( 2118): getURLFilterEnabled(true)
D/FirewallPolicy( 2118): isUrlBlocked - Policy disabled
D/webkit  (26120): euler: isUrlBlocked = false
D/FirewallPolicy( 2118): getURLFilterEnabled(true)
D/FirewallPolicy( 2118): isUrlBlocked - Policy disabled
D/Geofence(26120): change or duck volume for track backgroundrobotfactory to:-0.5281955
D/Geofence(26120): onLocationChanged: distance to GF backgroundpwp is: 4065.137
D/Geofence(26120): not vary volume for track backgroundpwp at default volume:0.9
D/Geofence(26120): onLocationChanged: distance to GF notificationbird is: 283039.7
D/Geofence(26120): not vary volume for track notificationbird at default volume:0.9
I/InputReader( 2118): Touch event's action is 0x1 (deviceType=0) [pCnt=1, s=]
I/InputDispatcher( 2118): Delivering touch to current input target: action: 0x1
I/InputDispatcher( 2118): Delivering touch to current input target: action: 0x1
I/InputDispatcher( 2118): Delivering touch to current input target: action: 0x1
I/ActivityManager( 2118): Killing proc 26120:com.example.android.location/u0a141: force stop
D/KeyguardViewMediator( 2118): setHidden false
D/WindowManager( 2118): PhoneWindowManager: focusChangedLw
D/KeyguardViewMediator( 2118): setHidden false
W/InputMethodManagerService( 2118): Window already focused, ignoring focus gain of: com.android.internal.view.IInputMethodClient$Stub$Proxy@4278de68 attribute=null
D/SensorManager( 2586): unregisterListener:: Trklfufi 9 pox@,*bf+(,(
I/LocationManagerService( 2118): remove gps (pid 2586), disabled
D/Sensors ( 2586): Remain listener = Sending .. normal delay 200ms
I/Sensors ( 2586): sendDelay --- 200000000
I/SensorService( 2118): info.selectDelay() ns=200000000  
D/AKMD2   ( 2118): akm_set_delay: accel same delay = 20000000 
D/SensorService( 2118): SensorDevice::setDelay, Return(true 1, false 0) =  1
D/SensorManager( 2586): JNI - sendDelay
I/SensorManager( 2586): Set normal delay = true
D/SensorService( 2118): SensorDevice::activating sensor handle=0 ns=200000000 
D/AKMD2   ( 2118): akm_set_delay: accel same delay = 20000000 
D/SensorManager( 2586): unregisterListener:: Trklfufi 9 pnx@,*b.dd*8
D/SensorService( 2118): SensorDevice::activating sensor handle=0 ns=200000000 
D/AKMD2   ( 2118): akm_set_delay: accel same delay = 20000000 
D/SensorService( 2118): SensorDevice::activate  (enable 1, disable 0) = 0
D/SensorService( 2118): activating sensor disable handle=1 
D/SensorService( 2118): activating sensor disable, Done!
D/SensorService( 2118): SensorDevice::activating sensor handle=1 ns=20000000 
D/AKMD2   ( 2118): akm_set_delay: accel same delay = 200000000 
D/SensorService( 2118): SensorDevice::activate  (enable 1, disable 0) = 0
D/SensorService( 2118): activating sensor disable handle=5 
D/SensorService( 2118): activating sensor disable, Done!
D/SensorService( 2118): SensorDevice::activating sensor handle=5 ns=5000000 
W/AlarmManager( 2118): FACTORY_ON= 0
D/GpsLocationProvider( 2118): stopNavigating
V/GpsLocationProvider( 2118): reportStatus status: 2
D/GpsLocationProvider( 2118): send an intent to notify that the GPS has been enabled or disabled mNavigating = false
V/GpsLocationProvider( 2118): reportStatus status: 4
D/StatusBar.LocationController( 2250): onReceive: [GPS ICON]
D/STATUSBAR-NotificationService( 2118): updateLightsLocked() : Turn off notification light
D/StatusBar( 2250): expanding top notification at 2entry.userCollapsed() = false
D/PackageBroadcastService(26089): Received broadcast action=android.intent.action.PACKAGE_DATA_CLEARED and uri=com.example.android.location
I/Icing   (26089): doRemovePackageData com.example.android.location
V/AlarmManager( 2118): waitForAlarm result :4
V/AlarmManager( 2118): trigger ELAPSED_REALTIME_WAKEUP or RTC_WAKEUP
D/KeyguardViewMediator( 2118): setHidden false
I/SurfaceFlinger( 1837): id=725 Removed TubSettings idx=4 MapSz=3
D/KeyguardViewMediator( 2118): setHidden false
I/SurfaceFlinger( 1837): id=725 Removed TubSettings idx=-2 MapSz=3
D/KeyguardViewMediator( 2118): setHidden false
E/WifiHW  ( 2118): ##################### set firmware type 0 #####################
D/WifiStateMachine( 2118): setWifiEnabled : WifiNative.setFwType(0)
D/WifiService( 2118): startScan: false pid=2586, uid=10017
W/AlarmManager( 2118): FACTORY_ON= 0
I/wpa_supplicant( 2785): Scan requested (ret=0) - scan timeout 30 seconds
D/SensorService( 2118): info.rates.add, set DEFAULT_EVENTS_PERIOD
D/SensorService( 2118): SensorDevice::activating sensor handle=0 ns=200000000 
D/AKMD2   ( 2118): akm_set_delay: accel same delay = 200000000 
I/SensorService( 2118): info.selectDelay() ns=5000000  
D/SensorService( 2118): SensorDevice::setDelay, Return(true 1, false 0) =  1
D/SensorManager( 2586): registerListener :: handle = 0  name= K3DH Acceleration Sensor delay= 0 Trklfufi 9 pka@,*c(a:(8
W/AlarmManager( 2118): FACTORY_ON= 0
D/STATUSBAR-NetworkController( 2250): refreshSignalCluster: data=0 bt=false
D/InputReader( 2118): Input event: value=1
D/RestrictionPolicy( 2118): isHomeKeyEnabled :true
D/InputReader( 2118): Input event: value=0
D/RestrictionPolicy( 2118): isHomeKeyEnabled :true
D/BatteryService( 2118): update start
D/RestrictionPolicy( 2118): isHomeKeyEnabled :true
D/BatteryService( 2118): level:98 scale:100 status:2 health:2 present:true voltage: 4126 temperature: 360 technology: Li-ion AC powered:false USB powered:true icon:17303239 invalid charger:0
D/KeyguardViewMediator( 2118): setHidden false
D/STATUSBAR-BatteryController( 2250): onReceive() - ACTION_BATTERY_CHANGED
D/STATUSBAR-BatteryController( 2250): onReceive() - level:98
D/STATUSBAR-BatteryController( 2250): onReceive() - plugged:2
D/STATUSBAR-BatteryController( 2250): onReceive() - BATTERY_STATUS_CHARGING:
D/STATUSBAR-PhoneStatusBar( 2250): ACTION_BATTERY_CHANGED
D/STATUSBAR-PhoneStatusBar( 2250): NORMAL_BATTERY
E/MtpService(21342): In MTPAPP onReceive:android.intent.action.BATTERY_CHANGED
E/MtpService(21342): battPlugged Type : 2
W/AlarmManager( 2118): FACTORY_ON= 0
D/GpsLocationProvider( 2118): getSKAFEnable : false
D/VoIPInterfaceManager( 2118): isVoIPRinging()...
D/VoIPInterfaceManager( 2118):     Not exist call session
D/KeyguardViewMediator( 2118): setHidden false
V/WindowManager( 2118): rotationForOrientationLw(orient=5, last=0); user=0  mLidState=-1 mDockMode=0 mHdmiPlugged=false mAccelerometerDefault=false sensorRotation=0
D/KeyguardViewMediator( 2118): setHidden false
D/WindowManager( 2118): PhoneWindowManager: focusChangedLw
D/KeyguardViewMediator( 2118): setHidden false
D/WindowManager( 2118): mInputFocus is not null.
D/Launcher.Workspace( 2408): exitWidgetResizeMode State: NORMAL, newDragStarted: false
D/Launcher( 2408): onRestart, Launcher: 1101642424
D/Launcher( 2408): onStart, Launcher: 1101642424
D/Launcher.HomeFragment( 2408): onStart
D/Launcher( 2408): onResume, Launcher: 1101642424
D/WindowManager( 2118): mInputFocus is not null.
D/WindowManager( 2118): mInputFocus is not null.
D/comsamsunglog( 2408): [MSC_HERO_Accu_JB]>>> ====================================================================================================================
D/comsamsunglog( 2408): [MSC_HERO_Accu_JB]>>> widgetappapheroaccuweatherwidget [Version : 12110501] [ 1 ] 
D/comsamsunglog( 2408): [MSC_HERO_Accu_JB]>>> Header set to : ===> "widget" <===
D/comsamsunglog( 2408): [MSC_HERO_Accu_JB]>>> ====================================================================================================================
D/widget  ( 2408): [MSC_HERO_Accu_JB]>>> WC:919 [0:0]  onResume :: fU = true  cEUi = true
D/widget  ( 2408): [MSC_HERO_Accu_JB]>>> WC:2077 [0:0] AR_S_T : 0
D/widget  ( 2408): [MSC_HERO_Accu_JB]>>> WC:955 [0:0]  onResume :: mFAR = false, cC = false, cEUI = true
D/widget  ( 2408): [MSC_HERO_Accu_JB]>>> WC:1267 [0:0]  cUI : cnt = 1, mRC  = true
D/Launcher( 2408): ACCESSIBILITY: 0
D/Launcher.HomeFragment( 2408): onResume
D/MenuAppsGridFragment( 2408): onResume
D/AlarmWidget(20789): [AlarmWidgetProvider] onReceive()@@@ com.sec.android.intent.action.HOME_RESUME
I/SurfaceFlinger( 1837): id=726(30) createSurf 0x417f9f34 (480x800),1 flag=0, Mauncher
D/AlarmWidget(20789): [AlarmWidgetProvider] widgetId = -1, selectId =-1
D/AlarmWidget(20789): [AlarmWidgetProvider] ACTION_ALARM_APPWIDGET_UPDATE
D/WindowManager( 2118): PhoneWindowManager: focusChangedLw
D/KeyguardViewMediator( 2118): setHidden false
D/STATUSBAR-StatusBarManagerService( 2118): setSystemUiVisibility(0x0)
D/STATUSBAR-StatusBarManagerService( 2118): manageDisableList what=0x0 pkg=WindowManager.LayoutParams
V/TaskCloserActivity(25969): TaskCloserActivity onReceive() - com.sec.android.intent.action.HOME_RESUME
D/widget  ( 2408): [MSC_HERO_Accu_JB]>>> WC:668 [0:0] mSUDH(): current loc id = cityId:327336, tZ=GMT+0
D/widget  ( 2408): [MSC_HERO_Accu_JB]>>> WC:681 [0:0] ===== mSetUIDataHandler(): day = 8:43 AM, night=3:57 PM
D/widget  ( 2408): [MSC_HERO_Accu_JB]>>> SM:1256 [0:0] sta ani iPA = false, flkDir = 0, iFA = false
D/widget  ( 2408): [MSC_HERO_Accu_JB]>>> WC:1715 [0:0] drw all Tm dt = 1650
D/widget  ( 2408): [MSC_HERO_Accu_JB]>>> SM:516 [0:0] IR : false, IPR : false
I/ClipboardServiceEx( 2118): Send intent for dismiss clipboard dialog inside hideCurrentInputLocked() !
D/dalvikvm( 2408): GC_CONCURRENT freed 1842K, 28% free 19946K/27527K, paused 13ms+15ms, total 117ms
D/KeyguardViewMediator( 2118): setHidden false
D/KeyguardViewMediator( 2118): setHidden false
D/KeyguardViewMediator( 2118): setHidden false
D/KeyguardViewMediator( 2118): setHidden false
D/KeyguardViewMediator( 2118): setHidden false
I/SurfaceFlinger( 1837): id=723 Removed TubSettings idx=4 MapSz=3
I/SurfaceFlinger( 1837): id=723 Removed TubSettings idx=-2 MapSz=3
D/KeyguardViewMediator( 2118): setHidden false
D/KeyguardViewMediator( 2118): setHidden false
D/KeyguardViewMediator( 2118): setHidden false
W/PowerManagerService( 2118): Timer 0x3->0x3|0x0
D/PowerManagerService( 2118): setTimeoutLocked::SmartSleep : after 108300
I/InputReader( 2118): Touch event's action is 0x0 (deviceType=0) [pCnt=1, s=0.1328 ]
I/InputDispatcher( 2118): Delivering touch to current input target: action: 0x0
I/InputDispatcher( 2118): Delivering touch to current input target: action: 0x0
I/InputDispatcher( 2118): Delivering touch to current input target: action: 0x0
I/InputDispatcher( 2118): Delivering touch to current input target: action: 0x0
I/TwDVFSBroadcastReceiver( 2271): onLauncherIntent
D/PowerManager( 2271): DVFSLock :  acquire : timeout : 1000
I/power   ( 2118): *** acquire_dvfs_lock : lockType : 1  freq : 1200000 
V/WindowOrientationListener( 2118): nearestRotation : 0   Angle: 356   tilt: 51
D/PowerManagerService( 2118): acquireDVFSLockLocked : type : DVFS_MIN_LIMIT  frequency : 1200000  uid : 1000  pid : 2271  tag : TwDVFSBroadcastReceiver
I/InputReader( 2118): Touch event's action is 0x1 (deviceType=0) [pCnt=1, s=]
I/InputDispatcher( 2118): Delivering touch to current input target: action: 0x1
D/Launcher.Workspace( 2408): exitWidgetResizeMode State: NORMAL, newDragStarted: false
I/InputDispatcher( 2118): Delivering touch to current input target: action: 0x1
I/InputDispatcher( 2118): Delivering touch to current input target: action: 0x1
I/InputDispatcher( 2118): Delivering touch to current input target: action: 0x1
E/SpannableStringBuilder( 2408): SPAN_EXCLUSIVE_EXCLUSIVE spans cannot have a zero length
E/SpannableStringBuilder( 2408): SPAN_EXCLUSIVE_EXCLUSIVE spans cannot have a zero length
W/SignalStrength( 2118): getGsmLevel=2
W/SignalStrength( 2118): getLevel=2 (SignalStrength: 10 -1 -1 -1 -1 -1 -1 -1 -1 -1 -1 -1 gsm|lte 2)
W/SignalStrength( 2250): getGsmLevel=2
W/SignalStrength( 2250): getLevel=2 (SignalStrength: 10 -1 -1 -1 -1 -1 -1 -1 -1 -1 -1 -1 gsm|lte 2)
W/SignalStrength( 2250): getGsmLevel=2
W/SignalStrength( 2250): getLevel=2 (SignalStrength: 10 -1 -1 -1 -1 -1 -1 -1 -1 -1 -1 -1 gsm|lte 2)
W/SignalStrength( 2118): getGsmDbm=-93
W/SignalStrength( 2118): getDbm=-93
W/SignalStrength( 2118): getGsmLevel=2
W/SignalStrength( 2118): getLevel=2 (SignalStrength: 9 -1 -1 -1 -1 -1 -1 -1 -1 -1 -1 -1 gsm|lte 2)
W/SignalStrength( 2118): getGsmAsuLevel=10
W/SignalStrength( 2118): getAsuLevel=10
D/STATUSBAR-NetworkController( 2250): onSignalStrengthsChanged signalStrength=SignalStrength: 10 -1 -1 -1 -1 -1 -1 -1 -1 -1 -1 -1 gsm|lte 2 level=2
D/STATUSBAR-NetworkController( 2250): refreshSignalCluster: data=0 bt=false
W/SignalStrength( 2118): getGsmDbm=-95
W/SignalStrength( 2118): getDbm=-95
W/SignalStrength( 2118): getGsmAsuLevel=9
W/SignalStrength( 2118): getAsuLevel=9
W/SignalStrength( 2250): getGsmLevel=2
W/SignalStrength( 2250): getLevel=2 (SignalStrength: 9 -1 -1 -1 -1 -1 -1 -1 -1 -1 -1 -1 gsm|lte 2)
W/SignalStrength( 2250): getGsmLevel=2
W/SignalStrength( 2250): getLevel=2 (SignalStrength: 9 -1 -1 -1 -1 -1 -1 -1 -1 -1 -1 -1 gsm|lte 2)
D/STATUSBAR-NetworkController( 2250): onSignalStrengthsChanged signalStrength=SignalStrength: 9 -1 -1 -1 -1 -1 -1 -1 -1 -1 -1 -1 gsm|lte 2 level=2
W/AlarmManager( 2118): FACTORY_ON= 0
W/AlarmManager( 2118): FACTORY_ON= 0
D/STATUSBAR-NetworkController( 2250): refreshSignalCluster: data=0 bt=false
D/SensorManager( 2586): unregisterListener:: Trklfufi 9 pka@,*c(a:(8
D/Sensors ( 2586): Remain listener = Sending .. normal delay 200ms
I/Sensors ( 2586): sendDelay --- 200000000
I/SensorService( 2118): info.selectDelay() ns=200000000  
D/SensorService( 2118): SensorDevice::setDelay, Return(true 1, false 0) =  1
D/SensorManager( 2586): JNI - sendDelay
I/SensorManager( 2586): Set normal delay = true
D/SensorService( 2118): SensorDevice::activating sensor handle=0 ns=200000000 
D/AKMD2   ( 2118): akm_set_delay: accel same delay = 200000000 
I/power   ( 2118): *** release_dvfs_lock : lockType : 1 
D/PowerManagerService( 2118): releaseDVFSLockLocked : all DVFS_MIN_LIMIT are released 
D/dalvikvm( 2586): GC_CONCURRENT freed 761K, 17% free 12351K/14727K, paused 2ms+3ms, total 42ms
D/dalvikvm( 2586): WAIT_FOR_CONCURRENT_GC blocked 36ms
W/AlarmManager( 2118): FACTORY_ON= 0
W/PowerManagerService( 2118): Timer 0x3->0x3|0x0
D/PowerManagerService( 2118): setTimeoutLocked::SmartSleep : after 108300
I/wpa_supplicant( 2785): nl80211: Received scan results (10 BSSes)
D/Tethering( 2118): interfaceLinkStateChanged wlan0, true
D/Tethering( 2118): interfaceStatusChanged wlan0, true
W/AlarmManager( 2118): FACTORY_ON= 0
W/AlarmManager( 2118): FACTORY_ON= 0
D/InputReader( 2118): Input event: value=1
D/RestrictionPolicy( 2118): isHomeKeyEnabled :true
D/dalvikvm( 2586): GC_FOR_ALLOC freed 616K, 18% free 12206K/14727K, paused 48ms, total 48ms
I/dalvikvm-heap( 2586): Grow heap (frag case) to 13.198MB for 81672-byte allocation
D/InputReader( 2118): Input event: value=0
D/dalvikvm( 2586): GC_FOR_ALLOC freed 43K, 18% free 12242K/14855K, paused 37ms, total 37ms
D/RestrictionPolicy( 2118): isHomeKeyEnabled :true
D/RestrictionPolicy( 2118): isHomeKeyEnabled :true
D/dalvikvm( 2586): GC_FOR_ALLOC freed <1K, 18% free 12296K/14855K, paused 47ms, total 47ms
I/dalvikvm-heap( 2586): Grow heap (frag case) to 13.260MB for 55056-byte allocation
D/dalvikvm( 2586): GC_FOR_ALLOC freed 0K, 18% free 12349K/14919K, paused 27ms, total 27ms
D/dalvikvm( 2586): GC_FOR_ALLOC freed 557K, 19% free 12201K/14919K, paused 28ms, total 28ms
E/WifiHW  ( 2118): ##################### set firmware type 0 #####################
D/WifiStateMachine( 2118): setWifiEnabled : WifiNative.setFwType(0)
V/AlarmManager( 2118): waitForAlarm result :4
D/VoIPInterfaceManager( 2118): isVoIPRinging()...
D/VoIPInterfaceManager( 2118):     Not exist call session
D/Launcher.HomeFragment( 2408): onPause
D/Launcher( 2408): onPause, Launcher: 1101642424
D/widget  ( 2408): [MSC_HERO_Accu_JB]>>> WC:1030 [0:0]  onPause 
D/streetlife( 2408): onNewIntent exitAllApps
V/TaskCloserActivity(25969): TaskCloserActivity onReceive() - com.sec.android.intent.action.HOME_PAUSE
D/Launcher.Workspace( 2408): exitWidgetResizeMode State: NORMAL, newDragStarted: false
D/Launcher( 2408): onResume, Launcher: 1101642424
I/ClipboardServiceEx( 2118): Send intent for dismiss clipboard dialog inside hideCurrentInputLocked() !
D/STATUSBAR-NetworkController( 2250): refreshSignalCluster: data=0 bt=false
D/comsamsunglog( 2408): [MSC_HERO_Accu_JB]>>> ====================================================================================================================
D/comsamsunglog( 2408): [MSC_HERO_Accu_JB]>>> widgetappapheroaccuweatherwidget [Version : 12110501] [ 1 ] 
D/comsamsunglog( 2408): [MSC_HERO_Accu_JB]>>> Header set to : ===> "widget" <===
D/comsamsunglog( 2408): [MSC_HERO_Accu_JB]>>> ====================================================================================================================
D/widget  ( 2408): [MSC_HERO_Accu_JB]>>> WC:919 [0:0]  onResume :: fU = true  cEUi = true
D/widget  ( 2408): [MSC_HERO_Accu_JB]>>> WC:2077 [0:0] AR_S_T : 0
D/widget  ( 2408): [MSC_HERO_Accu_JB]>>> WC:955 [0:0]  onResume :: mFAR = false, cC = false, cEUI = true
D/widget  ( 2408): [MSC_HERO_Accu_JB]>>> WC:1267 [0:0]  cUI : cnt = 1, mRC  = true
D/Launcher( 2408): ACCESSIBILITY: 0
D/Launcher.HomeFragment( 2408): onResume
D/MenuAppsGridFragment( 2408): onResume
D/AlarmWidget(20789): [AlarmWidgetProvider] onReceive()@@@ com.sec.android.intent.action.HOME_RESUME
D/AlarmWidget(20789): [AlarmWidgetProvider] widgetId = -1, selectId =-1
D/AlarmWidget(20789): [AlarmWidgetProvider] ACTION_ALARM_APPWIDGET_UPDATE
V/TaskCloserActivity(25969): TaskCloserActivity onReceive() - com.sec.android.intent.action.HOME_RESUME
D/widget  ( 2408): [MSC_HERO_Accu_JB]>>> WC:668 [0:0] mSUDH(): current loc id = cityId:327336, tZ=GMT+0
D/widget  ( 2408): [MSC_HERO_Accu_JB]>>> WC:681 [0:0] ===== mSetUIDataHandler(): day = 8:43 AM, night=3:57 PM
D/widget  ( 2408): [MSC_HERO_Accu_JB]>>> SM:1256 [0:0] sta ani iPA = false, flkDir = 0, iFA = false
D/widget  ( 2408): [MSC_HERO_Accu_JB]>>> WC:1715 [0:0] drw all Tm dt = 1650
D/widget  ( 2408): [MSC_HERO_Accu_JB]>>> SM:516 [0:0] IR : false, IPR : false
W/SignalStrength( 2250): getGsmLevel=3
W/SignalStrength( 2250): getLevel=3 (SignalStrength: 9 -1 -1 -1 -1 -1 -1 -1 -1 -1 -1 -1 gsm|lte 3)
W/SignalStrength( 2250): getGsmLevel=3
W/SignalStrength( 2250): getLevel=3 (SignalStrength: 9 -1 -1 -1 -1 -1 -1 -1 -1 -1 -1 -1 gsm|lte 3)
W/SignalStrength( 2118): getGsmLevel=3
W/SignalStrength( 2118): getLevel=3 (SignalStrength: 9 -1 -1 -1 -1 -1 -1 -1 -1 -1 -1 -1 gsm|lte 3)
D/STATUSBAR-NetworkController( 2250): onSignalStrengthsChanged signalStrength=SignalStrength: 9 -1 -1 -1 -1 -1 -1 -1 -1 -1 -1 -1 gsm|lte 3 level=3
D/STATUSBAR-NetworkController( 2250): refreshSignalCluster: data=0 bt=false
W/SignalStrength( 2118): getGsmDbm=-95
W/SignalStrength( 2118): getDbm=-95
W/SignalStrength( 2118): getGsmAsuLevel=9
W/SignalStrength( 2118): getAsuLevel=9
W/AlarmManager( 2118): FACTORY_ON= 0
W/PowerManagerService( 2118): Timer 0x3->0x3|0x0
D/PowerManagerService( 2118): setTimeoutLocked::SmartSleep : after 108300
I/InputReader( 2118): Touch event's action is 0x0 (deviceType=0) [pCnt=1, s=0.1329 ]
I/InputDispatcher( 2118): Delivering touch to current input target: action: 0x0
I/InputDispatcher( 2118): Delivering touch to current input target: action: 0x0
I/InputDispatcher( 2118): Delivering touch to current input target: action: 0x0
I/InputDispatcher( 2118): Delivering touch to current input target: action: 0x0
D/STATUSBAR-NetworkController( 2250): refreshSignalCluster: data=0 bt=false
I/InputReader( 2118): Touch event's action is 0x1 (deviceType=0) [pCnt=1, s=]
I/InputDispatcher( 2118): Delivering touch to current input target: action: 0x1
I/InputDispatcher( 2118): Delivering touch to current input target: action: 0x1
I/InputDispatcher( 2118): Delivering touch to current input target: action: 0x1
I/InputDispatcher( 2118): Delivering touch to current input target: action: 0x1
D/Launcher.Workspace( 2408): exitWidgetResizeMode State: NORMAL, newDragStarted: false
I/TwDVFSBroadcastReceiver( 2271): onLauncherIntent
D/PowerManager( 2271): DVFSLock :  acquire : timeout : 1000
D/PowerManagerService( 2118): acquireDVFSLockLocked : type : DVFS_MIN_LIMIT  frequency : 1200000  uid : 1000  pid : 2271  tag : TwDVFSBroadcastReceiver
I/power   ( 2118): *** acquire_dvfs_lock : lockType : 1  freq : 1200000 
E/Watchdog( 2118): !@Sync 2528
I/power   ( 2118): *** release_dvfs_lock : lockType : 1 
D/PowerManagerService( 2118): releaseDVFSLockLocked : all DVFS_MIN_LIMIT are released 
W/PowerManagerService( 2118): Timer 0x3->0x3|0x0
D/PowerManagerService( 2118): setTimeoutLocked::SmartSleep : after 108300
W/SignalStrength( 2118): getGsmLevel=3
W/SignalStrength( 2250): getGsmLevel=3
W/SignalStrength( 2250): getLevel=3 (SignalStrength: 10 -1 -1 -1 -1 -1 -1 -1 -1 -1 -1 -1 gsm|lte 3)
W/SignalStrength( 2250): getGsmLevel=3
W/SignalStrength( 2250): getLevel=3 (SignalStrength: 10 -1 -1 -1 -1 -1 -1 -1 -1 -1 -1 -1 gsm|lte 3)
D/STATUSBAR-NetworkController( 2250): onSignalStrengthsChanged signalStrength=SignalStrength: 10 -1 -1 -1 -1 -1 -1 -1 -1 -1 -1 -1 gsm|lte 3 level=3
W/SignalStrength( 2118): getLevel=3 (SignalStrength: 10 -1 -1 -1 -1 -1 -1 -1 -1 -1 -1 -1 gsm|lte 3)
W/SignalStrength( 2118): getGsmDbm=-93
W/SignalStrength( 2118): getDbm=-93
W/SignalStrength( 2118): getGsmAsuLevel=10
W/SignalStrength( 2118): getAsuLevel=10
W/AlarmManager( 2118): FACTORY_ON= 0
V/AlarmManager( 2118): waitForAlarm result :8
V/AlarmManager( 2118): ClockReceiver onReceive() ACTION_TIME_TICK
W/AlarmManager( 2118): FACTORY_ON= 0
D/STATUSBAR-Clock( 2250): onReceive() - ACTION_TIME_TICK
D/TextLayoutCache( 2250): Cache value 0x52fd5dd8 deleted, size = 2224
I/InputReader( 2118): Touch event's action is 0x0 (deviceType=0) [pCnt=1, s=0.1330 ]
I/InputDispatcher( 2118): Delivering touch to current input target: action: 0x0
I/InputDispatcher( 2118): Delivering touch to current input target: action: 0x0
I/InputDispatcher( 2118): Delivering touch to current input target: action: 0x0
I/InputDispatcher( 2118): Delivering touch to current input target: action: 0x0
D/STATUSBAR-Clock( 2250): onReceive() - ACTION_TIME_TICK
D/widget  ( 2408): [MSC_HERO_Accu_JB]>>> SM:1288 [0:0] bTCC WCV = 200
D/widget  ( 2408): [MSC_HERO_Accu_JB]>>> WC:1691 [0:0] drw 2nd Tm dt = 1651
D/ClockAlarmWidgetService(25159): [ClockAlarmWidgetService] onReceive: action = android.intent.action.TIME_TICK
E/ClockAlarmWidget(25159): [AlarmWidgetIdManager] getListItem() : itemIndex=0, widgetID:1
E/ClockAlarmWidget(25159): [AlarmWidgetIdManager] getListItem() : ItemIndex exceed ListItemCount. itemIndex=1
E/ClockAlarmWidget(25159): [AlarmWidgetIdManager] getListItem() : itemIndex=1, widgetID:1
D/ClockAlarmDataProvider(25159): getAlarm() - too many same ID alarm data. nCount: 0
I/InputReader( 2118): Touch event's action is 0x1 (deviceType=0) [pCnt=1, s=]
I/InputDispatcher( 2118): Delivering touch to current input target: action: 0x1
I/InputDispatcher( 2118): Delivering touch to current input target: action: 0x1
I/InputDispatcher( 2118): Delivering touch to current input target: action: 0x1
I/InputDispatcher( 2118): Delivering touch to current input target: action: 0x1
I/TwDVFSBroadcastReceiver( 2271): onLauncherIntent
D/PowerManager( 2271): DVFSLock :  acquire : timeout : 1000
I/power   ( 2118): *** acquire_dvfs_lock : lockType : 1  freq : 1200000 
D/PowerManagerService( 2118): acquireDVFSLockLocked : type : DVFS_MIN_LIMIT  frequency : 1200000  uid : 1000  pid : 2271  tag : TwDVFSBroadcastReceiver
V/AlarmManager( 2118): waitForAlarm result :4
V/AlarmManager( 2118): trigger ELAPSED_REALTIME_WAKEUP or RTC_WAKEUP
D/SensorService( 2118): info.rates.add, set DEFAULT_EVENTS_PERIOD
D/SensorService( 2118): SensorDevice::activating sensor handle=0 ns=200000000 
D/AKMD2   ( 2118): akm_set_delay: accel same delay = 200000000 
I/SensorService( 2118): info.selectDelay() ns=5000000  
D/SensorService( 2118): SensorDevice::setDelay, Return(true 1, false 0) =  1
D/SensorManager( 2586): registerListener :: handle = 0  name= K3DH Acceleration Sensor delay= 0 Trklfufi 9 pka@,*dbef/8
D/STATUSBAR-NetworkController( 2250): refreshSignalCluster: data=0 bt=false
I/InputReader( 2118): Touch event's action is 0x0 (deviceType=0) [pCnt=1, s=0.1331 ]
I/InputDispatcher( 2118): Delivering touch to current input target: action: 0x0
I/InputDispatcher( 2118): Delivering touch to current input target: action: 0x0
I/InputDispatcher( 2118): Delivering touch to current input target: action: 0x0
I/InputDispatcher( 2118): Delivering touch to current input target: action: 0x0
I/power   ( 2118): *** release_dvfs_lock : lockType : 1 
D/PowerManagerService( 2118): releaseDVFSLockLocked : all DVFS_MIN_LIMIT are released 
I/TwDVFSBroadcastReceiver( 2271): onLauncherIntent
D/PowerManager( 2271): DVFSLock :  acquire : timeout : 1000
I/power   ( 2118): *** acquire_dvfs_lock : lockType : 1  freq : 1200000 
D/PowerManagerService( 2118): acquireDVFSLockLocked : type : DVFS_MIN_LIMIT  frequency : 1200000  uid : 1000  pid : 2271  tag : TwDVFSBroadcastReceiver
I/InputReader( 2118): Touch event's action is 0x1 (deviceType=0) [pCnt=1, s=]
I/InputDispatcher( 2118): Delivering touch to current input target: action: 0x1
I/InputDispatcher( 2118): Delivering touch to current input target: action: 0x1
I/InputDispatcher( 2118): Delivering touch to current input target: action: 0x1
I/InputDispatcher( 2118): Delivering touch to current input target: action: 0x1
D/PowerManagerService( 2118): acquireDVFSLockLocked : type : DVFS_MIN_LIMIT  frequency : 1000000  uid : 1000  pid : 2118  tag : ActivityManager
W/ActivityManager( 2118): mDVFSLock.acquire()
D/Launcher.HomeFragment( 2408): onPause
D/Launcher( 2408): onPause, Launcher: 1101642424
D/widget  ( 2408): [MSC_HERO_Accu_JB]>>> WC:1030 [0:0]  onPause 
V/TaskCloserActivity(25969): TaskCloserActivity onReceive() - com.sec.android.intent.action.HOME_PAUSE
I/SurfaceFlinger( 1837): id=727(63) createSurf 0x41087d7c (1x1),1 flag=400, mocation
D/KeyguardViewMediator( 2118): setHidden false
D/dalvikvm(26424): Late-enabling CheckJNI
D/KeyguardViewMediator( 2118): setHidden false
V/WindowManager( 2118): rotationForOrientationLw(orient=1, last=0); user=0  mLidState=-1 mDockMode=0 mHdmiPlugged=false mAccelerometerDefault=false sensorRotation=0
D/WindowManager( 2118): PhoneWindowManager: focusChangedLw
D/KeyguardViewMediator( 2118): setHidden false
D/Launcher( 2408): onTrimMemory. Level: 20
D/KeyguardViewMediator( 2118): setHidden false
D/WindowManager( 2118): mInputFocus is not null.
D/WindowManager( 2118): mInputFocus is not null.
D/WindowManager( 2118): mInputFocus is not null.
D/WindowManager( 2118): mInputFocus is not null.
D/WindowManager( 2118): mInputFocus is not null.
D/KeyguardViewMediator( 2118): setHidden false
D/WindowManager( 2118): mInputFocus is not null.
W/ActivityThread(26424): Application com.example.android.location can be debugged on port 8100...
D/KeyguardViewMediator( 2118): setHidden false
D/WindowManager( 2118): mInputFocus is not null.
D/WindowManager( 2118): mInputFocus is not null.
D/dalvikvm(26424): GC_CONCURRENT freed 165K, 14% free 9631K/11079K, paused 17ms+12ms, total 70ms
I/webclipboard(26424): clipservice: android.sec.clipboard.ClipboardExManager@41a69830
D/dalvikvm( 2118): GC_CONCURRENT freed 1683K, 31% free 24679K/35335K, paused 16ms+14ms, total 231ms
D/FirewallPolicy( 2118): getURLFilterEnabled(true)
D/FirewallPolicy( 2118): isUrlBlocked - Policy disabled
D/WebView (26424): loadUrlImpl: called
V/webkit  (26424): BrowserFrame constructor: this=Handler (android.webkit.BrowserFrame) {41ac6428}
D/webcore (26424):  CORE loadUrl: called
D/webkit  (26424): Firewall not null
D/FirewallPolicy( 2118): getURLFilterEnabled(true)
D/FirewallPolicy( 2118): isUrlBlocked - Policy disabled
D/webkit  (26424): euler: isUrlBlocked = false
D/FirewallPolicy( 2118): getURLFilterEnabled(true)
D/FirewallPolicy( 2118): isUrlBlocked - Policy disabled
V/SoundPoolThread(26424): beginThread
V/SoundPoolThread(26424): run
D/KeyguardViewMediator( 2118): setHidden false
I/SurfaceFlinger( 1837): id=726 Removed Mauncher idx=2 MapSz=3
I/SurfaceFlinger( 1837): id=726 Removed Mauncher idx=-2 MapSz=3
D/KeyguardViewMediator( 2118): setHidden false
D/WindowManager( 2118): mInputFocus is not null.
D/WindowManager( 2118): mInputFocus is not null.
D/Geofence(26424): restoreInstanceState: savedInstanceState is null
D/Geofence(26424): onResume has been called
D/Geofence(26424): onResume: KEY_UPDATES_REQUESTED
D/Geofence(26424): onResume: nothing to restore for mActiveDialog: NULLString
D/Geofence(26424): onResume mCurrentGeofences.size() == 0
D/Geofence(26424): SimpleGeofenceStore: getGeofenceIds() could no persisted ids
D/Geofence(26424): onResume: gfIds empty
D/Geofence(26424): onResume mCurrentGeofences.size() STILL == 0 OBTAINING GEOFENCES
D/Geofence(26424): get string extra birdnull from intent Intent { act=android.intent.action.MAIN cat=[android.intent.category.LAUNCHER] flg=0x10200000 cmp=com.example.android.location/.WebViewActivity }
D/STATUSBAR-NotificationService( 2118): cancelAllNotifications()
D/dalvikvm( 2118): WAIT_FOR_CONCURRENT_GC blocked 0ms
D/dalvikvm(26424): GC_CONCURRENT freed 305K, 15% free 9802K/11399K, paused 2ms+12ms, total 34ms
D/FirewallPolicy( 2118): getURLFilterEnabled(true)
D/FirewallPolicy( 2118): isUrlBlocked - Policy disabled
D/FirewallPolicy( 2118): getURLFilterEnabled(true)
D/FirewallPolicy( 2118): isUrlBlocked - Policy disabled
D/dalvikvm( 2118): GC_EXPLICIT freed 436K, 32% free 24313K/35335K, paused 5ms+15ms, total 207ms
D/Geofence(26424): BackgroundAudioService:onCreate
D/WindowManager( 2118): mInputFocus is not null.
D/STATUSBAR-NetworkController( 2250): refreshSignalCluster: data=0 bt=false
I/SurfaceFlinger( 1837): id=728(1) createSurf 0x42292714 (1x1),1 flag=400, XebViewActi
D/WindowManager( 2118): PhoneWindowManager: focusChangedLw
D/KeyguardViewMediator( 2118): setHidden false
D/STATUSBAR-StatusBarManagerService( 2118): setSystemUiVisibility(0x0)
D/STATUSBAR-StatusBarManagerService( 2118): manageDisableList what=0x0 pkg=WindowManager.LayoutParams
D/libEGL  (26424): loaded /system/lib/egl/libEGL_mali.so
D/libEGL  (26424): loaded /system/lib/egl/libGLESv1_CM_mali.so
D/libEGL  (26424): loaded /system/lib/egl/libGLESv2_mali.so
D/        (26424): Device driver API match
D/        (26424): Device driver API version: 10
D/        (26424): User space API version: 10 
D/        (26424): mali: REVISION=Linux-r2p4-02rel0 BUILD_DATE=Thu Oct 25 08:43:05 KST 2012 
D/OpenGLRenderer(26424): Enabling debug mode 0
D/WebView (26424): onSizeChanged - w:480 h:690
D/Geofence(26424): Connected to BackgroundAudioService
D/Geofence(26424): WebViewActivity:onConnected []
D/GpsLocationProvider( 2118): setMinTime 5000
I/LocationManagerService( 2118): request gps (pid 2586) 5000 5000
D/SensorService( 2118): sensor was already activated for this ident
D/SensorService( 2118): SensorDevice::activating sensor handle=0 ns=5000000 
D/AKMD2   ( 2118): akm_set_delay: accel same delay = 5000000 
I/SensorService( 2118): info.selectDelay() ns=5000000  
D/AKMD2   ( 2118): akm_set_delay: accel same delay = 5000000 
D/SensorService( 2118): SensorDevice::setDelay, Return(true 1, false 0) =  1
D/SensorManager( 2586): registerListener :: handle = 0  name= K3DH Acceleration Sensor delay= 20000 Trklfufi 9 pox@,*bf+(,(
D/SensorService( 2118): info.rates.add, set DEFAULT_EVENTS_PERIOD
D/SensorService( 2118): SensorDevice::activating sensor handle=0 ns=5000000 
D/AKMD2   ( 2118): akm_set_delay: accel same delay = 5000000 
D/SensorService( 2118): info.rates.add, set DEFAULT_EVENTS_PERIOD
D/AKMD2   ( 2118): akm_set_delay: accel same delay = 5000000 
D/SensorService( 2118): SensorDevice::activate  (enable 1, disable 0) = 1
D/SensorService( 2118): activating sensor enable handle=1 
D/GpsLocationProvider( 2118): startNavigating
D/SensorService( 2118): activating sensor enable, Done!
D/SensorService( 2118): SensorDevice::activating sensor handle=1 ns=200000000 
D/AKMD2   ( 2118): akm_set_delay: accel same delay = 5000000 
D/SensorService( 2118): info.rates.add, set DEFAULT_EVENTS_PERIOD
D/SensorService( 2118): SensorDevice::activate  (enable 1, disable 0) = 1
D/SensorService( 2118): activating sensor enable handle=5 
D/SensorService( 2118): activating sensor enable, Done!
D/SensorService( 2118): SensorDevice::activating sensor handle=5 ns=200000000 
I/SensorService( 2118): info.selectDelay() ns=5000000  
D/AKMD2   ( 2118): akm_set_delay: accel same delay = 5000000 
D/SensorService( 2118): SensorDevice::setDelay, Return(true 1, false 0) =  1
I/SensorService( 2118): info.selectDelay() ns=20000000  
D/AKMD2   ( 2118): akm_set_delay: accel same delay = 5000000 
D/SensorService( 2118): SensorDevice::setDelay, Return(true 1, false 0) =  1
I/SensorService( 2118): info.selectDelay() ns=5000000  
D/SensorService( 2118): SensorDevice::setDelay, Return(true 1, false 0) =  1
D/GpsLocationProvider( 2118): getSKAFEnable : false
V/GpsLocationProvider( 2118): reportStatus status: 3
V/GpsLocationProvider( 2118): reportStatus status: 1
D/GpsLocationProvider( 2118): send an intent to notify that the GPS has been enabled or disabled mNavigating = true
D/SensorManager( 2586): registerListener :: handle = 1601335158  name= Rotation Vector Sensor delay= 200000 Trklfufi 9 pnx@,*b.dd*8
E/WifiHW  ( 2118): ##################### set firmware type 0 #####################
D/WifiStateMachine( 2118): setWifiEnabled : WifiNative.setFwType(0)
D/WifiService( 2118): startScan: false pid=2586, uid=10017
W/AlarmManager( 2118): FACTORY_ON= 0
D/StatusBar.LocationController( 2250): onReceive: [GPS ICON]
D/StatusBar.LocationController( 2250): onReceive: [GPS ICON] GPS is on, but not receiving fixes
W/AlarmManager( 2118): FACTORY_ON= 0
D/ApplicationPolicy( 2118): isStatusBarNotificationAllowed: packageName = com.android.systemui
I/wpa_supplicant( 2785): Scan requested (ret=0) - scan timeout 30 seconds
I/power   ( 2118): *** acquire_dvfs_lock : lockType : 1  freq : 1000000 
D/STATUSBAR-NotificationService( 2118): Noti Alert - mSystemReady:true, AlertEnabled:true
D/PowerManagerService( 2118): releaseDVFSLockLocked : remain DVFS_MIN_LIMIT : next : 1000000
D/PhoneStatusBar( 2250): addNotification score=10
W/ResourceType(26424): Failure getting entry for 0x010802c1 (t=7 e=705) in package 0 (error -75)
W/ResourceType(26424): Failure getting entry for 0x010802c1 (t=7 e=705) in package 0 (error -75)
W/ResourceType(26424): Failure getting entry for 0x010802c1 (t=7 e=705) in package 0 (error -75)
D/StatusBar( 2250): expanding top notification at 3entry.userCollapsed() = false
D/KeyguardViewMediator( 2118): setHidden false
I/ClipboardServiceEx( 2118): Send intent for dismiss clipboard dialog inside hideCurrentInputLocked() !
I/power   ( 2118): *** release_dvfs_lock : lockType : 1 
D/KeyguardViewMediator( 2118): setHidden false
D/PowerManagerService( 2118): releaseDVFSLockLocked : all DVFS_MIN_LIMIT are released 
W/ActivityManager( 2118): mDVFSLock.release()
D/KeyguardViewMediator( 2118): setHidden false
D/Launcher.HomeFragment( 2408): onStop
D/Launcher( 2408): onStop, Launcher: 1101642424
D/KeyguardViewMediator( 2118): setHidden false
I/SurfaceFlinger( 1837): id=727 Removed mocation idx=4 MapSz=3
I/SurfaceFlinger( 1837): id=727 Removed mocation idx=-2 MapSz=3
D/KeyguardViewMediator( 2118): setHidden false
D/KeyguardViewMediator( 2118): setHidden false
W/PowerManagerService( 2118): Timer 0x3->0x3|0x0
D/PowerManagerService( 2118): setTimeoutLocked::SmartSleep : after 108300
D/dalvikvm(26424): GC_CONCURRENT freed 304K, 14% free 9932K/11527K, paused 21ms+10ms, total 100ms
V/WindowOrientationListener( 2118): nearestRotation : 0   Angle: 349   tilt: 59
D/SensorManager( 2586): unregisterListener:: Trklfufi 9 pka@,*dbef/8
I/SensorManager( 2586): Set min delay = 20000
I/SensorManager( 2586): Before sending... delay = 20000
D/Sensors ( 2586): Remain listener = hwx@41ae3040
I/Sensors ( 2586): sendDelay --- 20000000
I/SensorService( 2118): info.selectDelay() ns=20000000  
D/SensorService( 2118): SensorDevice::setDelay, Return(true 1, false 0) =  1
D/SensorManager( 2586): JNI - sendDelay
W/AlarmManager( 2118): FACTORY_ON= 0
W/AlarmManager( 2118): FACTORY_ON= 0
D/Geofence(26424): adding BackgroundGeofences
D/Geofence(26424): Parsed geofence audio object: id: 1 lat: 55.9494252 lon:-3.1197155 radius:230.0 duration:1200000 transitions: 3 track:backgroundrobotfactory loop:true vary_volume:true
D/Geofence(26424): Parsed geofence audio object: id: 2 lat: 55.9494252 lon:-3.1197155 radius:48.0 duration:1200000 transitions: 3 track:backgroundpwp loop:false vary_volume:false
